
Discarded input sections

 .data          0x0000000000000000        0x0 arch/arm/cpu/armv8/start.o
 .bss           0x0000000000000000        0x0 arch/arm/cpu/armv8/start.o
 .text.bcmbca_pinmux_set
                0x0000000000000000       0x1c arch/arm/mach-bcmbca/built-in.o
 .text.get_cma_alignment_from_dt
                0x0000000000000000       0x9c arch/arm/mach-bcmbca/built-in.o
 .text.set_reserved_memory
                0x0000000000000000      0x53c arch/arm/mach-bcmbca/built-in.o
 .text.update_uboot_fdt
                0x0000000000000000      0x1f8 arch/arm/mach-bcmbca/built-in.o
 .text.get_nr_cpus
                0x0000000000000000        0x8 arch/arm/mach-bcmbca/built-in.o
 .text.ft_update_cpu_nodes
                0x0000000000000000       0xcc arch/arm/mach-bcmbca/built-in.o
 .text.ft_system_setup
                0x0000000000000000      0xc74 arch/arm/mach-bcmbca/built-in.o
 .text.dtb_getprop
                0x0000000000000000       0x5c arch/arm/mach-bcmbca/built-in.o
 .text.dtb_get_addr_size_cells
                0x0000000000000000       0xb4 arch/arm/mach-bcmbca/built-in.o
 .text._dtb_getprop_cma_rsv_param
                0x0000000000000000       0x78 arch/arm/mach-bcmbca/built-in.o
 .text.dtb_delnode
                0x0000000000000000       0x3c arch/arm/mach-bcmbca/built-in.o
 .text._dtb_setprop_cma_rsvmem_size
                0x0000000000000000       0xd8 arch/arm/mach-bcmbca/built-in.o
 .text.dtb_set_reserved_memory
                0x0000000000000000      0x1bc arch/arm/mach-bcmbca/built-in.o
 .text.dtb_del_cma_rsvmem_device
                0x0000000000000000       0xac arch/arm/mach-bcmbca/built-in.o
 .text.dtb_get_prop
                0x0000000000000000        0x4 arch/arm/mach-bcmbca/built-in.o
 .text.dtb_getprop_reg
                0x0000000000000000      0x188 arch/arm/mach-bcmbca/built-in.o
 .text.dtb_getprop_cma_rsv_param
                0x0000000000000000       0xe4 arch/arm/mach-bcmbca/built-in.o
 .text.dtb_getprop_cma_rsvmem_size
                0x0000000000000000       0x10 arch/arm/mach-bcmbca/built-in.o
 .text.dtb_setprop_cma_rsvmem_size
                0x0000000000000000       0xd8 arch/arm/mach-bcmbca/built-in.o
 .text.dtb_del_cma_rsvmem
                0x0000000000000000       0xc4 arch/arm/mach-bcmbca/built-in.o
 .text.dtb_del_reserved_memory
                0x0000000000000000       0x68 arch/arm/mach-bcmbca/built-in.o
 .text.dtb_set_bootargs
                0x0000000000000000      0x1b8 arch/arm/mach-bcmbca/built-in.o
 .text.boost_cpu_clock
                0x0000000000000000       0xc4 arch/arm/mach-bcmbca/built-in.o
 .text.bcmbca_get_chipid
                0x0000000000000000       0x80 arch/arm/mach-bcmbca/built-in.o
 .text.SendAndWait
                0x0000000000000000      0x18c arch/arm/mach-bcmbca/built-in.o
 .text.SendCommand
                0x0000000000000000       0x68 arch/arm/mach-bcmbca/built-in.o
 .text.GetRevision
                0x0000000000000000       0x90 arch/arm/mach-bcmbca/built-in.o
 .text.read_bpcm_reg_direct
                0x0000000000000000       0x58 arch/arm/mach-bcmbca/built-in.o
 .text.write_bpcm_reg_direct
                0x0000000000000000       0x60 arch/arm/mach-bcmbca/built-in.o
 .text.GetPVT   0x0000000000000000      0x118 arch/arm/mach-bcmbca/built-in.o
 .text.GetRCalSetting
                0x0000000000000000        0x8 arch/arm/mach-bcmbca/built-in.o
 .text.ReadBPCMRegister
                0x0000000000000000        0x4 arch/arm/mach-bcmbca/built-in.o
 .text.ReadZoneRegister
                0x0000000000000000       0x24 arch/arm/mach-bcmbca/built-in.o
 .text.WriteBPCMRegister
                0x0000000000000000        0x4 arch/arm/mach-bcmbca/built-in.o
 .text.WriteZoneRegister
                0x0000000000000000       0x24 arch/arm/mach-bcmbca/built-in.o
 .text.PowerOnZone
                0x0000000000000000       0x90 arch/arm/mach-bcmbca/built-in.o
 .text.PowerOnDevice
                0x0000000000000000       0x7c arch/arm/mach-bcmbca/built-in.o
 .text.PowerOffZone
                0x0000000000000000       0x70 arch/arm/mach-bcmbca/built-in.o
 .text.PowerOffDevice
                0x0000000000000000       0x78 arch/arm/mach-bcmbca/built-in.o
 .text.ResetDevice
                0x0000000000000000       0x7c arch/arm/mach-bcmbca/built-in.o
 .text.ResetZone
                0x0000000000000000       0x84 arch/arm/mach-bcmbca/built-in.o
 .text.CloseAVS
                0x0000000000000000       0xa8 arch/arm/mach-bcmbca/built-in.o
 .text.PMCcmd   0x0000000000000000        0x8 arch/arm/mach-bcmbca/built-in.o
 .text.WaitPmc  0x0000000000000000      0x218 arch/arm/mach-bcmbca/built-in.o
 .text.StallPmc
                0x0000000000000000        0x8 arch/arm/mach-bcmbca/built-in.o
 .text.UnstallPmc
                0x0000000000000000        0x8 arch/arm/mach-bcmbca/built-in.o
 .text.pmc_initmode
                0x0000000000000000       0x2c arch/arm/mach-bcmbca/built-in.o
 .text.pmc_reset
[...]
Memory Configuration

Name             Origin             Length             Attributes
.sram            0x0000000082612000 0x0000000000020000
.sdram           0x0000000082640000 0x0000000000008000
*default*        0x0000000000000000 0xffffffffffffffff

Linker script and memory map


.text           0x0000000082612000    0x12310
                0x0000000082612000                . = ALIGN (0x8)
 *(.__image_copy_start)
 arch/arm/cpu/armv8/start.o(.text*)
 .text          0x0000000082612000      0x110 arch/arm/cpu/armv8/start.o
                0x0000000082612000                _start
                0x0000000082612008                _TEXT_BASE
                0x0000000082612010                _end_ofs
                0x0000000082612018                _bss_start_ofs
                0x0000000082612020                _bss_end_ofs
                0x000000008261202c                save_boot_params_ret
                0x0000000082612084                apply_core_errata
                0x00000000826120c0                lowlevel_init
                0x00000000826120e0                smp_kick_all_cpus
                0x00000000826120ec                c_runtime_cpu_setup
 *(.text*)
 *fill*         0x0000000082612110       0xf0 
 .text          0x0000000082612200       0xd8 arch/arm/mach-bcmbca/built-in.o
                0x0000000082612200                boot_params
                0x0000000082612204                save_boot_params
                0x0000000082612224                armv8_el2_to_aarch32
 .text.mmu_setup
                0x00000000826122d8      0x110 arch/arm/mach-bcmbca/built-in.o
                0x00000000826122d8                mmu_setup
 .text.enable_caches
                0x00000000826123e8       0x14 arch/arm/mach-bcmbca/built-in.o
                0x00000000826123e8                enable_caches
 .text.__stack_chk_fail
                0x00000000826123fc       0x24 arch/arm/mach-bcmbca/built-in.o
                0x00000000826123fc                __stack_chk_fail
 .text.bcm_setsw
                0x0000000082612420       0x9c arch/arm/mach-bcmbca/built-in.o
                0x0000000082612420                bcm_setsw
 .text.bcmbca_enable_memc_sram
                0x00000000826124bc       0x70 arch/arm/mach-bcmbca/built-in.o
                0x00000000826124bc                bcmbca_enable_memc_sram
 .text.bcmbca_disable_memc_sram
                0x000000008261252c       0x10 arch/arm/mach-bcmbca/built-in.o
                0x000000008261252c                bcmbca_disable_memc_sram
 .text.arch_cpu_init
                0x000000008261253c       0x7c arch/arm/mach-bcmbca/built-in.o
                0x000000008261253c                arch_cpu_init
 .text.pmc_1_x_unmap
                0x00000000826125b8        0x4 arch/arm/mach-bcmbca/built-in.o
 .text.dt_parse_1_x
                0x00000000826125bc       0xd4 arch/arm/mach-bcmbca/built-in.o
 .text.dt_parse_lite
                0x0000000082612690       0x90 arch/arm/mach-bcmbca/built-in.o
 .text.dt_parse_3_x
                0x0000000082612720      0x11c arch/arm/mach-bcmbca/built-in.o
 .text.pmc_lite_unmap
                0x000000008261283c        0x4 arch/arm/mach-bcmbca/built-in.o
 .text.pmc_3_x_unmap
                0x0000000082612840        0x4 arch/arm/mach-bcmbca/built-in.o
 .text.otp_hw_cmn_init
                0x0000000082612844       0x70 arch/arm/mach-bcmbca/built-in.o
                0x000000008261284c                otp_hw_cmn_init
 .text.sotp_hw_cmn_init
                0x00000000826128b4       0x70 arch/arm/mach-bcmbca/built-in.o
                0x00000000826128bc                sotp_hw_cmn_init
 .text.bcm_otp_init
                0x0000000082612924      0x114 arch/arm/mach-bcmbca/built-in.o
                0x0000000082612924                bcm_otp_init
 .text.bcm_otp_deinit
                0x0000000082612a38       0x70 arch/arm/mach-bcmbca/built-in.o
                0x0000000082612a38                bcm_otp_deinit
 .text.bcm_otp  0x0000000082612aa8       0x28 arch/arm/mach-bcmbca/built-in.o
                0x0000000082612aa8                bcm_otp
 .text._get_map
                0x0000000082612ad0       0x28 arch/arm/mach-bcmbca/built-in.o
 .text.bcm_otp_read
                0x0000000082612af8       0x40 arch/arm/mach-bcmbca/built-in.o
                0x0000000082612af8                bcm_otp_read
 .text.bcm_otp_ctl
                0x0000000082612b38       0x34 arch/arm/mach-bcmbca/built-in.o
                0x0000000082612b38                bcm_otp_ctl
 .text.bcm_sotp_ctl_perm
                0x0000000082612b6c       0xcc arch/arm/mach-bcmbca/built-in.o
                0x0000000082612b6c                bcm_sotp_ctl_perm
 .text.__get_addr
                0x0000000082612c38       0x4c arch/arm/mach-bcmbca/built-in.o
 .text.otp_map_cmn_read
                0x0000000082612c84      0x188 arch/arm/mach-bcmbca/built-in.o
 .text.otp_map_cmn_write
                0x0000000082612e0c      0x194 arch/arm/mach-bcmbca/built-in.o
 .text.otp_map_cmn_ctl
                0x0000000082612fa0       0xe8 arch/arm/mach-bcmbca/built-in.o
 .text.otp_map_cmn_malloc
                0x0000000082613088        0x4 arch/arm/mach-bcmbca/built-in.o
                0x0000000082613088                otp_map_cmn_malloc
 .text.otp_map_cmn_deinit
                0x000000008261308c       0x70 arch/arm/mach-bcmbca/built-in.o
                0x000000008261308c                otp_map_cmn_deinit
 .text.otp_map_cmn_init
                0x00000000826130fc      0x100 arch/arm/mach-bcmbca/built-in.o
                0x00000000826130fc                otp_map_cmn_init
 .text.write    0x00000000826131fc       0x34 arch/arm/mach-bcmbca/built-in.o
 .text.read     0x0000000082613230       0x34 arch/arm/mach-bcmbca/built-in.o
 .text.otp_hw_writel
                0x0000000082613264       0x14 arch/arm/mach-bcmbca/built-in.o
                0x0000000082613264                otp_hw_writel
 .text.otp_hw_readl
                0x0000000082613278       0x14 arch/arm/mach-bcmbca/built-in.o
                0x0000000082613278                otp_hw_readl
 .text.otp_wait_cmd_done
                0x000000008261328c       0x48 arch/arm/mach-bcmbca/built-in.o
 .text.otp_hw_cpu_lock
                0x00000000826132d4        0x8 arch/arm/mach-bcmbca/built-in.o
                0x00000000826132d4                otp_hw_cpu_lock
 .text.otp_hw_cpu_unlock
                0x00000000826132dc        0x4 arch/arm/mach-bcmbca/built-in.o
                0x00000000826132dc                otp_hw_cpu_unlock
 .text.otp_auth_prog_mode
                0x00000000826132e0      0x168 arch/arm/mach-bcmbca/built-in.o
 .text.otp_auth_prog_mode_done
                0x0000000082613448       0x50 arch/arm/mach-bcmbca/built-in.o
 .text.otp_hw_cmn_ctl
                0x0000000082613498       0x98 arch/arm/mach-bcmbca/built-in.o
                0x0000000082613498                otp_hw_cmn_ctl
 .text.otp_hw_set_ecc
                0x0000000082613530       0x1c arch/arm/mach-bcmbca/built-in.o
                0x0000000082613538                otp_hw_set_ecc
 .text.otp_hw_write
                0x000000008261354c      0x10c arch/arm/mach-bcmbca/built-in.o
                0x000000008261354c                otp_hw_write
 .text.otp_hw_get_ecc
                0x0000000082613658       0x20 arch/arm/mach-bcmbca/built-in.o
                0x0000000082613660                otp_hw_get_ecc
 .text.otp_hw_read
                0x0000000082613678      0x17c arch/arm/mach-bcmbca/built-in.o
                0x0000000082613678                otp_hw_read
 .text.otp_hw_dev_mmap
                0x00000000826137f4       0x14 arch/arm/mach-bcmbca/built-in.o
                0x00000000826137f4                otp_hw_dev_mmap
 .text.otp_hw_init
                0x0000000082613808       0x40 arch/arm/mach-bcmbca/built-in.o
                0x0000000082613808                otp_hw_init
 .text.sotp_hw_write_dev
                0x0000000082613848       0x8c arch/arm/mach-bcmbca/built-in.o
 .text.row2sect
                0x00000000826138d4       0x4c arch/arm/mach-bcmbca/built-in.o
 .text.sotp_hw_read_dev
                0x0000000082613920       0x8c arch/arm/mach-bcmbca/built-in.o
 .text.sotp_hw_readl
                0x00000000826139ac       0x14 arch/arm/mach-bcmbca/built-in.o
                0x00000000826139ac                sotp_hw_readl
 .text.sotpPollForFDone
                0x00000000826139c0       0x70 arch/arm/mach-bcmbca/built-in.o
 .text.sotp_hw_writel
                0x0000000082613a30       0x14 arch/arm/mach-bcmbca/built-in.o
                0x0000000082613a30                sotp_hw_writel
 .text.sotpSetStartAndPollForCmdDone
                0x0000000082613a44       0xbc arch/arm/mach-bcmbca/built-in.o
 .text.sotpReadEccRow
                0x0000000082613b00      0x1f4 arch/arm/mach-bcmbca/built-in.o
 .text.sotpReadKeyslotData
                0x0000000082613cf4      0x1ec arch/arm/mach-bcmbca/built-in.o
 .text.sotp_hw_read
                0x0000000082613ee0       0xcc arch/arm/mach-bcmbca/built-in.o
                0x0000000082613ee0                sotp_hw_read
 .text.sotpReadNonEccRow
                0x0000000082613fac      0x118 arch/arm/mach-bcmbca/built-in.o
 .text.sotpIsRegionFuseLocked
                0x00000000826140c4       0xd4 arch/arm/mach-bcmbca/built-in.o
 .text.sotpPrepForFusing
                0x0000000082614198      0x130 arch/arm/mach-bcmbca/built-in.o
 .text.sotpFinishFusing
                0x00000000826142c8       0x68 arch/arm/mach-bcmbca/built-in.o
 .text.sotpWriteEccRow
                0x0000000082614330      0x158 arch/arm/mach-bcmbca/built-in.o
 .text.sotpFuseNonEccRow
                0x0000000082614488       0x94 arch/arm/mach-bcmbca/built-in.o
 .text.sotp_hw_write
                0x000000008261451c      0x4b4 arch/arm/mach-bcmbca/built-in.o
                0x000000008261451c                sotp_hw_write
 .text.sotpKeySlotReadLockStatus.part.0
                0x00000000826149d0       0xc8 arch/arm/mach-bcmbca/built-in.o
 .text.sotpLockRegion.part.0
                0x0000000082614a98       0xbc arch/arm/mach-bcmbca/built-in.o
 .text.sotp_hw_ctl
                0x0000000082614b54      0x3a4 arch/arm/mach-bcmbca/built-in.o
                0x0000000082614b54                sotp_hw_ctl
 .text.sotp_hw_dev_mmap
                0x0000000082614ef8       0x14 arch/arm/mach-bcmbca/built-in.o
                0x0000000082614ef8                sotp_hw_dev_mmap
 .text.sotp_hw_init
                0x0000000082614f0c       0x64 arch/arm/mach-bcmbca/built-in.o
                0x0000000082614f0c                sotp_hw_init
 .text.bcm_early_find_strap_node
                0x0000000082614f70       0x10 arch/arm/mach-bcmbca/built-in.o
 .text.bcm_strap_drv_probe
                0x0000000082614f80       0x8c arch/arm/mach-bcmbca/built-in.o
 .text.bcm_strap_get_val
                0x000000008261500c       0x94 arch/arm/mach-bcmbca/built-in.o
                0x000000008261500c                bcm_strap_get_val
 .text.bcm_strap_parse_and_test
                0x00000000826150a0       0xcc arch/arm/mach-bcmbca/built-in.o
                0x00000000826150a0                bcm_strap_parse_and_test
 .text.bcm_get_boot_device
                0x000000008261516c       0xfc arch/arm/mach-bcmbca/built-in.o
                0x000000008261516c                bcm_get_boot_device
 .text.bcm_strap_drv_reg
                0x0000000082615268       0x74 arch/arm/mach-bcmbca/built-in.o
                0x0000000082615268                bcm_strap_drv_reg
 .text.board_fdt_blob_setup
                0x00000000826152dc       0xa8 arch/arm/mach-bcmbca/built-in.o
                0x00000000826152dc                board_fdt_blob_setup
 .text.sw_complete_wait.constprop.0
                0x0000000082615384       0x38 arch/arm/mach-bcmbca/built-in.o
 .text.swr_write
                0x00000000826153bc       0xd0 arch/arm/mach-bcmbca/built-in.o
                0x00000000826153bc                swr_write
 .text.load_mcb
                0x000000008261548c       0x7c arch/arm/mach-bcmbca/built-in.o
 .text.get_ddr_size
                0x0000000082615508        0xc arch/arm/mach-bcmbca/built-in.o
                0x0000000082615508                get_ddr_size
 .text.spl_list_mcb_sel
                0x0000000082615514       0x70 arch/arm/mach-bcmbca/built-in.o
                0x0000000082615514                spl_list_mcb_sel
 .text.spl_ddrinit_prepare
                0x0000000082615584       0x34 arch/arm/mach-bcmbca/built-in.o
                0x0000000082615584                spl_ddrinit_prepare
 .text.spl_ddrinit
                0x00000000826155b8      0x304 arch/arm/mach-bcmbca/built-in.o
                0x00000000826155b8                spl_ddrinit
 .text.cleanup_before_linux
                0x00000000826158bc       0x28 arch/arm/cpu/armv8/built-in.o
                0x00000000826158bc                cleanup_before_linux
 .text.get_tbclk
                0x00000000826158e4        0x8 arch/arm/cpu/armv8/built-in.o
                0x00000000826158e4                get_tbclk
 .text.get_ticks
                0x00000000826158ec       0x10 arch/arm/cpu/armv8/built-in.o
                0x00000000826158ec                get_ticks
 .text.create_table
                0x00000000826158fc       0x70 arch/arm/cpu/armv8/built-in.o
 .text.split_block
                0x000000008261596c       0x90 arch/arm/cpu/armv8/built-in.o
 .text.get_tcr  0x00000000826159fc       0xe4 arch/arm/cpu/armv8/built-in.o
                0x00000000826159fc                get_tcr
 .text.find_pte
                0x0000000082615ae0       0xb4 arch/arm/cpu/armv8/built-in.o
 .text.setup_pgtables
                0x0000000082615b94      0x16c arch/arm/cpu/armv8/built-in.o
                0x0000000082615b94                setup_pgtables
 .text.invalidate_dcache_all
                0x0000000082615d00       0x14 arch/arm/cpu/armv8/built-in.o
                0x0000000082615d00                invalidate_dcache_all
 .text.flush_dcache_all
                0x0000000082615d14       0x14 arch/arm/cpu/armv8/built-in.o
                0x0000000082615d14                flush_dcache_all
 .text.flush_dcache_range
                0x0000000082615d28        0x4 arch/arm/cpu/armv8/built-in.o
                0x0000000082615d28                flush_dcache_range
 .text.dcache_enable
                0x0000000082615d2c      0x110 arch/arm/cpu/armv8/built-in.o
                0x0000000082615d2c                dcache_enable
 .text.dcache_disable
                0x0000000082615e3c       0x84 arch/arm/cpu/armv8/built-in.o
                0x0000000082615e3c                dcache_disable
 .text.dcache_sanitize_disable
                0x0000000082615ec0       0x70 arch/arm/cpu/armv8/built-in.o
                0x0000000082615ec0                dcache_sanitize_disable
 .text.dcache_status
                0x0000000082615f30       0x34 arch/arm/cpu/armv8/built-in.o
                0x0000000082615f30                dcache_status
 .text.icache_disable
                0x0000000082615f64       0x64 arch/arm/cpu/armv8/built-in.o
                0x0000000082615f64                icache_disable
 .text.icache_status
                0x0000000082615fc8       0x34 arch/arm/cpu/armv8/built-in.o
                0x0000000082615fc8                icache_status
 .text.invalidate_icache_all
                0x0000000082615ffc       0x14 arch/arm/cpu/armv8/built-in.o
                0x0000000082615ffc                invalidate_icache_all
 .text.icache_enable
                0x0000000082616010       0x74 arch/arm/cpu/armv8/built-in.o
                0x0000000082616010                icache_enable
 .text.__asm_dcache_level
                0x0000000082616084       0x64 arch/arm/cpu/armv8/built-in.o
                0x0000000082616084                __asm_dcache_level
 .text.__asm_dcache_all
                0x00000000826160e8       0x60 arch/arm/cpu/armv8/built-in.o
                0x00000000826160e8                __asm_dcache_all
 .text.__asm_flush_dcache_all
                0x0000000082616148        0x8 arch/arm/cpu/armv8/built-in.o
                0x0000000082616148                __asm_flush_dcache_all
 .text.__asm_invalidate_dcache_all
                0x0000000082616150        0x8 arch/arm/cpu/armv8/built-in.o
                0x0000000082616150                __asm_invalidate_dcache_all
 .text.__asm_flush_dcache_range
                0x0000000082616158       0x34 arch/arm/cpu/armv8/built-in.o
                0x0000000082616158                __asm_flush_dcache_range
 .text.__asm_invalidate_icache_all
                0x000000008261618c        0xc arch/arm/cpu/armv8/built-in.o
                0x000000008261618c                __asm_invalidate_icache_all
 .text.__asm_invalidate_l3_dcache
                0x0000000082616198        0x8 arch/arm/cpu/armv8/built-in.o
                0x0000000082616198                __asm_invalidate_l3_dcache
 .text.__asm_flush_l3_dcache
                0x00000000826161a0        0x8 arch/arm/cpu/armv8/built-in.o
                0x00000000826161a0                __asm_flush_l3_dcache
 .text.__asm_invalidate_l3_icache
                0x00000000826161a8        0x8 arch/arm/cpu/armv8/built-in.o
                0x00000000826161a8                __asm_invalidate_l3_icache
 .text.__asm_invalidate_tlb_all
                0x00000000826161b0       0x4c arch/arm/cpu/armv8/built-in.o
                0x00000000826161b0                __asm_invalidate_tlb_all
 *fill*         0x00000000826161fc        0x4 
 .text          0x0000000082616200      0x110 arch/arm/lib/built-in.o
                0x0000000082616200                _main
                0x0000000082616278                gic_init_secure
                0x00000000826162bc                gic_init_secure_percpu
                0x00000000826162e0                gic_kick_secondary_cpus
                0x00000000826162f0                gic_wait_for_interrupt
 .text.disable_interrupts
                0x0000000082616310        0x8 arch/arm/lib/built-in.o
                0x0000000082616310                disable_interrupts
 .text.find_magic
                0x0000000082616318      0x23c board/broadcom/bcmbca/built-in.o
 .text.load_boot_blob
                0x0000000082616554      0x1d0 board/broadcom/bcmbca/built-in.o
                0x0000000082616554                load_boot_blob
 .text.load_spl_env
                0x0000000082616724      0x128 board/broadcom/bcmbca/built-in.o
                0x0000000082616724                load_spl_env
 .text.get_boot_blob_hash_entry
                0x000000008261684c       0x1c board/broadcom/bcmbca/built-in.o
                0x000000008261684c                get_boot_blob_hash_entry
 .text.boot_flash_init
                0x0000000082616868       0x68 board/broadcom/bcmbca/built-in.o
                0x0000000082616868                boot_flash_init
 .text.read_boot_device
                0x00000000826168d0       0x64 board/broadcom/bcmbca/built-in.o
                0x00000000826168d0                read_boot_device
 .text.decrypt_tpl
                0x0000000082616934        0x8 board/broadcom/bcmbca/built-in.o
                0x0000000082616934                decrypt_tpl
 .text.arch_cpu_deinit
                0x000000008261693c        0x4 board/broadcom/bcmbca/built-in.o
                0x000000008261693c                arch_cpu_deinit
 .text.spl_boot_device
                0x0000000082616940        0x8 board/broadcom/bcmbca/built-in.o
                0x0000000082616940                spl_boot_device
 .text.reserve_mmu
                0x0000000082616948       0x30 board/broadcom/bcmbca/built-in.o
                0x0000000082616948                reserve_mmu
 .text.board_init_f
                0x0000000082616978       0x68 board/broadcom/bcmbca/built-in.o
                0x0000000082616978                board_init_f
 .text.spl_board_deinit
                0x00000000826169e0       0x24 board/broadcom/bcmbca/built-in.o
                0x00000000826169e0                spl_board_deinit
 .text.start_tpl
                0x0000000082616a04       0xcc board/broadcom/bcmbca/built-in.o
                0x0000000082616a04                start_tpl
 .text.spl_board_ddrinit
                0x0000000082616ad0       0x30 board/broadcom/bcmbca/built-in.o
                0x0000000082616ad0                spl_board_ddrinit
 .text.spl_board_init
                0x0000000082616b00      0x14c board/broadcom/bcmbca/built-in.o
                0x0000000082616b00                spl_board_init
 .text.find_spl_env_val
                0x0000000082616c4c       0xac board/broadcom/bcmbca/built-in.o
                0x0000000082616c4c                find_spl_env_val
 .text.get_spl_env_val
                0x0000000082616cf8       0x44 board/broadcom/bcmbca/built-in.o
                0x0000000082616cf8                get_spl_env_val
 .text._get_char
                0x0000000082616d3c       0x24 board/broadcom/bcmbca/built-in.o
 .text.early_abort
                0x0000000082616d60      0x3bc board/broadcom/bcmbca/built-in.o
                0x0000000082616d60                early_abort
 .text.early_abort_info
                0x000000008261711c        0xc board/broadcom/bcmbca/built-in.o
                0x000000008261711c                early_abort_info
 .text.bcm_sec_boot_state
                0x0000000082617128      0x184 board/broadcom/bcmbca/built-in.o
                0x0000000082617128                bcm_sec_boot_state
 .text.bcm_sec  0x00000000826172ac        0xc board/broadcom/bcmbca/built-in.o
                0x00000000826172ac                bcm_sec
 .text.bcm_sec_clean_secmem
                0x00000000826172b8       0x28 board/broadcom/bcmbca/built-in.o
                0x00000000826172bc                bcm_sec_clean_secmem
 .text.bcm_sec_btrm_key_info
                0x00000000826172e0       0x78 board/broadcom/bcmbca/built-in.o
                0x00000000826172e0                bcm_sec_btrm_key_info
 .text.bcm_sec_clean_keys
                0x0000000082617358       0x3c board/broadcom/bcmbca/built-in.o
                0x0000000082617358                bcm_sec_clean_keys
 .text.bcm_sec_cb_init
                0x0000000082617394       0x20 board/broadcom/bcmbca/built-in.o
                0x0000000082617398                bcm_sec_cb_init
 .text.bcm_sec_init
                0x00000000826173b4       0x78 board/broadcom/bcmbca/built-in.o
                0x00000000826173b4                bcm_sec_init
 .text.bcm_sec_do
                0x000000008261742c      0x138 board/broadcom/bcmbca/built-in.o
                0x000000008261742c                bcm_sec_do
 .text.bcm_sec_lock
                0x0000000082617564       0x70 board/broadcom/bcmbca/built-in.o
                0x0000000082617568                bcm_sec_lock
 .text.bcm_sec_deinit
                0x00000000826175d4       0x44 board/broadcom/bcmbca/built-in.o
                0x00000000826175d4                bcm_sec_deinit
 .text.bcm_sec_abort
                0x0000000082617618       0x48 board/broadcom/bcmbca/built-in.o
                0x0000000082617618                bcm_sec_abort
 .text.sec_otp_ctrl
                0x0000000082617660       0x48 board/broadcom/bcmbca/built-in.o
 .text.sec_key_ctrl
                0x00000000826176a8       0x54 board/broadcom/bcmbca/built-in.o
 .text.show_boot_progress
                0x00000000826176fc        0x4 common/spl/built-in.o
                0x00000000826176fc                show_boot_progress
 .text.spl_common_init.constprop.0
                0x0000000082617700       0x38 common/spl/built-in.o
 .text.spl_perform_fixups
                0x0000000082617738        0x4 common/spl/built-in.o
                0x0000000082617738                spl_perform_fixups
 .text.spl_board_prepare_for_boot
                0x000000008261773c        0x4 common/spl/built-in.o
                0x000000008261773c                spl_board_prepare_for_boot
 .text.spl_get_load_buffer
                0x0000000082617740        0xc common/spl/built-in.o
                0x0000000082617740                spl_get_load_buffer
 .text.spl_set_header_raw_uboot
                0x000000008261774c       0x2c common/spl/built-in.o
                0x000000008261774c                spl_set_header_raw_uboot
 .text.spl_parse_image_header
                0x0000000082617778       0x90 common/spl/built-in.o
                0x0000000082617778                spl_parse_image_header
 .text.jump_to_image_no_args
                0x0000000082617808       0x10 common/spl/built-in.o
                0x0000000082617808                jump_to_image_no_args
 .text.spl_set_bd
                0x0000000082617818       0x18 common/spl/built-in.o
                0x0000000082617818                spl_set_bd
 .text.spl_early_init
                0x0000000082617830       0x24 common/spl/built-in.o
                0x0000000082617830                spl_early_init
 .text.spl_init
                0x0000000082617854       0x44 common/spl/built-in.o
                0x0000000082617854                spl_init
 .text.board_boot_order
                0x0000000082617898       0x24 common/spl/built-in.o
                0x0000000082617898                board_boot_order
 .text.board_init_r
                0x00000000826178bc      0x1ec common/spl/built-in.o
                0x00000000826178bc                board_init_r
 .text.preloader_console_init
                0x0000000082617aa8       0x30 common/spl/built-in.o
                0x0000000082617aa8                preloader_console_init
 .text.spl_relocate_stack_gd
                0x0000000082617ad8        0x8 common/spl/built-in.o
                0x0000000082617ad8                spl_relocate_stack_gd
 .text.spl_boot_mode
                0x0000000082617ae0        0x8 common/spl/built-in.o
                0x0000000082617ae0                spl_boot_mode
 .text.spl_mmc_load_image
                0x0000000082617ae8      0x208 common/spl/built-in.o
                0x0000000082617ae8                spl_mmc_load_image
 .text.board_init_f_alloc_reserve
                0x0000000082617cf0       0x10 common/init/built-in.o
                0x0000000082617cf0                board_init_f_alloc_reserve
 .text.board_init_f_init_reserve
                0x0000000082617d00       0x30 common/init/built-in.o
                0x0000000082617d00                board_init_f_init_reserve
 .text.of_bus_default_map
                0x0000000082617d30       0xa8 common/built-in.o
 .text.of_bus_default_translate
                0x0000000082617dd8       0xb8 common/built-in.o
 .text.fdt_support_default_count_cells
                0x0000000082617e90       0x70 common/built-in.o
                0x0000000082617e90                fdt_support_default_count_cells
 .text.fdt_translate_address
                0x0000000082617f00      0x29c common/built-in.o
                0x0000000082617f00                fdt_translate_address
 .text.mdelay   0x000000008261819c        0xc common/built-in.o
 .text.dummy    0x00000000826181a8        0x4 common/built-in.o
 .text.get_version
                0x00000000826181ac        0x8 common/built-in.o
                0x00000000826181ac                get_version
 .text.jumptable_init
                0x00000000826181b4      0x1c0 common/built-in.o
                0x00000000826181b4                jumptable_init
 .text.fgetc.part.0
                0x0000000082618374       0x50 common/built-in.o
 .text.getc     0x00000000826183c4       0x24 common/built-in.o
                0x00000000826183c4                getc
 .text.puts     0x00000000826183e8       0x34 common/built-in.o
                0x00000000826183e8                puts
 .text.putc     0x000000008261841c       0x38 common/built-in.o
                0x000000008261841c                putc
 .text.ftstc    0x0000000082618454       0x28 common/built-in.o
                0x0000000082618454                ftstc
 .text.tstc     0x000000008261847c       0x24 common/built-in.o
                0x000000008261847c                tstc
 .text.alloc_simple
                0x00000000826184a0       0x54 common/built-in.o
 .text.malloc_simple
                0x00000000826184f4        0x8 common/built-in.o
                0x00000000826184f4                malloc_simple
 .text.memalign_simple
                0x00000000826184fc       0x10 common/built-in.o
                0x00000000826184fc                memalign_simple
 .text.calloc   0x000000008261850c       0x3c common/built-in.o
                0x000000008261850c                calloc
 .text.sha256_process
                0x0000000082618548     0x1fa8 lib/built-in.o
 .text.sha256_update.part.0
                0x000000008261a4f0       0xfc lib/built-in.o
 .text.sha256_starts
                0x000000008261a5ec       0x68 lib/built-in.o
                0x000000008261a5ec                sha256_starts
 .text.sha256_update
                0x000000008261a654        0xc lib/built-in.o
                0x000000008261a654                sha256_update
 .text.sha256_finish
                0x000000008261a660      0x1e8 lib/built-in.o
                0x000000008261a660                sha256_finish
 .text.fdt_check_header
                0x000000008261a848       0x74 lib/built-in.o
                0x000000008261a848                fdt_check_header
 .text.fdt_offset_ptr
                0x000000008261a8bc       0x68 lib/built-in.o
                0x000000008261a8bc                fdt_offset_ptr
 .text.fdt_next_tag
                0x000000008261a924      0x100 lib/built-in.o
                0x000000008261a924                fdt_next_tag
 .text.fdt_check_node_offset_
                0x000000008261aa24       0x40 lib/built-in.o
                0x000000008261aa24                fdt_check_node_offset_
 .text.fdt_check_prop_offset_
                0x000000008261aa64       0x40 lib/built-in.o
                0x000000008261aa64                fdt_check_prop_offset_
 .text.fdt_next_node
                0x000000008261aaa4       0xdc lib/built-in.o
                0x000000008261aaa4                fdt_next_node
 .text.fdt_first_subnode
                0x000000008261ab80       0x60 lib/built-in.o
                0x000000008261ab80                fdt_first_subnode
 .text.fdt_next_subnode
                0x000000008261abe0       0x84 lib/built-in.o
                0x000000008261abe0                fdt_next_subnode
 .text.fdt_address_cells
                0x000000008261ac64       0x84 lib/built-in.o
                0x000000008261ac64                fdt_address_cells
 .text.fdt_size_cells
                0x000000008261ace8       0x80 lib/built-in.o
                0x000000008261ace8                fdt_size_cells
 .text.fdt_path_next_separator
                0x000000008261ad68       0x68 lib/built-in.o
 .text._nextprop
                0x000000008261add0       0x90 lib/built-in.o
 .text.fdt_string
                0x000000008261ae60       0x14 lib/built-in.o
                0x000000008261ae60                fdt_string
 .text.fdt_subnode_offset_namelen
                0x000000008261ae74      0x10c lib/built-in.o
                0x000000008261ae74                fdt_subnode_offset_namelen
 .text.fdt_get_name
                0x000000008261af80       0x84 lib/built-in.o
                0x000000008261af80                fdt_get_name
 .text.fdt_first_property_offset
                0x000000008261b004       0x38 lib/built-in.o
                0x000000008261b004                fdt_first_property_offset
 .text.fdt_next_property_offset
                0x000000008261b03c       0x38 lib/built-in.o
                0x000000008261b03c                fdt_next_property_offset
 .text.fdt_get_property_by_offset
                0x000000008261b074       0x64 lib/built-in.o
                0x000000008261b074                fdt_get_property_by_offset
 .text.fdt_get_property_namelen
                0x000000008261b0d8       0xd4 lib/built-in.o
                0x000000008261b0d8                fdt_get_property_namelen
 .text.fdt_getprop_namelen
                0x000000008261b1ac       0x1c lib/built-in.o
                0x000000008261b1ac                fdt_getprop_namelen
 .text.fdt_getprop_by_offset
                0x000000008261b1c8       0x50 lib/built-in.o
                0x000000008261b1c8                fdt_getprop_by_offset
 .text.fdt_getprop
                0x000000008261b218       0x4c lib/built-in.o
                0x000000008261b218                fdt_getprop
 .text.fdt_get_phandle
                0x000000008261b264       0xa4 lib/built-in.o
                0x000000008261b264                fdt_get_phandle
 .text.fdt_get_alias_namelen
                0x000000008261b308       0x64 lib/built-in.o
                0x000000008261b308                fdt_get_alias_namelen
 .text.fdt_path_offset_namelen
                0x000000008261b36c       0xfc lib/built-in.o
                0x000000008261b36c                fdt_path_offset_namelen
 .text.fdt_path_offset
                0x000000008261b468       0x34 lib/built-in.o
                0x000000008261b468                fdt_path_offset
 .text.fdt_supernode_atdepth_offset
                0x000000008261b49c       0xe4 lib/built-in.o
                0x000000008261b49c                fdt_supernode_atdepth_offset
 .text.fdt_node_depth
                0x000000008261b580       0x5c lib/built-in.o
                0x000000008261b580                fdt_node_depth
 .text.fdt_parent_offset
                0x000000008261b5dc       0x44 lib/built-in.o
                0x000000008261b5dc                fdt_parent_offset
 .text.fdt_node_offset_by_phandle
                0x000000008261b620       0x84 lib/built-in.o
                0x000000008261b620                fdt_node_offset_by_phandle
 .text.fdt_stringlist_contains
                0x000000008261b6a4       0x98 lib/built-in.o
                0x000000008261b6a4                fdt_stringlist_contains
 .text.fdt_stringlist_search
                0x000000008261b73c       0xf0 lib/built-in.o
                0x000000008261b73c                fdt_stringlist_search
 .text.fdt_node_check_compatible
                0x000000008261b82c       0x78 lib/built-in.o
                0x000000008261b82c                fdt_node_check_compatible
 .text.fdt_node_offset_by_compatible
                0x000000008261b8a4       0x84 lib/built-in.o
                0x000000008261b8a4                fdt_node_offset_by_compatible
 .text.fdtdec_get_int
                0x000000008261b928       0x6c lib/built-in.o
                0x000000008261b928                fdtdec_get_int
 .text.get_prop_check_min_len
                0x000000008261b994       0x74 lib/built-in.o
 .text.fdtdec_get_is_enabled
                0x000000008261ba08       0x40 lib/built-in.o
                0x000000008261ba08                fdtdec_get_is_enabled
 .text.fdtdec_get_alias_seq
                0x000000008261ba48      0x154 lib/built-in.o
                0x000000008261ba48                fdtdec_get_alias_seq
 .text.fdtdec_get_chosen_prop
                0x000000008261bb9c       0x44 lib/built-in.o
                0x000000008261bb9c                fdtdec_get_chosen_prop
 .text.fdtdec_get_chosen_node
                0x000000008261bbe0       0x3c lib/built-in.o
                0x000000008261bbe0                fdtdec_get_chosen_node
 .text.fdtdec_prepare_fdt
                0x000000008261bc1c       0x44 lib/built-in.o
                0x000000008261bc1c                fdtdec_prepare_fdt
 .text.fdtdec_get_int_array
                0x000000008261bc60       0x8c lib/built-in.o
                0x000000008261bc60                fdtdec_get_int_array
 .text.fdtdec_parse_phandle_with_args
                0x000000008261bcec      0x17c lib/built-in.o
                0x000000008261bcec                fdtdec_parse_phandle_with_args
 .text.fdtdec_get_number
                0x000000008261be68       0x30 lib/built-in.o
                0x000000008261be68                fdtdec_get_number
 .text.fdt_get_resource
                0x000000008261be98      0x140 lib/built-in.o
                0x000000008261be98                fdt_get_resource
 .text.fdtdec_setup
                0x000000008261bfd8       0x24 lib/built-in.o
                0x000000008261bfd8                fdtdec_setup
 .text.crc32_no_comp
                0x000000008261bffc       0xd4 lib/built-in.o
                0x000000008261bffc                crc32_no_comp
 .text.crc32    0x000000008261c0d0       0x1c lib/built-in.o
                0x000000008261c0d0                crc32
 .text.hang     0x000000008261c0ec       0x20 lib/built-in.o
                0x000000008261c0ec                hang
 .text.strcpy   0x000000008261c10c       0x18 lib/built-in.o
                0x000000008261c10c                strcpy
 .text.strncpy  0x000000008261c124       0x20 lib/built-in.o
                0x000000008261c124                strncpy
 .text.strcmp   0x000000008261c144       0x28 lib/built-in.o
                0x000000008261c144                strcmp
 .text.strncmp  0x000000008261c16c       0x38 lib/built-in.o
                0x000000008261c16c                strncmp
 .text.strchr   0x000000008261c1a4       0x28 lib/built-in.o
                0x000000008261c1a4                strchr
 .text.strlen   0x000000008261c1cc       0x1c lib/built-in.o
                0x000000008261c1cc                strlen
 .text.strrchr  0x000000008261c1e8       0x40 lib/built-in.o
                0x000000008261c1e8                strrchr
 .text.strnlen  0x000000008261c228       0x28 lib/built-in.o
                0x000000008261c228                strnlen
 .text.strdup   0x000000008261c250       0x4c lib/built-in.o
                0x000000008261c250                strdup
 .text.memset   0x000000008261c29c       0x6c lib/built-in.o
                0x000000008261c29c                memset
 .text.memcpy   0x000000008261c308       0x68 lib/built-in.o
                0x000000008261c308                memcpy
 .text.memcmp   0x000000008261c370       0x30 lib/built-in.o
                0x000000008261c370                memcmp
 .text.strstr   0x000000008261c3a0       0x64 lib/built-in.o
                0x000000008261c3a0                strstr
 .text.memchr   0x000000008261c404       0x30 lib/built-in.o
                0x000000008261c404                memchr
 .text.timer_init
                0x000000008261c434        0x8 lib/built-in.o
                0x000000008261c434                timer_init
 .text.get_timer
                0x000000008261c43c       0x3c lib/built-in.o
                0x000000008261c43c                get_timer
 .text.usec_to_tick
                0x000000008261c478       0x30 lib/built-in.o
                0x000000008261c478                usec_to_tick
 .text.__udelay
                0x000000008261c4a8       0x40 lib/built-in.o
                0x000000008261c4a8                __udelay
 .text.udelay   0x000000008261c4e8       0x48 lib/built-in.o
                0x000000008261c4e8                udelay
 .text.panic_str
                0x000000008261c530       0x18 lib/built-in.o
                0x000000008261c530                panic_str
 .text.panic    0x000000008261c548       0x98 lib/built-in.o
                0x000000008261c548                panic
 .text.put_dec_trunc
                0x000000008261c5e0       0xe0 lib/built-in.o
 .text.put_dec  0x000000008261c6c0       0xd0 lib/built-in.o
 .text.number   0x000000008261c790      0x310 lib/built-in.o
 .text.string   0x000000008261caa0      0x124 lib/built-in.o
 .text.vsnprintf_internal
                0x000000008261cbc4      0x938 lib/built-in.o
 .text.vscnprintf
                0x000000008261d4fc       0x74 lib/built-in.o
                0x000000008261d4fc                vscnprintf
 .text.snprintf
                0x000000008261d570       0xd8 lib/built-in.o
                0x000000008261d570                snprintf
 .text.vsprintf
                0x000000008261d648       0x44 lib/built-in.o
                0x000000008261d648                vsprintf
 .text.sprintf  0x000000008261d68c       0xb8 lib/built-in.o
                0x000000008261d68c                sprintf
 .text.printf   0x000000008261d744       0xe0 lib/built-in.o
                0x000000008261d744                printf
 .text.vprintf  0x000000008261d824       0x84 lib/built-in.o
                0x000000008261d824                vprintf
 .text.simple_strtoul
                0x000000008261d8a8      0x108 lib/built-in.o
                0x000000008261d8a8                simple_strtoul
 .text.strict_strtoul
                0x000000008261d9b0       0xb4 lib/built-in.o
                0x000000008261d9b0                strict_strtoul
 .text.simple_strtol
                0x000000008261da64       0x2c lib/built-in.o
                0x000000008261da64                simple_strtol
 .text.ustrtoul
                0x000000008261da90       0x90 lib/built-in.o
                0x000000008261da90                ustrtoul
 .text.ustrtoull
                0x000000008261db20        0x4 lib/built-in.o
                0x000000008261db20                ustrtoull
 .text.trailing_strtoln
                0x000000008261db24       0x78 lib/built-in.o
                0x000000008261db24                trailing_strtoln
 .text.trailing_strtol
                0x000000008261db9c        0x8 lib/built-in.o
                0x000000008261db9c                trailing_strtol
 .text.clk_request
                0x000000008261dba4       0x2c drivers/built-in.o
                0x000000008261dba4                clk_request
 .text.clk_get_by_index_tail.part.0
                0x000000008261dbd0       0xc0 drivers/built-in.o
 .text.clk_get_by_index
                0x000000008261dc90       0x7c drivers/built-in.o
                0x000000008261dc90                clk_get_by_index
 .text.clk_get_by_name
                0x000000008261dd0c       0x54 drivers/built-in.o
                0x000000008261dd0c                clk_get_by_name
 .text.clk_get_by_indexed_prop
                0x000000008261dd60       0x7c drivers/built-in.o
 .text.clk_free
                0x000000008261dddc       0x24 drivers/built-in.o
                0x000000008261dddc                clk_free
 .text.clk_get_rate
                0x000000008261de00       0x24 drivers/built-in.o
                0x000000008261de00                clk_get_rate
 .text.clk_set_rate
                0x000000008261de24       0x24 drivers/built-in.o
                0x000000008261de24                clk_set_rate
 .text.clk_set_parent
                0x000000008261de48       0x24 drivers/built-in.o
                0x000000008261de48                clk_set_parent
 .text.clk_set_defaults
                0x000000008261de6c      0x1a0 drivers/built-in.o
                0x000000008261de6c                clk_set_defaults
 .text.clk_enable
                0x000000008261e00c       0x24 drivers/built-in.o
                0x000000008261e00c                clk_enable
 .text.clk_fixed_rate_ofdata_to_platdata
                0x000000008261e030       0x44 drivers/built-in.o
 .text.clk_fixed_rate_get_rate
                0x000000008261e074       0x2c drivers/built-in.o
 .text.clk_fixed_factor_get_rate
                0x000000008261e0a0       0x54 drivers/built-in.o
 .text.clk_fixed_factor_ofdata_to_platdata
                0x000000008261e0f4       0x78 drivers/built-in.o
 .text.alloc_priv
                0x000000008261e16c       0x64 drivers/built-in.o
 .text.device_bind_common.constprop.0
                0x000000008261e1d0      0x294 drivers/built-in.o
 .text.device_bind_with_driver_data
                0x000000008261e464       0x14 drivers/built-in.o
                0x000000008261e464                device_bind_with_driver_data
 .text.device_bind_by_name
                0x000000008261e478       0x7c drivers/built-in.o
                0x000000008261e478                device_bind_by_name
 .text.device_probe
                0x000000008261e4f4      0x1a8 drivers/built-in.o
                0x000000008261e4f4                device_probe
 .text.dev_get_platdata
                0x000000008261e69c        0xc drivers/built-in.o
                0x000000008261e69c                dev_get_platdata
 .text.dev_get_parent_platdata
                0x000000008261e6a8        0xc drivers/built-in.o
                0x000000008261e6a8                dev_get_parent_platdata
 .text.dev_get_uclass_platdata
                0x000000008261e6b4        0xc drivers/built-in.o
                0x000000008261e6b4                dev_get_uclass_platdata
 .text.dev_get_priv
                0x000000008261e6c0        0xc drivers/built-in.o
                0x000000008261e6c0                dev_get_priv
 .text.dev_get_uclass_priv
                0x000000008261e6cc        0xc drivers/built-in.o
                0x000000008261e6cc                dev_get_uclass_priv
 .text.dev_get_parent_priv
                0x000000008261e6d8        0xc drivers/built-in.o
                0x000000008261e6d8                dev_get_parent_priv
 .text.device_find_first_child
                0x000000008261e6e4       0x20 drivers/built-in.o
                0x000000008261e6e4                device_find_first_child
 .text.dev_get_parent
                0x000000008261e704        0x8 drivers/built-in.o
                0x000000008261e704                dev_get_parent
 .text.device_set_name_alloced
                0x000000008261e70c       0x10 drivers/built-in.o
                0x000000008261e70c                device_set_name_alloced
 .text.devfdt_get_addr_index
                0x000000008261e71c      0x104 drivers/built-in.o
                0x000000008261e71c                devfdt_get_addr_index
 .text.devfdt_remap_addr_index
                0x000000008261e820       0x20 drivers/built-in.o
                0x000000008261e820                devfdt_remap_addr_index
 .text.devfdt_remap_addr
                0x000000008261e840        0x8 drivers/built-in.o
                0x000000008261e840                devfdt_remap_addr
 .text.lists_driver_lookup_name
                0x000000008261e848       0x78 drivers/built-in.o
                0x000000008261e848                lists_driver_lookup_name
 .text.lists_uclass_lookup
                0x000000008261e8c0       0x54 drivers/built-in.o
                0x000000008261e8c0                lists_uclass_lookup
 .text.lists_bind_drivers
                0x000000008261e914       0xbc drivers/built-in.o
                0x000000008261e914                lists_bind_drivers
 .text.device_bind_driver_to_node
                0x000000008261e9d0       0x68 drivers/built-in.o
                0x000000008261e9d0                device_bind_driver_to_node
 .text.device_bind_driver
                0x000000008261ea38        0xc drivers/built-in.o
                0x000000008261ea38                device_bind_driver
 .text.lists_bind_fdt
                0x000000008261ea44      0x1a8 drivers/built-in.o
                0x000000008261ea44                lists_bind_fdt
 .text.dm_scan_fdt_node
                0x000000008261ebec       0xf8 drivers/built-in.o
 .text.dm_scan_fdt_ofnode_path
                0x000000008261ece4       0x48 drivers/built-in.o
 .text.dm_init  0x000000008261ed2c       0x5c drivers/built-in.o
                0x000000008261ed2c                dm_init
 .text.dm_scan_platdata
                0x000000008261ed88       0x28 drivers/built-in.o
                0x000000008261ed88                dm_scan_platdata
 .text.dm_scan_fdt_dev
                0x000000008261edb0       0x28 drivers/built-in.o
                0x000000008261edb0                dm_scan_fdt_dev
 .text.dm_scan_fdt
                0x000000008261edd8       0x14 drivers/built-in.o
                0x000000008261edd8                dm_scan_fdt
 .text.dm_extended_scan_fdt
                0x000000008261edec       0x54 drivers/built-in.o
                0x000000008261edec                dm_extended_scan_fdt
 .text.dm_scan_other
                0x000000008261ee40        0x8 drivers/built-in.o
                0x000000008261ee40                dm_scan_other
 .text.dm_init_and_scan
                0x000000008261ee48       0x54 drivers/built-in.o
                0x000000008261ee48                dm_init_and_scan
 .text.uclass_find
                0x000000008261ee9c       0x48 drivers/built-in.o
                0x000000008261ee9c                uclass_find
 .text.uclass_get
                0x000000008261eee4      0x110 drivers/built-in.o
                0x000000008261eee4                uclass_get
 .text.uclass_find_device
                0x000000008261eff4       0xa4 drivers/built-in.o
                0x000000008261eff4                uclass_find_device
 .text.uclass_find_first_device
                0x000000008261f098       0x7c drivers/built-in.o
                0x000000008261f098                uclass_find_first_device
 .text.uclass_find_next_device
                0x000000008261f114       0x2c drivers/built-in.o
                0x000000008261f114                uclass_find_next_device
 .text.uclass_find_device_by_seq
                0x000000008261f140       0xb4 drivers/built-in.o
                0x000000008261f140                uclass_find_device_by_seq
 .text.uclass_find_device_by_of_offset
                0x000000008261f1f4       0x9c drivers/built-in.o
                0x000000008261f1f4                uclass_find_device_by_of_offset
 .text.uclass_find_device_by_ofnode
                0x000000008261f290       0xa0 drivers/built-in.o
                0x000000008261f290                uclass_find_device_by_ofnode
 .text.uclass_get_device_by_driver
                0x000000008261f330       0xa8 drivers/built-in.o
                0x000000008261f330                uclass_get_device_by_driver
 .text.uclass_get_device_tail
                0x000000008261f3d8       0x40 drivers/built-in.o
                0x000000008261f3d8                uclass_get_device_tail
 .text.uclass_get_device
                0x000000008261f418       0x64 drivers/built-in.o
                0x000000008261f418                uclass_get_device
 .text.uclass_get_device_by_seq
                0x000000008261f47c       0x94 drivers/built-in.o
                0x000000008261f47c                uclass_get_device_by_seq
 .text.uclass_get_device_by_of_offset
                0x000000008261f510       0x64 drivers/built-in.o
                0x000000008261f510                uclass_get_device_by_of_offset
 .text.uclass_get_device_by_ofnode
                0x000000008261f574       0x64 drivers/built-in.o
                0x000000008261f574                uclass_get_device_by_ofnode
 .text.uclass_first_device_check
                0x000000008261f5d8       0x40 drivers/built-in.o
                0x000000008261f5d8                uclass_first_device_check
 .text.uclass_next_device_check
                0x000000008261f618       0x30 drivers/built-in.o
                0x000000008261f618                uclass_next_device_check
 .text.uclass_bind_device
                0x000000008261f648       0x70 drivers/built-in.o
                0x000000008261f648                uclass_bind_device
 .text.uclass_resolve_seq
                0x000000008261f6b8       0xc4 drivers/built-in.o
                0x000000008261f6b8                uclass_resolve_seq
 .text.uclass_pre_probe_device
                0x000000008261f77c       0x68 drivers/built-in.o
                0x000000008261f77c                uclass_pre_probe_device
 .text.uclass_post_probe_device
                0x000000008261f7e4       0x68 drivers/built-in.o
                0x000000008261f7e4                uclass_post_probe_device
 .text.dm_ofnode_pre_reloc
                0x000000008261f84c        0x8 drivers/built-in.o
                0x000000008261f84c                dm_ofnode_pre_reloc
 .text.simple_bus_post_bind
                0x000000008261f854       0x8c drivers/built-in.o
 .text.ofnode_read_u32
                0x000000008261f8e0       0x88 drivers/built-in.o
                0x000000008261f8e0                ofnode_read_u32
 .text.ofnode_read_u32_default
                0x000000008261f968       0x20 drivers/built-in.o
                0x000000008261f968                ofnode_read_u32_default
 .text.ofnode_read_u32_array
                0x000000008261f988       0x18 drivers/built-in.o
                0x000000008261f988                ofnode_read_u32_array
 .text.ofnode_get_name
                0x000000008261f9a0       0x10 drivers/built-in.o
                0x000000008261f9a0                ofnode_get_name
 .text.ofnode_read_size
                0x000000008261f9b0       0x64 drivers/built-in.o
                0x000000008261f9b0                ofnode_read_size
 .text.ofnode_stringlist_search
                0x000000008261fa14       0x40 drivers/built-in.o
                0x000000008261fa14                ofnode_stringlist_search
 .text.ofnode_parse_phandle_with_args
                0x000000008261fa54       0x98 drivers/built-in.o
                0x000000008261fa54                ofnode_parse_phandle_with_args
 .text.ofnode_count_phandle_with_args
                0x000000008261faec       0x20 drivers/built-in.o
                0x000000008261faec                ofnode_count_phandle_with_args
 .text.ofnode_path
                0x000000008261fb0c       0x20 drivers/built-in.o
                0x000000008261fb0c                ofnode_path
 .text.ofnode_get_property
                0x000000008261fb2c       0x14 drivers/built-in.o
                0x000000008261fb2c                ofnode_get_property
 .text.ofnode_read_bool
                0x000000008261fb40       0x20 drivers/built-in.o
                0x000000008261fb40                ofnode_read_bool
 .text.ofnode_read_resource
                0x000000008261fb60       0x98 drivers/built-in.o
                0x000000008261fb60                ofnode_read_resource
 .text.ofnode_read_resource_byname
                0x000000008261fbf8       0x4c drivers/built-in.o
                0x000000008261fbf8                ofnode_read_resource_byname
 .text.ofnode_by_compatible
                0x000000008261fc44       0x24 drivers/built-in.o
                0x000000008261fc44                ofnode_by_compatible
 .text.mmc_send_op_cond_iter
                0x000000008261fc68       0x9c drivers/built-in.o
 .text.mmc_send_ext_csd
                0x000000008261fd04       0x6c drivers/built-in.o
 .text.mmc_go_idle
                0x000000008261fd70       0x7c drivers/built-in.o
 .text.mmc_set_capacity
                0x000000008261fdec       0x84 drivers/built-in.o
 .text.mmc_read_and_compare_ext_csd
                0x000000008261fe70       0xd4 drivers/built-in.o
 .text.sd_get_capabilities
                0x000000008261ff44      0x1dc drivers/built-in.o
 .text.mmc_send_status
                0x0000000082620120      0x10c drivers/built-in.o
                0x0000000082620120                mmc_send_status
 .text.__mmc_switch.constprop.0
                0x000000008262022c       0x98 drivers/built-in.o
 .text.mmc_set_card_speed.constprop.0
                0x00000000826202c4       0xc8 drivers/built-in.o
 .text.mmc_set_blocklen
                0x000000008262038c       0xa0 drivers/built-in.o
                0x000000008262038c                mmc_set_blocklen
 .text.mmc_bread
                0x000000008262042c      0x1a8 drivers/built-in.o
                0x000000008262042c                mmc_bread
 .text.mmc_switch
                0x00000000826205d4        0xc drivers/built-in.o
                0x00000000826205d4                mmc_switch
 .text.mmc_startup_v4
                0x00000000826205e0      0x238 drivers/built-in.o
 .text.mmc_switch_part
                0x0000000082620818       0x74 drivers/built-in.o
                0x0000000082620818                mmc_switch_part
 .text.mmc_set_clock
                0x000000008262088c       0x30 drivers/built-in.o
                0x000000008262088c                mmc_set_clock
 .text.mmc_get_op_cond
                0x00000000826208bc      0x254 drivers/built-in.o
                0x00000000826208bc                mmc_get_op_cond
 .text.mmc_start_init
                0x0000000082620b10       0x68 drivers/built-in.o
                0x0000000082620b10                mmc_start_init
 .text.mmc_init
                0x0000000082620b78      0x990 drivers/built-in.o
                0x0000000082620b78                mmc_init
 .text.mmc_initialize
                0x0000000082621508       0xfc drivers/built-in.o
                0x0000000082621508                mmc_initialize
 .text.mmc_blk_probe
                0x0000000082621604       0x1c drivers/built-in.o
 .text.dm_mmc_set_ios
                0x0000000082621620       0x20 drivers/built-in.o
                0x0000000082621620                dm_mmc_set_ios
 .text.mmc_set_ios
                0x0000000082621640        0x8 drivers/built-in.o
                0x0000000082621640                mmc_set_ios
 .text.dm_mmc_send_init_stream
                0x0000000082621648       0x1c drivers/built-in.o
                0x0000000082621648                dm_mmc_send_init_stream
 .text.mmc_send_init_stream
                0x0000000082621664        0x8 drivers/built-in.o
                0x0000000082621664                mmc_send_init_stream
 .text.dm_mmc_get_cd
                0x000000008262166c       0x20 drivers/built-in.o
                0x000000008262166c                dm_mmc_get_cd
 .text.mmc_getcd
                0x000000008262168c        0x8 drivers/built-in.o
                0x000000008262168c                mmc_getcd
 .text.mmc_of_parse
                0x0000000082621694      0x27c drivers/built-in.o
                0x0000000082621694                mmc_of_parse
 .text.mmc_get_mmc_dev
                0x0000000082621910       0x28 drivers/built-in.o
                0x0000000082621910                mmc_get_mmc_dev
 .text.dm_mmc_send_cmd
                0x0000000082621938       0x64 drivers/built-in.o
                0x0000000082621938                dm_mmc_send_cmd
 .text.mmc_send_cmd
                0x000000008262199c        0x8 drivers/built-in.o
                0x000000008262199c                mmc_send_cmd
 .text.mmc_select_hwpart
                0x00000000826219a4       0x78 drivers/built-in.o
 .text.find_mmc_device
                0x0000000082621a1c       0x80 drivers/built-in.o
                0x0000000082621a1c                find_mmc_device
 .text.mmc_get_blk_desc
                0x0000000082621a9c       0x54 drivers/built-in.o
                0x0000000082621a9c                mmc_get_blk_desc
 .text.mmc_do_preinit
                0x0000000082621af0       0x94 drivers/built-in.o
                0x0000000082621af0                mmc_do_preinit
 .text.mmc_bind
                0x0000000082621b84       0xcc drivers/built-in.o
                0x0000000082621b84                mmc_bind
 .text.mmc_spl_load_image
                0x0000000082621c50      0x15c drivers/built-in.o
                0x0000000082621c50                mmc_spl_load_image
 .text.sdhci_reset
                0x0000000082621dac       0xcc drivers/built-in.o
 .text.sdhci_send_command
                0x0000000082621e78      0x504 drivers/built-in.o
 .text.sdhci_set_clock.isra.0
                0x000000008262237c      0x1c0 drivers/built-in.o
 .text.sdhci_set_ios
                0x000000008262253c      0x128 drivers/built-in.o
 .text.sdhci_probe
                0x0000000082622664      0x1a0 drivers/built-in.o
                0x0000000082622664                sdhci_probe
 .text.sdhci_setup_cfg
                0x0000000082622804      0x22c drivers/built-in.o
                0x0000000082622804                sdhci_setup_cfg
 .text.sdhci_bind
                0x0000000082622a30        0x4 drivers/built-in.o
                0x0000000082622a30                sdhci_bind
 .text.sdhci_bcmbca_probe
                0x0000000082622a34      0x170 drivers/built-in.o
 .text.sdhci_bcmbca_bind
                0x0000000082622ba4       0x2c drivers/built-in.o
 .text._serial_putc
                0x0000000082622bd0       0x58 drivers/built-in.o
 .text.serial_post_probe
                0x0000000082622c28       0x24 drivers/built-in.o
 .text.serial_pre_remove
                0x0000000082622c4c        0x8 drivers/built-in.o
 .text.serial_init
                0x0000000082622c54      0x1b4 drivers/built-in.o
                0x0000000082622c54                serial_init
 .text.serial_putc
                0x0000000082622e08       0x18 drivers/built-in.o
                0x0000000082622e08                serial_putc
 .text.serial_puts
                0x0000000082622e20       0x44 drivers/built-in.o
                0x0000000082622e20                serial_puts
 .text.serial_getc
                0x0000000082622e64       0x58 drivers/built-in.o
                0x0000000082622e64                serial_getc
 .text.serial_tstc
                0x0000000082622ebc       0x38 drivers/built-in.o
                0x0000000082622ebc                serial_tstc
 .text.bcm6345_serial_init
                0x0000000082622ef4       0x90 drivers/built-in.o
 .text.bcm6345_serial_pending
                0x0000000082622f84       0x40 drivers/built-in.o
 .text.bcm6345_serial_putc
                0x0000000082622fc4       0x48 drivers/built-in.o
 .text.bcm6345_serial_getc
                0x000000008262300c       0x58 drivers/built-in.o
 .text.bcm6345_serial_setbrg
                0x0000000082623064       0x2c drivers/built-in.o
 .text.bcm6345_serial_probe
                0x0000000082623090       0xa0 drivers/built-in.o
 .text.spi_child_pre_probe
                0x0000000082623130       0x4c drivers/built-in.o
 .text.spi_post_probe
                0x000000008262317c       0x40 drivers/built-in.o
 .text.spi_slave_ofdata_to_platdata
                0x00000000826231bc      0x158 drivers/built-in.o
                0x00000000826231bc                spi_slave_ofdata_to_platdata
 .text.spi_child_post_bind
                0x0000000082623314       0x44 drivers/built-in.o
 .text.bcm63xx_hsspi_activate_cs
                0x0000000082623358      0x120 drivers/built-in.o
 .text.bcm63xx_hsspi_set_mode
                0x0000000082623478       0x40 drivers/built-in.o
 .text.bcm63xx_hsspi_set_speed
                0x00000000826234b8       0x38 drivers/built-in.o
 .text.bcm63xx_hsspi_cs_info
                0x00000000826234f0       0x48 drivers/built-in.o
 .text.bcm63xx_hsspi_child_pre_probe
                0x0000000082623538       0xac drivers/built-in.o
 .text.bcm63xx_hsspi_probe
                0x00000000826235e4      0x1b0 drivers/built-in.o
 .text.bcm63xx_hsspi_xfer
                0x0000000082623794      0x464 drivers/built-in.o
 .text.wdt_post_bind
                0x0000000082623bf8        0x8 drivers/built-in.o
 .text.wdt_start
                0x0000000082623c00       0x20 drivers/built-in.o
                0x0000000082623c00                wdt_start
 .text.wdt_reset
                0x0000000082623c20       0x20 drivers/built-in.o
                0x0000000082623c20                wdt_reset
 .text.watchdog_reset
                0x0000000082623c40       0x4c drivers/built-in.o
                0x0000000082623c40                watchdog_reset
 .text.bcm6345_wdt_reset
                0x0000000082623c8c       0x38 drivers/built-in.o
 .text.bcm6345_wdt_stop
                0x0000000082623cc4       0x38 drivers/built-in.o
 .text.bcm6345_wdt_start
                0x0000000082623cfc       0x5c drivers/built-in.o
 .text.bcm6345_wdt_expire_now
                0x0000000082623d58        0xc drivers/built-in.o
 .text.bcm6345_wdt_probe
                0x0000000082623d64       0xa0 drivers/built-in.o
 .text.blk_post_probe
                0x0000000082623e04        0x8 drivers/built-in.o
 .text.blk_select_hwpart
                0x0000000082623e0c       0x2c drivers/built-in.o
                0x0000000082623e0c                blk_select_hwpart
 .text.blk_dselect_hwpart
                0x0000000082623e38        0x8 drivers/built-in.o
                0x0000000082623e38                blk_dselect_hwpart
 .text.blk_find_device
                0x0000000082623e40       0xcc drivers/built-in.o
                0x0000000082623e40                blk_find_device
 .text.blk_get_device
                0x0000000082623f0c       0x34 drivers/built-in.o
                0x0000000082623f0c                blk_get_device
 .text.blk_select_hwpart_devnum
                0x0000000082623f40       0x60 drivers/built-in.o
                0x0000000082623f40                blk_select_hwpart_devnum
 .text.blk_dread
                0x0000000082623fa0       0x24 drivers/built-in.o
                0x0000000082623fa0                blk_dread
 .text.blk_find_max_devnum
                0x0000000082623fc4       0xbc drivers/built-in.o
                0x0000000082623fc4                blk_find_max_devnum
 .text.blk_next_free_devnum
                0x0000000082624080       0x2c drivers/built-in.o
                0x0000000082624080                blk_next_free_devnum
 .text.blk_create_device
                0x00000000826240ac      0x184 drivers/built-in.o
                0x00000000826240ac                blk_create_device
 .text.blk_create_devicef
                0x0000000082624230       0xe0 drivers/built-in.o
                0x0000000082624230                blk_create_devicef

.iplt           0x0000000082624310        0x0
 .iplt          0x0000000082624310        0x0 arch/arm/cpu/armv8/start.o

.rodata         0x0000000082624310     0x2fd1
                0x0000000082624310                . = ALIGN (0x8)
 *(SORT_BY_ALIGNMENT(SORT_BY_NAME(.rodata*)))
 .rodata.bcm6345_serial_ids
                0x0000000082624310       0x20 drivers/built-in.o
 .rodata.bcm6345_serial_ops
                0x0000000082624330       0x40 drivers/built-in.o
 .rodata.bcm6345_wdt_ids
                0x0000000082624370       0x20 drivers/built-in.o
 .rodata.bcm6345_wdt_ops
                0x0000000082624390       0x20 drivers/built-in.o
 .rodata.bcm63xx_hsspi_ids
                0x00000000826243b0       0x20 drivers/built-in.o
 .rodata.bcm63xx_hsspi_ops
                0x00000000826243d0       0x40 drivers/built-in.o
 .rodata.bcm_pmc_1_x_of_match
                0x0000000082624410       0x20 arch/arm/mach-bcmbca/built-in.o
 .rodata.bcm_pmc_3_1_of_match
                0x0000000082624430       0x20 arch/arm/mach-bcmbca/built-in.o
 .rodata.bcm_pmc_3_2_of_match
                0x0000000082624450       0x20 arch/arm/mach-bcmbca/built-in.o
 .rodata.bcm_pmc_lite_of_match
                0x0000000082624470       0x20 arch/arm/mach-bcmbca/built-in.o
 .rodata.bcm_strap_of_match
                0x0000000082624490       0x20 arch/arm/mach-bcmbca/built-in.o
 .rodata.clk_fixed_factor_match
                0x00000000826244b0       0x20 drivers/built-in.o
 .rodata.clk_fixed_factor_ops
                0x00000000826244d0       0x40 drivers/built-in.o
                0x00000000826244d0                clk_fixed_factor_ops
 .rodata.clk_fixed_rate_match
                0x0000000082624510       0x20 drivers/built-in.o
 .rodata.clk_fixed_rate_ops
                0x0000000082624530       0x40 drivers/built-in.o
                0x0000000082624530                clk_fixed_rate_ops
 .rodata.generic_simple_bus_ids
                0x0000000082624570       0x30 drivers/built-in.o
 .rodata.mmc_blk_ops
                0x00000000826245a0       0x20 drivers/built-in.o
 .rodata.root_info
                0x00000000826245c0       0x10 drivers/built-in.o
 .rodata.sdhci_bcmbca_match
                0x00000000826245d0       0x30 drivers/built-in.o
 .rodata.sdhci_ops
                0x0000000082624600       0x28 drivers/built-in.o
                0x0000000082624600                sdhci_ops
 .rodata.crc_table
                0x0000000082624628      0x400 lib/built-in.o
 .rodata.ext_csd_bus_width
                0x0000000082624a28       0x3c drivers/built-in.o
 .rodata.fbase  0x0000000082624a64       0x10 drivers/built-in.o
 .rodata.fdt_next_tag
                0x0000000082624a74        0x9 lib/built-in.o
 *fill*         0x0000000082624a7d        0x3 
 .rodata.freqs.2
                0x0000000082624a80       0x34 drivers/built-in.o
 .rodata.mmc_init
                0x0000000082624ab4        0x8 drivers/built-in.o
 .rodata.mmc_modes_by_pref
                0x0000000082624abc       0x20 drivers/built-in.o
 .rodata.mmc_set_capacity
                0x0000000082624adc        0x8 drivers/built-in.o
 .rodata.mmc_versions.1
                0x0000000082624ae4       0x24 drivers/built-in.o
 .rodata.sd_modes_by_pref
                0x0000000082624b08       0x10 drivers/built-in.o
 .rodata.sotpReadKeyslotData
                0x0000000082624b18        0x7 arch/arm/mach-bcmbca/built-in.o
 *fill*         0x0000000082624b1f        0x1 
 .rodata.sotp_hw_write
                0x0000000082624b20        0x5 arch/arm/mach-bcmbca/built-in.o
 *fill*         0x0000000082624b25        0x3 
 .rodata.vsnprintf_internal
                0x0000000082624b28       0x2c lib/built-in.o
 .rodata.__FUNCTION__.0
                0x0000000082624b54       0x1f arch/arm/mach-bcmbca/built-in.o
 .rodata.__FUNCTION__.0
                0x0000000082624b73       0x17 common/built-in.o
 .rodata.__FUNCTION__.1
                0x0000000082624b8a       0x21 arch/arm/mach-bcmbca/built-in.o
 .rodata.__FUNCTION__.2
                0x0000000082624bab       0x1d arch/arm/mach-bcmbca/built-in.o
 .rodata.__FUNCTION__.3
                0x0000000082624bc8       0x21 arch/arm/mach-bcmbca/built-in.o
 .rodata.__FUNCTION__.4
                0x0000000082624be9       0x14 arch/arm/mach-bcmbca/built-in.o
 .rodata.__FUNCTION__.5
                0x0000000082624bfd        0xf arch/arm/mach-bcmbca/built-in.o
 .rodata.__func__.0
                0x0000000082624c0c       0x10 drivers/built-in.o
 .rodata.__func__.1
                0x0000000082624c1c       0x14 drivers/built-in.o
 .rodata.__func__.2
                0x0000000082624c30       0x13 drivers/built-in.o
 .rodata.__func__.4
                0x0000000082624c43       0x10 drivers/built-in.o
 .rodata.__func__.5
                0x0000000082624c53        0xc drivers/built-in.o
 .rodata.__func__.6
                0x0000000082624c5f        0xb drivers/built-in.o
 .rodata.__stack_chk_fail.str1.1
                0x0000000082624c6a       0x3a arch/arm/mach-bcmbca/built-in.o
 .rodata._ctype
                0x0000000082624ca4      0x100 lib/built-in.o
                0x0000000082624ca4                _ctype
 .rodata.bcm63xx_hsspi_cs_info.str1.1
                0x0000000082624da4        0xa drivers/built-in.o
 .rodata.bcm63xx_hsspi_probe.str1.1
                0x0000000082624dae       0x49 drivers/built-in.o
                                         0x4f (size before relaxing)
 .rodata.bcm63xx_hsspi_xfer.str1.1
                0x0000000082624df7       0xa4 drivers/built-in.o
 .rodata.bcm_early_find_strap_node.str1.1
                0x0000000082624e9b        0xb arch/arm/mach-bcmbca/built-in.o
 .rodata.bcm_get_boot_device.str1.1
                0x0000000082624ea6       0x4f arch/arm/mach-bcmbca/built-in.o
 .rodata.bcm_otp_init.str1.1
                0x0000000082624ef5       0x7c arch/arm/mach-bcmbca/built-in.o
 .rodata.bcm_sec_abort.str1.1
                0x0000000082624f71       0x38 board/broadcom/bcmbca/built-in.o
 .rodata.bcm_sec_boot_state.str1.1
                0x0000000082624fa9       0x7d board/broadcom/bcmbca/built-in.o
 .rodata.bcm_sec_init.str1.1
                0x0000000082625026       0x40 board/broadcom/bcmbca/built-in.o
 .rodata.bcm_strap_drv_reg.str1.1
                0x0000000082625066       0x17 arch/arm/mach-bcmbca/built-in.o
 .rodata.bcm_strap_parse_and_test.str1.1
                0x000000008262507d       0x2f arch/arm/mach-bcmbca/built-in.o
 .rodata.blk_create_devicef.str1.1
                0x00000000826250ac        0x6 drivers/built-in.o
 .rodata.board_init_f.str1.1
                0x00000000826250b2       0x23 board/broadcom/bcmbca/built-in.o
 .rodata.board_init_r.str1.1
                0x00000000826250d5       0x62 common/spl/built-in.o
                                         0xb1 (size before relaxing)
 .rodata.boot_flash_init.str1.1
                0x0000000082625137       0x1d board/broadcom/bcmbca/built-in.o
 .rodata.clk_fixed_factor_ofdata_to_platdata.str1.1
                0x0000000082625154       0x15 drivers/built-in.o
 .rodata.clk_fixed_rate_ofdata_to_platdata.str1.1
                0x0000000082625169       0x10 drivers/built-in.o
 .rodata.clk_get_by_index.str1.1
                0x0000000082625179        0xd drivers/built-in.o
                                         0x14 (size before relaxing)
 .rodata.clk_get_by_name.str1.1
                0x0000000082625186        0xc drivers/built-in.o
 .rodata.clk_set_defaults.str1.1
                0x0000000082625192       0x3c drivers/built-in.o
 .rodata.create_table.str1.1
                0x00000000826251ce       0x62 arch/arm/cpu/armv8/built-in.o
 .rodata.devfdt_get_addr_index.str1.1
                0x0000000082625230        0x4 drivers/built-in.o
 .rodata.digits.1
                0x0000000082625230       0x10 lib/built-in.o
 .rodata.dm_extended_scan_fdt.str1.1
                0x0000000082625240       0x12 drivers/built-in.o
 .rodata.dm_scan_fdt_node.str1.1
                0x0000000082625252       0x15 drivers/built-in.o
                                         0x10 (size before relaxing)
 .rodata.dt_parse_1_x.str1.1
                0x0000000082625252        0xc arch/arm/mach-bcmbca/built-in.o
 .rodata.dt_parse_3_x.str1.1
                0x000000008262525e       0x16 arch/arm/mach-bcmbca/built-in.o
 .rodata.early_abort.str1.1
                0x0000000082625274      0x1e7 board/broadcom/bcmbca/built-in.o
                                        0x1f0 (size before relaxing)
 .rodata.fdt_address_cells.str1.1
                0x000000008262545b        0xf lib/built-in.o
 .rodata.fdt_fixup_memory_banks.str1.1
                0x000000008262546a       0x94 common/built-in.o
 .rodata.fdt_get_alias_namelen.str1.1
                0x00000000826254fe        0x9 lib/built-in.o
 .rodata.fdt_get_phandle.str1.1
                0x0000000082625507        0xe lib/built-in.o
                                         0x16 (size before relaxing)
 .rodata.fdt_node_check_compatible.str1.1
                0x0000000082625515        0xb lib/built-in.o
 .rodata.fdt_size_cells.str1.1
                0x0000000082625520        0xc lib/built-in.o
 .rodata.fdt_support_default_count_cells.str1.1
                0x0000000082625520        0xc common/built-in.o
 .rodata.fdt_translate_address.str1.1
                0x000000008262552c       0x22 common/built-in.o
 .rodata.fdtdec_add_aliases_for_id.str1.1
                0x000000008262554e        0x9 lib/built-in.o
 .rodata.fdtdec_get_chosen_prop.str1.1
                0x000000008262554e        0x8 lib/built-in.o
 .rodata.fdtdec_get_is_enabled.str1.1
                0x0000000082625556        0x5 lib/built-in.o
                                          0xc (size before relaxing)
 .rodata.fdtdec_prepare_fdt.str1.1
                0x000000008262555b        0xd lib/built-in.o
 .rodata.find_magic.str1.1
                0x0000000082625568       0x36 board/broadcom/bcmbca/built-in.o
 .rodata.find_mmc_device.str1.1
                0x000000008262559e       0x19 drivers/built-in.o
 .rodata.hang.str1.1
                0x00000000826255b7       0x2a lib/built-in.o
 .rodata.hex_asc
                0x00000000826255e1       0x11 lib/built-in.o
                0x00000000826255e1                hex_asc
 .rodata.lists_bind_fdt.str1.1
                0x00000000826255f2        0xb drivers/built-in.o
 .rodata.load_boot_blob.str1.1
                0x00000000826255f2       0x90 board/broadcom/bcmbca/built-in.o
 .rodata.load_spl_env.str1.1
                0x0000000082625682       0x33 board/broadcom/bcmbca/built-in.o
 .rodata.mmc_bind.str1.1
                0x00000000826256b5        0x8 drivers/built-in.o
                                          0xc (size before relaxing)
 .rodata.mmc_bread.str1.1
                0x00000000826256bd       0x47 drivers/built-in.o
 .rodata.mmc_get_op_cond.str1.1
                0x0000000082625704       0x29 drivers/built-in.o
 .rodata.mmc_init.str1.1
                0x000000008262572d       0x6d drivers/built-in.o
 .rodata.mmc_initialize.str1.1
                0x000000008262579a       0x17 drivers/built-in.o
 .rodata.mmc_of_parse.str1.1
                0x00000000826257b1       0xda drivers/built-in.o
                                         0xf2 (size before relaxing)
 .rodata.mmc_send_status.str1.1
                0x000000008262588b       0x32 drivers/built-in.o
 .rodata.mmc_spl_load_image.str1.1
                0x00000000826258bd       0x73 drivers/built-in.o
 .rodata.mmc_start_init.str1.1
                0x0000000082625930       0x16 drivers/built-in.o
 .rodata.multipliers
                0x0000000082625946       0x10 drivers/built-in.o
 .rodata.ofnode_get_addr_size_index.str1.1
                0x0000000082625956        0x4 drivers/built-in.o
 .rodata.ofnode_read_resource_byname.str1.1
                0x0000000082625956        0xa drivers/built-in.o
 .rodata.otp_auth_prog_mode.str1.1
                0x0000000082625960       0x6e arch/arm/mach-bcmbca/built-in.o
 .rodata.otp_hw_read.str1.1
                0x00000000826259ce       0x50 arch/arm/mach-bcmbca/built-in.o
 .rodata.otp_hw_write.str1.1
                0x0000000082625a1e       0x51 arch/arm/mach-bcmbca/built-in.o
 .rodata.preloader_console_init.str1.1
                0x0000000082625a6f       0x34 common/spl/built-in.o
 .rodata.sdhci_bcmbca_probe.str1.1
                0x0000000082625aa3       0x72 drivers/built-in.o
 .rodata.sdhci_probe.str1.1
                0x0000000082625b15       0x24 drivers/built-in.o
 .rodata.sdhci_reset.str1.1
                0x0000000082625b39       0x21 drivers/built-in.o
 .rodata.sdhci_send_command.str1.1
                0x0000000082625b5a       0x76 drivers/built-in.o
 .rodata.sdhci_set_clock.isra.0.str1.1
                0x0000000082625bd0       0x4e drivers/built-in.o
 .rodata.sdhci_setup_cfg.str1.1
                0x0000000082625c1e       0x33 drivers/built-in.o
 .rodata.sec_otp_ctrl.str1.1
                0x0000000082625c51       0x20 board/broadcom/bcmbca/built-in.o
 .rodata.serial_init.str1.1
                0x0000000082625c71       0x2b drivers/built-in.o
 .rodata.setup_pgtables.str1.1
                0x0000000082625c9c       0x2d arch/arm/cpu/armv8/built-in.o
 .rodata.simple_bus_post_bind.str1.1
                0x0000000082625cc9        0x7 drivers/built-in.o
 .rodata.sotpPollForFDone.str1.1
                0x0000000082625cc9       0x1e arch/arm/mach-bcmbca/built-in.o
 .rodata.sotpReadEccRow.str1.1
                0x0000000082625ce7       0x93 arch/arm/mach-bcmbca/built-in.o
 .rodata.sotpReadKeyslotData.str1.1
                0x0000000082625d7a      0x1c9 arch/arm/mach-bcmbca/built-in.o
 .rodata.sotpSetStartAndPollForCmdDone.str1.1
                0x0000000082625f43       0x39 arch/arm/mach-bcmbca/built-in.o
 .rodata.sotpWriteEccRow.str1.1
                0x0000000082625f7c       0x5f arch/arm/mach-bcmbca/built-in.o
 .rodata.sotp_hw_write.str1.1
                0x0000000082625fdb      0x38d arch/arm/mach-bcmbca/built-in.o
 .rodata.spi_post_probe.str1.1
                0x0000000082626368       0x12 drivers/built-in.o
 .rodata.spi_slave_ofdata_to_platdata.str1.1
                0x000000008262637a       0x5a drivers/built-in.o
                                         0x5e (size before relaxing)
 .rodata.spl_board_init.str1.1
                0x00000000826263d4       0x76 board/broadcom/bcmbca/built-in.o
                                         0x77 (size before relaxing)
 .rodata.spl_ddrinit.str1.1
                0x000000008262644a      0x135 arch/arm/mach-bcmbca/built-in.o
 .rodata.spl_list_mcb_sel.str1.1
                0x000000008262657f       0x23 arch/arm/mach-bcmbca/built-in.o
 .rodata.spl_mmc_load_image.str1.1
                0x00000000826265a2      0x10e common/spl/built-in.o
 .rodata.spl_set_header_raw_uboot.str1.1
                0x00000000826266b0        0x7 common/spl/built-in.o
 .rodata.split_block.str1.1
                0x00000000826266b7       0x74 arch/arm/cpu/armv8/built-in.o
 .rodata.start_tpl.str1.1
                0x000000008262672b       0x62 board/broadcom/bcmbca/built-in.o
 .rodata.str1.1
                0x000000008262678d      0x1a3 arch/arm/mach-bcmbca/built-in.o
 .rodata.str1.1
                0x0000000082626930       0x11 common/spl/built-in.o
 .rodata.str1.1
                0x0000000082626941      0x808 common/built-in.o
                                        0x835 (size before relaxing)
 .rodata.str1.1
                0x0000000082627149      0x165 drivers/built-in.o
                                        0x190 (size before relaxing)
 .rodata.string.str1.1
                0x00000000826272ae        0x7 lib/built-in.o
 .rodata.sw_complete_wait.constprop.0.str1.1
                0x00000000826272b5       0x2c arch/arm/mach-bcmbca/built-in.o

.rela.dyn       0x00000000826272e8        0x0
 .rela.iplt     0x00000000826272e8        0x0 arch/arm/cpu/armv8/start.o
 .rela.text.otp_hw_cmn_init
                0x00000000826272e8        0x0 arch/arm/cpu/armv8/start.o
 .rela.text.sotp_hw_cmn_init
                0x00000000826272e8        0x0 arch/arm/cpu/armv8/start.o
 .rela.text.jumptable_init
                0x00000000826272e8        0x0 arch/arm/cpu/armv8/start.o

.data           0x00000000826272e8     0x1394
                0x00000000826272e8                . = ALIGN (0x8)
 *(.data*)
 .data          0x00000000826272e8      0x150 arch/arm/mach-bcmbca/built-in.o
                0x0000000082627430                g_fdt_ptr
 .data.__stack_chk_guard
                0x0000000082627438        0x8 arch/arm/mach-bcmbca/built-in.o
                0x0000000082627438                __stack_chk_guard
 .data.broadcom_bcm96856_mem_map
                0x0000000082627440       0xe0 arch/arm/mach-bcmbca/built-in.o
 .data.mem_map  0x0000000082627520        0x8 arch/arm/mach-bcmbca/built-in.o
                0x0000000082627520                mem_map
 .data.g_pmc    0x0000000082627528        0x8 arch/arm/mach-bcmbca/built-in.o
                0x0000000082627528                g_pmc
 .data.rows.0   0x0000000082627530      0x480 arch/arm/mach-bcmbca/built-in.o
 .data.sectn_map
                0x00000000826279b0       0x38 arch/arm/mach-bcmbca/built-in.o
 .data.g_strap  0x00000000826279e8       0x18 arch/arm/mach-bcmbca/built-in.o
 .data.ddr_stdsize
                0x0000000082627a00        0x4 arch/arm/mach-bcmbca/built-in.o
                0x0000000082627a00                ddr_stdsize
 *fill*         0x0000000082627a04        0x4 
 .data          0x0000000082627a08      0x508 board/broadcom/bcmbca/built-in.o
 .data.ovl      0x0000000082627f10      0x660 board/broadcom/bcmbca/built-in.o
 .data          0x0000000082628570       0x98 common/spl/built-in.o
 .data.of_busses
                0x0000000082628608       0x30 common/built-in.o
 .data.sha256_padding
                0x0000000082628638       0x40 lib/built-in.o
 .data.cmd_timeout.3
                0x0000000082628678        0x4 drivers/built-in.o

.igot.plt       0x0000000082628680        0x0
 .igot.plt      0x0000000082628680        0x0 arch/arm/cpu/armv8/start.o

.u_boot_list    0x0000000082628680      0xd18
                0x0000000082628680                . = ALIGN (0x8)
 *(SORT_BY_NAME(.u_boot_list*))
 .u_boot_list_2_cmd_1
                0x0000000082628680        0x0 common/built-in.o
 .u_boot_list_2_cmd_3
                0x0000000082628680        0x0 common/built-in.o
 .u_boot_list_2_driver_1
                0x0000000082628680        0x0 drivers/built-in.o
 .u_boot_list_2_driver_2_bcm6345_serial
                0x0000000082628680       0x78 drivers/built-in.o
                0x0000000082628680                _u_boot_list_2_driver_2_bcm6345_serial
 .u_boot_list_2_driver_2_bcm63xx_hsspi
                0x00000000826286f8       0x78 drivers/built-in.o
                0x00000000826286f8                _u_boot_list_2_driver_2_bcm63xx_hsspi
 .u_boot_list_2_driver_2_bcm_pmc_1_x_drv
                0x0000000082628770       0x78 arch/arm/mach-bcmbca/built-in.o
                0x0000000082628770                _u_boot_list_2_driver_2_bcm_pmc_1_x_drv
 .u_boot_list_2_driver_2_bcm_pmc_3_1_drv
                0x00000000826287e8       0x78 arch/arm/mach-bcmbca/built-in.o
                0x00000000826287e8                _u_boot_list_2_driver_2_bcm_pmc_3_1_drv
 .u_boot_list_2_driver_2_bcm_pmc_3_2_drv
                0x0000000082628860       0x78 arch/arm/mach-bcmbca/built-in.o
                0x0000000082628860                _u_boot_list_2_driver_2_bcm_pmc_3_2_drv
 .u_boot_list_2_driver_2_bcm_pmc_lite_drv
                0x00000000826288d8       0x78 arch/arm/mach-bcmbca/built-in.o
                0x00000000826288d8                _u_boot_list_2_driver_2_bcm_pmc_lite_drv
 .u_boot_list_2_driver_2_bcm_strap_drv
                0x0000000082628950       0x78 arch/arm/mach-bcmbca/built-in.o
                0x0000000082628950                _u_boot_list_2_driver_2_bcm_strap_drv
 .u_boot_list_2_driver_2_clk_fixed_factor
                0x00000000826289c8       0x78 drivers/built-in.o
                0x00000000826289c8                _u_boot_list_2_driver_2_clk_fixed_factor
 .u_boot_list_2_driver_2_clk_fixed_rate
                0x0000000082628a40       0x78 drivers/built-in.o
                0x0000000082628a40                _u_boot_list_2_driver_2_clk_fixed_rate
 .u_boot_list_2_driver_2_mmc
                0x0000000082628ab8       0x78 drivers/built-in.o
                0x0000000082628ab8                _u_boot_list_2_driver_2_mmc
 .u_boot_list_2_driver_2_mmc_blk
                0x0000000082628b30       0x78 drivers/built-in.o
                0x0000000082628b30                _u_boot_list_2_driver_2_mmc_blk
 .u_boot_list_2_driver_2_root_driver
                0x0000000082628ba8       0x78 drivers/built-in.o
                0x0000000082628ba8                _u_boot_list_2_driver_2_root_driver
 .u_boot_list_2_driver_2_sdhci_bcmbca
                0x0000000082628c20       0x78 drivers/built-in.o
                0x0000000082628c20                _u_boot_list_2_driver_2_sdhci_bcmbca
 .u_boot_list_2_driver_2_simple_bus_drv
                0x0000000082628c98       0x78 drivers/built-in.o
                0x0000000082628c98                _u_boot_list_2_driver_2_simple_bus_drv
 .u_boot_list_2_driver_2_spi_generic_drv
                0x0000000082628d10       0x78 drivers/built-in.o
                0x0000000082628d10                _u_boot_list_2_driver_2_spi_generic_drv
 .u_boot_list_2_driver_2_wdt_bcm6345
                0x0000000082628d88       0x78 drivers/built-in.o
                0x0000000082628d88                _u_boot_list_2_driver_2_wdt_bcm6345
 .u_boot_list_2_driver_3
                0x0000000082628e00        0x0 drivers/built-in.o
 .u_boot_list_2_driver_info_1
                0x0000000082628e00        0x0 drivers/built-in.o
 .u_boot_list_2_driver_info_3
                0x0000000082628e00        0x0 drivers/built-in.o
 .u_boot_list_2_env_clbk_1
                0x0000000082628e00        0x0 env/built-in.o
 .u_boot_list_2_env_clbk_3
                0x0000000082628e00        0x0 env/built-in.o
 .u_boot_list_2_env_driver_1
                0x0000000082628e00        0x0 env/built-in.o
 .u_boot_list_2_env_driver_3
                0x0000000082628e00        0x0 env/built-in.o
 .u_boot_list_2_spl_image_loader_1
                0x0000000082628e00        0x0 common/spl/built-in.o
 .u_boot_list_2_spl_image_loader_2_spl_mmc_load_image0BOOT_DEVICE_MMC1
                0x0000000082628e00       0x18 common/spl/built-in.o
                0x0000000082628e00                _u_boot_list_2_spl_image_loader_2_spl_mmc_load_image0BOOT_DEVICE_MMC1
 .u_boot_list_2_spl_image_loader_2_spl_mmc_load_image0BOOT_DEVICE_MMC2
                0x0000000082628e18       0x18 common/spl/built-in.o
                0x0000000082628e18                _u_boot_list_2_spl_image_loader_2_spl_mmc_load_image0BOOT_DEVICE_MMC2
 .u_boot_list_2_spl_image_loader_2_spl_mmc_load_image0BOOT_DEVICE_MMC2_2
                0x0000000082628e30       0x18 common/spl/built-in.o
                0x0000000082628e30                _u_boot_list_2_spl_image_loader_2_spl_mmc_load_image0BOOT_DEVICE_MMC2_2
 .u_boot_list_2_spl_image_loader_3
                0x0000000082628e48        0x0 common/spl/built-in.o
 .u_boot_list_2_uclass_1
                0x0000000082628e48        0x0 drivers/built-in.o
 .u_boot_list_2_uclass_2_blk
                0x0000000082628e48       0x88 drivers/built-in.o
                0x0000000082628e48                _u_boot_list_2_uclass_2_blk
 .u_boot_list_2_uclass_2_clk
                0x0000000082628ed0       0x88 drivers/built-in.o
                0x0000000082628ed0                _u_boot_list_2_uclass_2_clk
 .u_boot_list_2_uclass_2_mmc
                0x0000000082628f58       0x88 drivers/built-in.o
                0x0000000082628f58                _u_boot_list_2_uclass_2_mmc
 .u_boot_list_2_uclass_2_nop
                0x0000000082628fe0       0x88 drivers/built-in.o
                0x0000000082628fe0                _u_boot_list_2_uclass_2_nop
 .u_boot_list_2_uclass_2_root
                0x0000000082629068       0x88 drivers/built-in.o
                0x0000000082629068                _u_boot_list_2_uclass_2_root
 .u_boot_list_2_uclass_2_serial
                0x00000000826290f0       0x88 drivers/built-in.o
                0x00000000826290f0                _u_boot_list_2_uclass_2_serial
 .u_boot_list_2_uclass_2_simple_bus
                0x0000000082629178       0x88 drivers/built-in.o
                0x0000000082629178                _u_boot_list_2_uclass_2_simple_bus
 .u_boot_list_2_uclass_2_spi
                0x0000000082629200       0x88 drivers/built-in.o
                0x0000000082629200                _u_boot_list_2_uclass_2_spi
 .u_boot_list_2_uclass_2_spi_generic
                0x0000000082629288       0x88 drivers/built-in.o
                0x0000000082629288                _u_boot_list_2_uclass_2_spi_generic
 .u_boot_list_2_uclass_2_wdt
                0x0000000082629310       0x88 drivers/built-in.o
                0x0000000082629310                _u_boot_list_2_uclass_2_wdt
 .u_boot_list_2_uclass_3
                0x0000000082629398        0x0 drivers/built-in.o

.image_copy_end
                0x0000000082629398        0x0
                0x0000000082629398                . = ALIGN (0x8)
 *(.__image_copy_end)

.end            0x0000000082629398        0x0
                0x0000000082629398                . = ALIGN (0x8)
 *(.__end)
 .__end         0x0000000082629398        0x0 arch/arm/lib/built-in.o
                0x0000000082629398                _end
                0x0000000082629398                _image_binary_end = .

.bss_start      0x0000000082640000        0x0
                0x0000000082640000                . = ALIGN (0x8)
 *(.__bss_start)
 .__bss_start   0x0000000082640000        0x0 arch/arm/lib/built-in.o
                0x0000000082640000                __bss_start

.bss            0x0000000082640000      0x370
 *(.bss*)
 .bss.pmc       0x0000000082640000       0x40 arch/arm/mach-bcmbca/built-in.o
                0x0000000082640000                pmc
 .bss.ddr_size  0x0000000082640040        0x4 arch/arm/mach-bcmbca/built-in.o
                0x0000000082640040                ddr_size
 *fill*         0x0000000082640044        0x4 
 .bss.ddr_stdalone
                0x0000000082640048        0x8 arch/arm/mach-bcmbca/built-in.o
                0x0000000082640048                ddr_stdalone
 .bss.early_reset
                0x0000000082640050        0x4 arch/arm/mach-bcmbca/built-in.o
                0x0000000082640050                early_reset
 .bss.mcb_sel   0x0000000082640054        0x4 arch/arm/mach-bcmbca/built-in.o
                0x0000000082640054                mcb_sel
 .bss.safe_mode
                0x0000000082640058        0x4 arch/arm/mach-bcmbca/built-in.o
                0x0000000082640058                safe_mode
 .bss.magic_search
                0x000000008264005c       0xb8 board/broadcom/bcmbca/built-in.o
 *fill*         0x0000000082640114        0x4 
 .bss.flash_dev
                0x0000000082640118        0x8 board/broadcom/bcmbca/built-in.o
                0x0000000082640118                flash_dev
 .bss.mmc_boot_part
                0x0000000082640120        0x4 board/broadcom/bcmbca/built-in.o
 *fill*         0x0000000082640124        0x4 
 .bss.tplparams
                0x0000000082640128       0x18 board/broadcom/bcmbca/built-in.o
                0x0000000082640128                tplparams
 .bss.stdio_devices
                0x0000000082640140       0x18 common/built-in.o
                0x0000000082640140                stdio_devices
 .bss.initialized.0
                0x0000000082640158        0x4 drivers/built-in.o
 .bss.temp_buff
                0x000000008264015c      0x200 drivers/built-in.o
                0x000000008264015c                temp_buff
 *fill*         0x000000008264035c        0x4 
 .bss.aligned_buffer
                0x0000000082640360        0x8 drivers/built-in.o
                0x0000000082640360                aligned_buffer
 .bss.next_reset.0
                0x0000000082640368        0x8 drivers/built-in.o
                0x0000000082640370                . = ALIGN (0x8)

.bss_end        0x0000000082640370        0x0
 *(.__bss_end)
 .__bss_end     0x0000000082640370        0x0 arch/arm/lib/built-in.o
                0x0000000082640370                __bss_end

/DISCARD/
 *(.dynsym)

/DISCARD/
 *(.dynstr*)

/DISCARD/
 *(.dynamic*)

/DISCARD/
 *(.plt*)

/DISCARD/
 *(.interp*)

/DISCARD/
 *(.gnu*)
Address of section .text set to 0x82612000
LOAD arch/arm/cpu/armv8/start.o
START GROUP
LOAD arch/arm/mach-bcmbca/built-in.o
LOAD arch/arm/cpu/armv8/built-in.o
LOAD arch/arm/cpu/built-in.o
LOAD arch/arm/lib/built-in.o
LOAD board/broadcom/bcmbca/built-in.o
LOAD common/spl/built-in.o
LOAD common/init/built-in.o
LOAD common/built-in.o
LOAD cmd/built-in.o
LOAD env/built-in.o
LOAD lib/built-in.o
LOAD drivers/built-in.o
LOAD dts/built-in.o
LOAD fs/built-in.o
END GROUP
LOAD /home/docker/am-toolchains/brcm-arm-hnd/crosstools-aarch64-gcc-10.3-linux-4.19-glibc-2.32-binutils-2.36.1/bin/../lib/gcc/aarch64-buildroot-linux-gnu/10.3.0/libgcc.a
OUTPUT(u-boot-spl elf64-littleaarch64)
LOAD linker stubs

.debug_line     0x0000000000000000    0x407e2
 .debug_line    0x0000000000000000       0xd6 arch/arm/cpu/armv8/start.o
 .debug_line    0x00000000000000d6     0xabdd arch/arm/mach-bcmbca/built-in.o
 .debug_line    0x000000000000acb3     0x1fd4 arch/arm/cpu/armv8/built-in.o
 .debug_line    0x000000000000cc87     0x140e arch/arm/lib/built-in.o
 .debug_line    0x000000000000e095     0x3576 board/broadcom/bcmbca/built-in.o
 .debug_line    0x000000000001160b      0xfff common/spl/built-in.o
 .debug_line    0x000000000001260a      0x35e common/init/built-in.o
 .debug_line    0x0000000000012968     0x9bb0 common/built-in.o
 .debug_line    0x000000000001c518     0x1bd5 env/built-in.o
 .debug_line    0x000000000001e0ed    0x11d8a lib/built-in.o