
Discarded input sections

 .data          0x0000000000000000        0x0 arch/arm/cpu/armv8/start.o
 .bss           0x0000000000000000        0x0 arch/arm/cpu/armv8/start.o
 .text          0x0000000000000000       0xb0 arch/arm/mach-bcmbca/built-in.o
 .text.bcmbca_pinmux_set
                0x0000000000000000       0x1c arch/arm/mach-bcmbca/built-in.o
 .text.get_cma_alignment_from_dt
                0x0000000000000000       0x9c arch/arm/mach-bcmbca/built-in.o
 .text.set_reserved_memory
                0x0000000000000000      0x53c arch/arm/mach-bcmbca/built-in.o
 .text.get_nr_cpus
                0x0000000000000000        0x8 arch/arm/mach-bcmbca/built-in.o
 .text.ft_update_cpu_nodes
                0x0000000000000000       0xcc arch/arm/mach-bcmbca/built-in.o
 .text.ft_system_setup
                0x0000000000000000      0xc74 arch/arm/mach-bcmbca/built-in.o
 .text.dtb_getprop
                0x0000000000000000       0x5c arch/arm/mach-bcmbca/built-in.o
 .text.dtb_get_addr_size_cells
                0x0000000000000000       0xb4 arch/arm/mach-bcmbca/built-in.o
 .text._dtb_getprop_cma_rsv_param
                0x0000000000000000       0x78 arch/arm/mach-bcmbca/built-in.o
 .text.dtb_delnode
                0x0000000000000000       0x3c arch/arm/mach-bcmbca/built-in.o
 .text._dtb_setprop_cma_rsvmem_size
                0x0000000000000000       0xd8 arch/arm/mach-bcmbca/built-in.o
 .text.dtb_set_reserved_memory
                0x0000000000000000      0x1bc arch/arm/mach-bcmbca/built-in.o
 .text.dtb_del_cma_rsvmem_device
                0x0000000000000000       0xac arch/arm/mach-bcmbca/built-in.o
 .text.dtb_get_prop
                0x0000000000000000        0x4 arch/arm/mach-bcmbca/built-in.o
 .text.dtb_getprop_reg
                0x0000000000000000      0x188 arch/arm/mach-bcmbca/built-in.o
 .text.dtb_getprop_cma_rsv_param
                0x0000000000000000       0xe4 arch/arm/mach-bcmbca/built-in.o
 .text.dtb_getprop_cma_rsvmem_size
                0x0000000000000000       0x10 arch/arm/mach-bcmbca/built-in.o
 .text.dtb_setprop_cma_rsvmem_size
                0x0000000000000000       0xd8 arch/arm/mach-bcmbca/built-in.o
 .text.dtb_del_cma_rsvmem
                0x0000000000000000       0xc4 arch/arm/mach-bcmbca/built-in.o
 .text.dtb_del_reserved_memory
                0x0000000000000000       0x68 arch/arm/mach-bcmbca/built-in.o
 .text.dtb_set_bootargs
                0x0000000000000000      0x1b8 arch/arm/mach-bcmbca/built-in.o
 .text.bcmbca_enable_memc_sram
                0x0000000000000000       0x70 arch/arm/mach-bcmbca/built-in.o
 .text.bcmbca_disable_memc_sram
                0x0000000000000000       0x10 arch/arm/mach-bcmbca/built-in.o
 .text.bcmbca_get_chipid
                0x0000000000000000       0x80 arch/arm/mach-bcmbca/built-in.o
 .text.SendAndWait
                0x0000000000000000      0x18c arch/arm/mach-bcmbca/built-in.o
 .text.SendCommand
                0x0000000000000000       0x68 arch/arm/mach-bcmbca/built-in.o
 .text.GetRevision
                0x0000000000000000       0x90 arch/arm/mach-bcmbca/built-in.o
 .text.GetPVT   0x0000000000000000      0x118 arch/arm/mach-bcmbca/built-in.o
 .text.GetRCalSetting
                0x0000000000000000        0x8 arch/arm/mach-bcmbca/built-in.o
 .text.ReadZoneRegister
                0x0000000000000000       0x24 arch/arm/mach-bcmbca/built-in.o
 .text.WriteZoneRegister
                0x0000000000000000       0x24 arch/arm/mach-bcmbca/built-in.o
 .text.PowerOnZone
                0x0000000000000000       0x90 arch/arm/mach-bcmbca/built-in.o
 .text.PowerOnDevice
                0x0000000000000000       0x7c arch/arm/mach-bcmbca/built-in.o
 .text.PowerOffZone
                0x0000000000000000       0x70 arch/arm/mach-bcmbca/built-in.o
 .text.PowerOffDevice
                0x0000000000000000       0x78 arch/arm/mach-bcmbca/built-in.o
 .text.ResetDevice
                0x0000000000000000       0x7c arch/arm/mach-bcmbca/built-in.o
 .text.ResetZone
                0x0000000000000000       0x84 arch/arm/mach-bcmbca/built-in.o
 .text.CloseAVS
                0x0000000000000000       0xa8 arch/arm/mach-bcmbca/built-in.o
 .text.PMCcmd   0x0000000000000000        0x8 arch/arm/mach-bcmbca/built-in.o
 .text.WaitPmc  0x0000000000000000      0x218 arch/arm/mach-bcmbca/built-in.o
 .text.StallPmc
                0x0000000000000000        0x8 arch/arm/mach-bcmbca/built-in.o
 .text.UnstallPmc
                0x0000000000000000        0x8 arch/arm/mach-bcmbca/built-in.o
 .text.pmc_reset
                0x0000000000000000        0x4 arch/arm/mach-bcmbca/built-in.o
 .text.pmc_convert_pvtmon
                0x0000000000000000       0x94 arch/arm/mach-bcmbca/built-in.o
 .text.pmc_get_tracktemp
                0x0000000000000000       0x8c arch/arm/mach-bcmbca/built-in.o
 .text.pmc_set_tracktemp
                0x0000000000000000       0x34 arch/arm/mach-bcmbca/built-in.o
 .text.pmc_log  0x0000000000000000        0x4 arch/arm/mach-bcmbca/built-in.o
 .text.pmc_init
[...]
Memory Configuration

Name             Origin             Length             Attributes
*default*        0x0000000000000000 0xffffffffffffffff

Linker script and memory map

                0x0000000000000000                . = 0x0
                0x0000000000000000                . = ALIGN (0x8)

.text           0x0000000005000000      0x110
 *(.__image_copy_start)
 arch/arm/cpu/armv8/start.o(.text*)
 .text          0x0000000005000000      0x110 arch/arm/cpu/armv8/start.o
                0x0000000005000000                _start
                0x0000000005000008                _TEXT_BASE
                0x0000000005000010                _end_ofs
                0x0000000005000018                _bss_start_ofs
                0x0000000005000020                _bss_end_ofs
                0x000000000500002c                save_boot_params_ret
                0x0000000005000084                apply_core_errata
                0x00000000050000c0                lowlevel_init
                0x00000000050000e0                smp_kick_all_cpus
                0x00000000050000ec                c_runtime_cpu_setup

.iplt           0x0000000005000110        0x0
 .iplt          0x0000000005000110        0x0 arch/arm/cpu/armv8/start.o

.efi_runtime    0x0000000005000110        0x0
                0x0000000005000110                __efi_runtime_start = .
 *(.text.efi_runtime*)
 *(.rodata.efi_runtime*)
 *(.data.efi_runtime*)
                0x0000000005000110                __efi_runtime_stop = .

.text_rest      0x0000000005000110    0x1eaa4
 *(.text*)
 .text.mmu_setup
                0x0000000005000110      0x110 arch/arm/mach-bcmbca/built-in.o
                0x0000000005000110                mmu_setup
 .text.enable_caches
                0x0000000005000220       0x14 arch/arm/mach-bcmbca/built-in.o
                0x0000000005000220                enable_caches
 .text.update_uboot_fdt
                0x0000000005000234      0x1f8 arch/arm/mach-bcmbca/built-in.o
                0x0000000005000234                update_uboot_fdt
 .text.__stack_chk_fail
                0x000000000500042c       0x24 arch/arm/mach-bcmbca/built-in.o
                0x000000000500042c                __stack_chk_fail
 .text.boost_cpu_clock
                0x0000000005000450      0x100 arch/arm/mach-bcmbca/built-in.o
                0x0000000005000450                boost_cpu_clock
 .text.arch_cpu_init
                0x0000000005000550       0x28 arch/arm/mach-bcmbca/built-in.o
                0x0000000005000550                arch_cpu_init
 .text.read_bpcm_reg_direct
                0x0000000005000578       0x58 arch/arm/mach-bcmbca/built-in.o
                0x0000000005000578                read_bpcm_reg_direct
 .text.write_bpcm_reg_direct
                0x00000000050005d0       0x60 arch/arm/mach-bcmbca/built-in.o
                0x00000000050005d0                write_bpcm_reg_direct
 .text.ReadBPCMRegister
                0x0000000005000630        0x4 arch/arm/mach-bcmbca/built-in.o
                0x0000000005000630                ReadBPCMRegister
 .text.WriteBPCMRegister
                0x0000000005000634        0x4 arch/arm/mach-bcmbca/built-in.o
                0x0000000005000634                WriteBPCMRegister
 .text.pmc_initmode
                0x0000000005000638       0x2c arch/arm/mach-bcmbca/built-in.o
                0x0000000005000638                pmc_initmode
 .text.pmc_1_x_unmap
                0x0000000005000664        0x4 arch/arm/mach-bcmbca/built-in.o
 .text.dt_parse_1_x
                0x0000000005000668       0xd4 arch/arm/mach-bcmbca/built-in.o
 .text.dt_parse_lite
                0x000000000500073c       0x90 arch/arm/mach-bcmbca/built-in.o
 .text.dt_parse_3_x
                0x00000000050007cc      0x11c arch/arm/mach-bcmbca/built-in.o
 .text.pmc_lite_unmap
                0x00000000050008e8        0x4 arch/arm/mach-bcmbca/built-in.o
 .text.pmc_3_x_unmap
                0x00000000050008ec        0x4 arch/arm/mach-bcmbca/built-in.o
 .text.bcm_pmc_drv_reg
                0x00000000050008f0       0xd8 arch/arm/mach-bcmbca/built-in.o
                0x00000000050008f0                bcm_pmc_drv_reg
 .text.bcm_ubus4_dcm_probe
                0x00000000050009c8      0x11c arch/arm/mach-bcmbca/built-in.o
 .text.bcm_ubus4_probe
                0x0000000005000ae4      0x268 arch/arm/mach-bcmbca/built-in.o
 .text.bcm_ubus4_dcm_clk_bypass
                0x0000000005000d4c       0x34 arch/arm/mach-bcmbca/built-in.o
                0x0000000005000d4c                bcm_ubus4_dcm_clk_bypass
 .text.bcm_ubus_drv_init
                0x0000000005000d80       0xe4 arch/arm/mach-bcmbca/built-in.o
                0x0000000005000d80                bcm_ubus_drv_init
 .text.otp_hw_cmn_init
                0x0000000005000e64       0x70 arch/arm/mach-bcmbca/built-in.o
                0x0000000005000e6c                otp_hw_cmn_init
 .text.sotp_hw_cmn_init
                0x0000000005000ed4       0x70 arch/arm/mach-bcmbca/built-in.o
                0x0000000005000edc                sotp_hw_cmn_init
 .text.bcm_otp_init
                0x0000000005000f44      0x114 arch/arm/mach-bcmbca/built-in.o
                0x0000000005000f44                bcm_otp_init
 .text.bcm_otp_deinit
                0x0000000005001058       0x70 arch/arm/mach-bcmbca/built-in.o
                0x0000000005001058                bcm_otp_deinit
 .text.bcm_otp  0x00000000050010c8       0x28 arch/arm/mach-bcmbca/built-in.o
                0x00000000050010c8                bcm_otp
 .text._get_map
                0x00000000050010f0       0x28 arch/arm/mach-bcmbca/built-in.o
 .text.bcm_otp_read
                0x0000000005001118       0x40 arch/arm/mach-bcmbca/built-in.o
                0x0000000005001118                bcm_otp_read
 .text.bcm_otp_get
                0x0000000005001158       0x8c arch/arm/mach-bcmbca/built-in.o
                0x0000000005001158                bcm_otp_get
 .text.bcm_otp_write
                0x00000000050011e4       0x40 arch/arm/mach-bcmbca/built-in.o
                0x00000000050011e4                bcm_otp_write
 .text.bcm_otp_ctl
                0x0000000005001224       0x34 arch/arm/mach-bcmbca/built-in.o
                0x0000000005001224                bcm_otp_ctl
 .text.bcm_sotp_ctl_perm
                0x0000000005001258       0xcc arch/arm/mach-bcmbca/built-in.o
                0x0000000005001258                bcm_sotp_ctl_perm
 .text.bcm_otp_get_cpu_clk
                0x0000000005001324        0xc arch/arm/mach-bcmbca/built-in.o
                0x0000000005001324                bcm_otp_get_cpu_clk
 .text.__get_addr
                0x0000000005001330       0x4c arch/arm/mach-bcmbca/built-in.o
 .text.otp_map_cmn_read
                0x000000000500137c      0x188 arch/arm/mach-bcmbca/built-in.o
 .text.otp_map_cmn_write
                0x0000000005001504      0x194 arch/arm/mach-bcmbca/built-in.o
 .text.otp_map_cmn_ctl
                0x0000000005001698       0xe8 arch/arm/mach-bcmbca/built-in.o
 .text.otp_map_cmn_malloc
                0x0000000005001780        0x4 arch/arm/mach-bcmbca/built-in.o
                0x0000000005001780                otp_map_cmn_malloc
 .text.otp_map_cmn_deinit
                0x0000000005001784       0x70 arch/arm/mach-bcmbca/built-in.o
                0x0000000005001784                otp_map_cmn_deinit
 .text.otp_map_cmn_init
                0x00000000050017f4      0x100 arch/arm/mach-bcmbca/built-in.o
                0x00000000050017f4                otp_map_cmn_init
 .text.write    0x00000000050018f4       0x34 arch/arm/mach-bcmbca/built-in.o
 .text.read     0x0000000005001928       0x34 arch/arm/mach-bcmbca/built-in.o
 .text.otp_hw_writel
                0x000000000500195c       0x14 arch/arm/mach-bcmbca/built-in.o
                0x000000000500195c                otp_hw_writel
 .text.otp_hw_readl
                0x0000000005001970       0x14 arch/arm/mach-bcmbca/built-in.o
                0x0000000005001970                otp_hw_readl
 .text.otp_wait_cmd_done
                0x0000000005001984       0x48 arch/arm/mach-bcmbca/built-in.o
 .text.otp_hw_cpu_lock
                0x00000000050019cc        0x8 arch/arm/mach-bcmbca/built-in.o
                0x00000000050019cc                otp_hw_cpu_lock
 .text.otp_hw_cpu_unlock
                0x00000000050019d4        0x4 arch/arm/mach-bcmbca/built-in.o
                0x00000000050019d4                otp_hw_cpu_unlock
 .text.otp_auth_prog_mode
                0x00000000050019d8      0x168 arch/arm/mach-bcmbca/built-in.o
 .text.otp_auth_prog_mode_done
                0x0000000005001b40       0x50 arch/arm/mach-bcmbca/built-in.o
 .text.otp_hw_cmn_ctl
                0x0000000005001b90       0x98 arch/arm/mach-bcmbca/built-in.o
                0x0000000005001b90                otp_hw_cmn_ctl
 .text.otp_hw_set_ecc
                0x0000000005001c28       0x1c arch/arm/mach-bcmbca/built-in.o
                0x0000000005001c30                otp_hw_set_ecc
 .text.otp_hw_write
                0x0000000005001c44      0x10c arch/arm/mach-bcmbca/built-in.o
                0x0000000005001c44                otp_hw_write
 .text.otp_hw_get_ecc
                0x0000000005001d50       0x20 arch/arm/mach-bcmbca/built-in.o
                0x0000000005001d58                otp_hw_get_ecc
 .text.otp_hw_read
                0x0000000005001d70      0x17c arch/arm/mach-bcmbca/built-in.o
                0x0000000005001d70                otp_hw_read
 .text.otp_hw_dev_mmap
                0x0000000005001eec       0x14 arch/arm/mach-bcmbca/built-in.o
                0x0000000005001eec                otp_hw_dev_mmap
 .text.otp_hw_init
                0x0000000005001f00       0x40 arch/arm/mach-bcmbca/built-in.o
                0x0000000005001f00                otp_hw_init
 .text.sotp_hw_write_dev
                0x0000000005001f40       0x8c arch/arm/mach-bcmbca/built-in.o
 .text.row2sect
                0x0000000005001fcc       0x4c arch/arm/mach-bcmbca/built-in.o
 .text.sotp_hw_read_dev
                0x0000000005002018       0x8c arch/arm/mach-bcmbca/built-in.o
 .text.sotp_hw_readl
                0x00000000050020a4       0x14 arch/arm/mach-bcmbca/built-in.o
                0x00000000050020a4                sotp_hw_readl
 .text.sotpPollForFDone
                0x00000000050020b8       0x70 arch/arm/mach-bcmbca/built-in.o
 .text.sotp_hw_writel
                0x0000000005002128       0x14 arch/arm/mach-bcmbca/built-in.o
                0x0000000005002128                sotp_hw_writel
 .text.sotpSetStartAndPollForCmdDone
                0x000000000500213c       0xbc arch/arm/mach-bcmbca/built-in.o
 .text.sotpReadEccRow
                0x00000000050021f8      0x1f4 arch/arm/mach-bcmbca/built-in.o
 .text.sotpReadKeyslotData
                0x00000000050023ec      0x1ec arch/arm/mach-bcmbca/built-in.o
 .text.sotp_hw_read
                0x00000000050025d8       0xcc arch/arm/mach-bcmbca/built-in.o
                0x00000000050025d8                sotp_hw_read
 .text.sotpReadNonEccRow
                0x00000000050026a4      0x118 arch/arm/mach-bcmbca/built-in.o
 .text.sotpIsRegionFuseLocked
                0x00000000050027bc       0xd4 arch/arm/mach-bcmbca/built-in.o
 .text.sotpPrepForFusing
                0x0000000005002890      0x130 arch/arm/mach-bcmbca/built-in.o
 .text.sotpFinishFusing
                0x00000000050029c0       0x68 arch/arm/mach-bcmbca/built-in.o
 .text.sotpWriteEccRow
                0x0000000005002a28      0x158 arch/arm/mach-bcmbca/built-in.o
 .text.sotpFuseNonEccRow
                0x0000000005002b80       0x94 arch/arm/mach-bcmbca/built-in.o
 .text.sotp_hw_write
                0x0000000005002c14      0x4b4 arch/arm/mach-bcmbca/built-in.o
                0x0000000005002c14                sotp_hw_write
 .text.sotpKeySlotReadLockStatus.part.0
                0x00000000050030c8       0xc8 arch/arm/mach-bcmbca/built-in.o
 .text.sotpLockRegion.part.0
                0x0000000005003190       0xbc arch/arm/mach-bcmbca/built-in.o
 .text.sotp_hw_ctl
                0x000000000500324c      0x3a4 arch/arm/mach-bcmbca/built-in.o
                0x000000000500324c                sotp_hw_ctl
 .text.sotp_hw_dev_mmap
                0x00000000050035f0       0x14 arch/arm/mach-bcmbca/built-in.o
                0x00000000050035f0                sotp_hw_dev_mmap
 .text.sotp_hw_init
                0x0000000005003604       0x64 arch/arm/mach-bcmbca/built-in.o
                0x0000000005003604                sotp_hw_init
 .text.rng_pac_lock
                0x0000000005003668       0x60 arch/arm/mach-bcmbca/built-in.o
                0x0000000005003668                rng_pac_lock
 .text.bcm_strap_drv_probe
                0x00000000050036c8       0x8c arch/arm/mach-bcmbca/built-in.o
 .text.board_fdt_blob_setup
                0x0000000005003754       0xa8 arch/arm/mach-bcmbca/built-in.o
                0x0000000005003754                board_fdt_blob_setup
 .text.cleanup_before_linux
                0x00000000050037fc       0x28 arch/arm/cpu/armv8/built-in.o
                0x00000000050037fc                cleanup_before_linux
 .text.get_tbclk
                0x0000000005003824        0x8 arch/arm/cpu/armv8/built-in.o
                0x0000000005003824                get_tbclk
 .text.get_ticks
                0x000000000500382c       0x10 arch/arm/cpu/armv8/built-in.o
                0x000000000500382c                get_ticks
 .text.create_table
                0x000000000500383c       0x70 arch/arm/cpu/armv8/built-in.o
 .text.split_block
                0x00000000050038ac       0x90 arch/arm/cpu/armv8/built-in.o
 .text.get_tcr  0x000000000500393c       0xe4 arch/arm/cpu/armv8/built-in.o
                0x000000000500393c                get_tcr
 .text.find_pte
                0x0000000005003a20       0xb4 arch/arm/cpu/armv8/built-in.o
 .text.setup_pgtables
                0x0000000005003ad4      0x16c arch/arm/cpu/armv8/built-in.o
                0x0000000005003ad4                setup_pgtables
 .text.invalidate_dcache_all
                0x0000000005003c40       0x14 arch/arm/cpu/armv8/built-in.o
                0x0000000005003c40                invalidate_dcache_all
 .text.flush_dcache_range
                0x0000000005003c54        0x4 arch/arm/cpu/armv8/built-in.o
                0x0000000005003c54                flush_dcache_range
 .text.dcache_enable
                0x0000000005003c58      0x110 arch/arm/cpu/armv8/built-in.o
                0x0000000005003c58                dcache_enable
 .text.dcache_disable
                0x0000000005003d68       0x84 arch/arm/cpu/armv8/built-in.o
                0x0000000005003d68                dcache_disable
 .text.dcache_sanitize_disable
                0x0000000005003dec       0x70 arch/arm/cpu/armv8/built-in.o
                0x0000000005003dec                dcache_sanitize_disable
 .text.icache_disable
                0x0000000005003e5c       0x64 arch/arm/cpu/armv8/built-in.o
                0x0000000005003e5c                icache_disable
 .text.invalidate_icache_all
                0x0000000005003ec0       0x14 arch/arm/cpu/armv8/built-in.o
                0x0000000005003ec0                invalidate_icache_all
 .text.icache_enable
                0x0000000005003ed4       0x74 arch/arm/cpu/armv8/built-in.o
                0x0000000005003ed4                icache_enable
 .text.__asm_dcache_level
                0x0000000005003f48       0x64 arch/arm/cpu/armv8/built-in.o
                0x0000000005003f48                __asm_dcache_level
 .text.__asm_dcache_all
                0x0000000005003fac       0x60 arch/arm/cpu/armv8/built-in.o
                0x0000000005003fac                __asm_dcache_all
 .text.__asm_flush_dcache_all
                0x000000000500400c        0x8 arch/arm/cpu/armv8/built-in.o
                0x000000000500400c                __asm_flush_dcache_all
 .text.__asm_invalidate_dcache_all
                0x0000000005004014        0x8 arch/arm/cpu/armv8/built-in.o
                0x0000000005004014                __asm_invalidate_dcache_all
 .text.__asm_flush_dcache_range
                0x000000000500401c       0x34 arch/arm/cpu/armv8/built-in.o
                0x000000000500401c                __asm_flush_dcache_range
 .text.__asm_invalidate_icache_all
                0x0000000005004050        0xc arch/arm/cpu/armv8/built-in.o
                0x0000000005004050                __asm_invalidate_icache_all
 .text.__asm_invalidate_l3_dcache
                0x000000000500405c        0x8 arch/arm/cpu/armv8/built-in.o
                0x000000000500405c                __asm_invalidate_l3_dcache
 .text.__asm_flush_l3_dcache
                0x0000000005004064        0x8 arch/arm/cpu/armv8/built-in.o
                0x0000000005004064                __asm_flush_l3_dcache
 .text.__asm_invalidate_l3_icache
                0x000000000500406c        0x8 arch/arm/cpu/armv8/built-in.o
                0x000000000500406c                __asm_invalidate_l3_icache
 .text.__asm_invalidate_tlb_all
                0x0000000005004074       0x4c arch/arm/cpu/armv8/built-in.o
                0x0000000005004074                __asm_invalidate_tlb_all
 .text          0x00000000050040c0      0x110 arch/arm/lib/built-in.o
                0x00000000050040c0                _main
                0x0000000005004138                gic_init_secure
                0x000000000500417c                gic_init_secure_percpu
                0x00000000050041a0                gic_kick_secondary_cpus
                0x00000000050041b0                gic_wait_for_interrupt
 .text.disable_interrupts
                0x00000000050041d0        0x8 arch/arm/lib/built-in.o
                0x00000000050041d0                disable_interrupts
 .text.save_boot_params
                0x00000000050041d8        0xc board/broadcom/bcmbca/built-in.o
                0x00000000050041d8                save_boot_params
 .text.board_spl_fit_post_load
                0x00000000050041e4        0x4 board/broadcom/bcmbca/built-in.o
                0x00000000050041e4                board_spl_fit_post_load
 .text.spl_perform_fixups
                0x00000000050041e8      0x1e8 board/broadcom/bcmbca/built-in.o
                0x00000000050041e8                spl_perform_fixups
 .text.spl_boot_mode
                0x00000000050043d0        0x8 board/broadcom/bcmbca/built-in.o
                0x00000000050043d0                spl_boot_mode
 .text.tpl_get_imgdev_name
                0x00000000050043d8        0xc board/broadcom/bcmbca/built-in.o
                0x00000000050043d8                tpl_get_imgdev_name
 .text.board_boot_order
                0x00000000050043e4       0xd8 board/broadcom/bcmbca/built-in.o
                0x00000000050043e4                board_boot_order
 .text.reserve_mmu
                0x00000000050044bc       0x18 board/broadcom/bcmbca/built-in.o
                0x00000000050044bc                reserve_mmu
 .text.spl_board_prepare_for_boot
                0x00000000050044d4        0x4 board/broadcom/bcmbca/built-in.o
                0x00000000050044d4                spl_board_prepare_for_boot
 .text.dram_init
                0x00000000050044d8       0x5c board/broadcom/bcmbca/built-in.o
                0x00000000050044d8                dram_init
 .text.board_init_f
                0x0000000005004534       0xd4 board/broadcom/bcmbca/built-in.o
                0x0000000005004534                board_init_f
 .text.reset_plls
                0x0000000005004608        0x4 board/broadcom/bcmbca/built-in.o
                0x0000000005004608                reset_plls
 .text.spl_board_init
                0x000000000500460c       0x20 board/broadcom/bcmbca/built-in.o
                0x000000000500460c                spl_board_init
 .text.board_fit_config_name_match
                0x000000000500462c       0x68 board/broadcom/bcmbca/built-in.o
                0x000000000500462c                board_fit_config_name_match
 .text.spl_get_load_buffer
                0x0000000005004694        0x8 board/broadcom/bcmbca/built-in.o
                0x0000000005004694                spl_get_load_buffer
 .text.board_spl_fit_pre_load
                0x000000000500469c       0xc4 board/broadcom/bcmbca/built-in.o
                0x000000000500469c                board_spl_fit_pre_load
 .text.parse_env_string_plus_nums
                0x0000000005004760      0x138 board/broadcom/bcmbca/built-in.o
                0x0000000005004760                parse_env_string_plus_nums
 .text.find_spl_env_val
                0x0000000005004898       0xac board/broadcom/bcmbca/built-in.o
                0x0000000005004898                find_spl_env_val
 .text.bcmbca_set_boot_reason_v1
                0x0000000005004944       0x44 board/broadcom/bcmbca/built-in.o
 .text.bcmbca_set_boot_failed_count_v1
                0x0000000005004988       0x44 board/broadcom/bcmbca/built-in.o
 .text.bcmbca_set_sel_img_id_v1
                0x00000000050049cc       0x48 board/broadcom/bcmbca/built-in.o
 .text.bcmbca_clear_boot_failed_count_v1
                0x0000000005004a14       0x44 board/broadcom/bcmbca/built-in.o
 .text.bcmbca_clear_sel_img_id_v1
                0x0000000005004a58       0x44 board/broadcom/bcmbca/built-in.o
 .text.bcmbca_clear_boot_reason_v1
                0x0000000005004a9c       0x44 board/broadcom/bcmbca/built-in.o
 .text.bcmbca_get_boot_failed_count_v1
                0x0000000005004ae0       0x34 board/broadcom/bcmbca/built-in.o
 .text.bcmbca_get_sel_img_id_v1
                0x0000000005004b14       0x34 board/broadcom/bcmbca/built-in.o
 .text.bcmbca_get_old_boot_reason_v1
                0x0000000005004b48       0x2c board/broadcom/bcmbca/built-in.o
 .text.bcmbca_get_old_boot_reason_v2
                0x0000000005004b74       0x40 board/broadcom/bcmbca/built-in.o
 .text.bcmbca_get_boot_reason_v1
                0x0000000005004bb4       0x2c board/broadcom/bcmbca/built-in.o
 .text.bcmbca_get_boot_reason_v2
                0x0000000005004be0       0x34 board/broadcom/bcmbca/built-in.o
 .text.bcmbca_get_boot_failed_count_v2
                0x0000000005004c14       0x38 board/broadcom/bcmbca/built-in.o
 .text.bcmbca_get_sel_img_id_v2
                0x0000000005004c4c       0x38 board/broadcom/bcmbca/built-in.o
 .text.bootstate_v1_probe
                0x0000000005004c84      0x174 board/broadcom/bcmbca/built-in.o
 .text.bootstate_v2_probe
                0x0000000005004df8      0x114 board/broadcom/bcmbca/built-in.o
 .text.bcmbca_set_sel_img_id_v2
                0x0000000005004f0c       0x90 board/broadcom/bcmbca/built-in.o
 .text.bcmbca_set_boot_failed_count_v2
                0x0000000005004f9c       0x94 board/broadcom/bcmbca/built-in.o
 .text.bcmbca_set_boot_reason_v2
                0x0000000005005030       0x94 board/broadcom/bcmbca/built-in.o
 .text.bcmbca_clear_sel_img_id_v2
                0x00000000050050c4       0x88 board/broadcom/bcmbca/built-in.o
 .text.bcmbca_clear_boot_failed_count_v2
                0x000000000500514c       0x90 board/broadcom/bcmbca/built-in.o
 .text.bcmbca_clear_boot_reason_v2
                0x00000000050051dc       0x90 board/broadcom/bcmbca/built-in.o
 .text.bcmbca_get_boot_reason
                0x000000000500526c       0x1c board/broadcom/bcmbca/built-in.o
                0x000000000500526c                bcmbca_get_boot_reason
 .text.bca_bootstate_probe
                0x0000000005005288       0x74 board/broadcom/bcmbca/built-in.o
                0x0000000005005288                bca_bootstate_probe
 .text.bcm_sec_antirollback_lvl_ctl
                0x00000000050052fc      0x23c board/broadcom/bcmbca/built-in.o
 .text.bcm_sec_update_ctrl_arg
                0x0000000005005538       0x74 board/broadcom/bcmbca/built-in.o
                0x0000000005005538                bcm_sec_update_ctrl_arg
 .text.bcm_sec_boot_state
                0x00000000050055ac      0x184 board/broadcom/bcmbca/built-in.o
                0x00000000050055ac                bcm_sec_boot_state
 .text.bcm_sec_get_sec_ser_num
                0x0000000005005730      0x118 board/broadcom/bcmbca/built-in.o
                0x0000000005005730                bcm_sec_get_sec_ser_num
 .text.bcm_sec_get_antirollback_lvl
                0x0000000005005848        0x8 board/broadcom/bcmbca/built-in.o
                0x0000000005005848                bcm_sec_get_antirollback_lvl
 .text.bcm_sec_set_antirollback_lvl
                0x0000000005005850       0x20 board/broadcom/bcmbca/built-in.o
                0x0000000005005850                bcm_sec_set_antirollback_lvl
 .text.bcm_sec  0x0000000005005870        0xc board/broadcom/bcmbca/built-in.o
                0x0000000005005870                bcm_sec
 .text.bcm_sec_state
                0x000000000500587c        0xc board/broadcom/bcmbca/built-in.o
                0x000000000500587c                bcm_sec_state
 .text.bcm_sec_get_active_aes_key
                0x0000000005005888       0x10 board/broadcom/bcmbca/built-in.o
                0x0000000005005888                bcm_sec_get_active_aes_key
 .text.bcm_sec_set_active_aes_key
                0x0000000005005898        0xc board/broadcom/bcmbca/built-in.o
                0x0000000005005898                bcm_sec_set_active_aes_key
 .text.bcm_sec_get_active_pub_key_info
                0x00000000050058a4       0x1c board/broadcom/bcmbca/built-in.o
                0x00000000050058a4                bcm_sec_get_active_pub_key_info
 .text.bcm_sec_set_active_pub_key
                0x00000000050058c0       0x10 board/broadcom/bcmbca/built-in.o
                0x00000000050058c0                bcm_sec_set_active_pub_key
 .text.bcm_sec_clean_secmem
                0x00000000050058d0       0x28 board/broadcom/bcmbca/built-in.o
                0x00000000050058d4                bcm_sec_clean_secmem
 .text.bcm_sec_btrm_key_info
                0x00000000050058f8       0x78 board/broadcom/bcmbca/built-in.o
                0x00000000050058f8                bcm_sec_btrm_key_info
 .text.bcm_sec_clean_keys
                0x0000000005005970       0x3c board/broadcom/bcmbca/built-in.o
                0x0000000005005970                bcm_sec_clean_keys
 .text.bcm_sec_cb_init
                0x00000000050059ac       0x2c board/broadcom/bcmbca/built-in.o
                0x00000000050059b0                bcm_sec_cb_init
 .text.bcm_sec_init
                0x00000000050059d8       0x78 board/broadcom/bcmbca/built-in.o
                0x00000000050059d8                bcm_sec_init
 .text.bcm_sec_do
                0x0000000005005a50      0x138 board/broadcom/bcmbca/built-in.o
                0x0000000005005a50                bcm_sec_do
 .text.bcm_sec_lock
                0x0000000005005b88        0x4 board/broadcom/bcmbca/built-in.o
                0x0000000005005b88                bcm_sec_lock
 .text.bcm_sec_deinit
                0x0000000005005b8c       0x44 board/broadcom/bcmbca/built-in.o
                0x0000000005005b8c                bcm_sec_deinit
 .text.bcm_sec_abort
                0x0000000005005bd0       0x34 board/broadcom/bcmbca/built-in.o
                0x0000000005005bd0                bcm_sec_abort
 .text.bcm_sec_fit
                0x0000000005005c04      0x7e0 board/broadcom/bcmbca/built-in.o
                0x0000000005005c0c                bcm_sec_fit
 .text.bcm_sec_validate_fit
                0x00000000050063e4       0xf0 board/broadcom/bcmbca/built-in.o
                0x00000000050063ec                bcm_sec_validate_fit
 .text.bcm_sec_delg_on_post_load
                0x00000000050064d4       0x70 board/broadcom/bcmbca/built-in.o
                0x00000000050064d8                bcm_sec_delg_on_post_load
 .text.bcm_sec_delg_pre_launch_fixup
                0x0000000005006544      0x258 board/broadcom/bcmbca/built-in.o
                0x0000000005006548                bcm_sec_delg_pre_launch_fixup
 .text.bcm_sec_state_to_fdt
                0x000000000500679c       0xc4 board/broadcom/bcmbca/built-in.o
                0x00000000050067a0                bcm_sec_state_to_fdt
 .text.sec_rng_ctrl
                0x0000000005006860       0x44 board/broadcom/bcmbca/built-in.o
 .text.sec_otp_ctrl
                0x00000000050068a4       0xa0 board/broadcom/bcmbca/built-in.o
 .text.sec_add_fdt_node
                0x0000000005006944       0x90 board/broadcom/bcmbca/built-in.o
 .text.bcm_sec_get_antirollback_node
                0x00000000050069d4      0x108 board/broadcom/bcmbca/built-in.o
 .text.bcm_sec_get_sec_restriction_subnode
                0x0000000005006adc       0xbc board/broadcom/bcmbca/built-in.o
 .text.bcm_sec_chk_loaded_bin
                0x0000000005006b98       0xd0 board/broadcom/bcmbca/built-in.o
 .text.fdt_key_decrypt
                0x0000000005006c68       0xcc board/broadcom/bcmbca/built-in.o
 .text.sec_add_export_item_fdt
                0x0000000005006d34      0x548 board/broadcom/bcmbca/built-in.o
 .text.bcm_sec_get_encoded_keys.isra.0
                0x000000000500727c      0x35c board/broadcom/bcmbca/built-in.o
 .text.get_fit_value.isra.0
                0x00000000050075d8       0x34 board/broadcom/bcmbca/built-in.o
 .text.bcm_sec_retrieve_export_items.isra.0
                0x000000000500760c      0x2f0 board/broadcom/bcmbca/built-in.o
 .text.sec_add_decoded_key_fdt.isra.0
                0x00000000050078fc      0x1f4 board/broadcom/bcmbca/built-in.o
 .text.bcm_sec_get_root_aes_key
                0x0000000005007af0       0x28 board/broadcom/bcmbca/built-in.o
                0x0000000005007af0                bcm_sec_get_root_aes_key
 .text.sec_key_ctrl
                0x0000000005007b18      0x3f0 board/broadcom/bcmbca/built-in.o
 .text.bcm_sec_get_delg_cfg
                0x0000000005007f08       0x18 board/broadcom/bcmbca/built-in.o
                0x0000000005007f08                bcm_sec_get_delg_cfg
 .text.bcm_sec_delg_process_required_images
                0x0000000005007f20      0x4fc board/broadcom/bcmbca/built-in.o
 .text.bcm_sec_delg_post_process_sw_restrictions
                0x000000000500841c        0x8 board/broadcom/bcmbca/built-in.o
                0x000000000500841c                bcm_sec_delg_post_process_sw_restrictions
 .text.bcm_sec_delg_pre_process_sw_restrictions
                0x0000000005008424      0x50c board/broadcom/bcmbca/built-in.o
                0x0000000005008424                bcm_sec_delg_pre_process_sw_restrictions
 .text.bcm_sec_delg_process_sec_node
                0x0000000005008930      0x434 board/broadcom/bcmbca/built-in.o
                0x0000000005008930                bcm_sec_delg_process_sec_node
 .text.bcm_sec_delg_process_sdr
                0x0000000005008d64      0x20c board/broadcom/bcmbca/built-in.o
                0x0000000005008d64                bcm_sec_delg_process_sdr
 .text.bcm_tag_fit_hdr_validate
                0x0000000005008f70      0x268 board/broadcom/bcmbca/built-in.o
                0x0000000005008f70                bcm_tag_fit_hdr_validate
 .text.bcm_util_hex2u32
                0x00000000050091d8       0xbc board/broadcom/bcmbca/built-in.o
                0x00000000050091d8                bcm_util_hex2u32
 .text.bcm_util_env_var2bin
                0x0000000005009294      0x100 board/broadcom/bcmbca/built-in.o
                0x0000000005009294                bcm_util_env_var2bin
 .text.bcm_sec_aes_cbc
                0x0000000005009394       0x98 board/broadcom/bcmbca/built-in.o
                0x0000000005009394                bcm_sec_aes_cbc
 .text.bcm_sec_aes_cbc128
                0x000000000500942c       0x18 board/broadcom/bcmbca/built-in.o
                0x000000000500942c                bcm_sec_aes_cbc128
 .text.bcm_sec_digest
                0x0000000005009444       0x7c board/broadcom/bcmbca/built-in.o
                0x0000000005009444                bcm_sec_digest
 .text.bcm_sec_rsa_verify
                0x00000000050094c0      0x2e0 board/broadcom/bcmbca/built-in.o
                0x00000000050094c0                bcm_sec_rsa_verify
 .text.bcm_sec_get_reqd_load_size
                0x00000000050097a0       0x10 board/broadcom/bcmbca/built-in.o
                0x00000000050097a0                bcm_sec_get_reqd_load_size
 .text.gmp_default_free
                0x00000000050097b0        0x4 board/broadcom/bcmbca/built-in.o
 .text.gmp_xalloc_limbs
                0x00000000050097b4       0x14 board/broadcom/bcmbca/built-in.o
 .text.mpn_normalized_size
                0x00000000050097c8       0x24 board/broadcom/bcmbca/built-in.o
 .text.mpn_common_scan
                0x00000000050097ec       0x6c board/broadcom/bcmbca/built-in.o
 .text.mpz_realloc
                0x0000000005009858       0x80 board/broadcom/bcmbca/built-in.o
 .text.gmp_die  0x00000000050098d8       0x20 board/broadcom/bcmbca/built-in.o
 .text.gmp_default_alloc
                0x00000000050098f8       0x44 board/broadcom/bcmbca/built-in.o
 .text.gmp_default_realloc
                0x000000000500993c       0x5c board/broadcom/bcmbca/built-in.o
 .text.mpz_set_ui.part.0
                0x0000000005009998       0x44 board/broadcom/bcmbca/built-in.o
 .text.mpn_copyi
                0x00000000050099dc       0x20 board/broadcom/bcmbca/built-in.o
                0x00000000050099dc                mpn_copyi
 .text.mpn_copyd
                0x00000000050099fc       0x18 board/broadcom/bcmbca/built-in.o
                0x00000000050099fc                mpn_copyd
 .text.mpn_cmp  0x0000000005009a14       0x2c board/broadcom/bcmbca/built-in.o
                0x0000000005009a14                mpn_cmp
 .text.mpn_zero_p
                0x0000000005009a40       0x1c board/broadcom/bcmbca/built-in.o
                0x0000000005009a40                mpn_zero_p
 .text.mpn_zero
                0x0000000005009a5c       0x14 board/broadcom/bcmbca/built-in.o
                0x0000000005009a5c                mpn_zero
 .text.mpn_add_1
                0x0000000005009a70       0x2c board/broadcom/bcmbca/built-in.o
                0x0000000005009a70                mpn_add_1
 .text.mpz_abs_add_bit
                0x0000000005009a9c       0xf0 board/broadcom/bcmbca/built-in.o
 .text.mpn_add_n
                0x0000000005009b8c       0x3c board/broadcom/bcmbca/built-in.o
                0x0000000005009b8c                mpn_add_n
 .text.mpn_add  0x0000000005009bc8       0x48 board/broadcom/bcmbca/built-in.o
                0x0000000005009bc8                mpn_add
 .text.mpz_abs_add
                0x0000000005009c10       0xa8 board/broadcom/bcmbca/built-in.o
 .text.mpn_sub_1
                0x0000000005009cb8       0x34 board/broadcom/bcmbca/built-in.o
                0x0000000005009cb8                mpn_sub_1
 .text.mpz_abs_sub_bit
                0x0000000005009cec       0x60 board/broadcom/bcmbca/built-in.o
 .text.mpn_sub_n
                0x0000000005009d4c       0x40 board/broadcom/bcmbca/built-in.o
                0x0000000005009d4c                mpn_sub_n
 .text.mpn_sub  0x0000000005009d8c       0x48 board/broadcom/bcmbca/built-in.o
                0x0000000005009d8c                mpn_sub
 .text.mpz_abs_sub
                0x0000000005009dd4      0x118 board/broadcom/bcmbca/built-in.o
 .text.mpn_mul_1
                0x0000000005009eec       0x70 board/broadcom/bcmbca/built-in.o
                0x0000000005009eec                mpn_mul_1
 .text.mpn_addmul_1
                0x0000000005009f5c       0x78 board/broadcom/bcmbca/built-in.o
                0x0000000005009f5c                mpn_addmul_1
 .text.mpn_submul_1
                0x0000000005009fd4       0x7c board/broadcom/bcmbca/built-in.o
                0x0000000005009fd4                mpn_submul_1
 .text.mpn_mul  0x000000000500a050       0xa8 board/broadcom/bcmbca/built-in.o
                0x000000000500a050                mpn_mul
 .text.mpn_lshift
                0x000000000500a0f8       0x60 board/broadcom/bcmbca/built-in.o
                0x000000000500a0f8                mpn_lshift
 .text.mpn_div_qr_1_preinv
                0x000000000500a158      0x14c board/broadcom/bcmbca/built-in.o
 .text.mpn_rshift
                0x000000000500a2a4       0x50 board/broadcom/bcmbca/built-in.o
                0x000000000500a2a4                mpn_rshift
 .text.mpn_div_qr_preinv
                0x000000000500a2f4      0x404 board/broadcom/bcmbca/built-in.o
 .text.mpn_invert_3by2
                0x000000000500a6f8      0x128 board/broadcom/bcmbca/built-in.o
                0x000000000500a6f8                mpn_invert_3by2
 .text.mpn_div_qr_1_invert
                0x000000000500a820       0x58 board/broadcom/bcmbca/built-in.o
 .text.mpn_div_qr_invert
                0x000000000500a878       0xec board/broadcom/bcmbca/built-in.o
 .text.mpz_init
                0x000000000500a964       0x10 board/broadcom/bcmbca/built-in.o
                0x000000000500a964                mpz_init
 .text.mpz_init2
                0x000000000500a974       0x3c board/broadcom/bcmbca/built-in.o
                0x000000000500a974                mpz_init2
 .text.mpz_clear
                0x000000000500a9b0       0x24 board/broadcom/bcmbca/built-in.o
                0x000000000500a9b0                mpz_clear
 .text.mpz_set_ui
                0x000000000500a9d4       0x10 board/broadcom/bcmbca/built-in.o
                0x000000000500a9d4                mpz_set_ui
 .text.mpz_set_si
                0x000000000500a9e4       0x50 board/broadcom/bcmbca/built-in.o
                0x000000000500a9e4                mpz_set_si
 .text.mpz_set  0x000000000500aa34       0x74 board/broadcom/bcmbca/built-in.o
                0x000000000500aa34                mpz_set
 .text.mpz_init_set_ui
                0x000000000500aaa8       0x10 board/broadcom/bcmbca/built-in.o
                0x000000000500aaa8                mpz_init_set_ui
 .text.mpz_init_set
                0x000000000500aab8       0x10 board/broadcom/bcmbca/built-in.o
                0x000000000500aab8                mpz_init_set
 .text.mpz_get_ui
                0x000000000500aac8       0x1c board/broadcom/bcmbca/built-in.o
                0x000000000500aac8                mpz_get_ui
 .text.mpz_sgn  0x000000000500aae4       0x14 board/broadcom/bcmbca/built-in.o
                0x000000000500aae4                mpz_sgn
 .text.mpz_cmp  0x000000000500aaf8       0x44 board/broadcom/bcmbca/built-in.o
                0x000000000500aaf8                mpz_cmp
 .text.mpz_cmpabs_ui
                0x000000000500ab3c       0x44 board/broadcom/bcmbca/built-in.o
                0x000000000500ab3c                mpz_cmpabs_ui
 .text.mpz_cmp_ui
                0x000000000500ab80       0x14 board/broadcom/bcmbca/built-in.o
                0x000000000500ab80                mpz_cmp_ui
 .text.mpz_cmpabs
                0x000000000500ab94       0x40 board/broadcom/bcmbca/built-in.o
                0x000000000500ab94                mpz_cmpabs
 .text.mpz_abs  0x000000000500abd4       0x30 board/broadcom/bcmbca/built-in.o
                0x000000000500abd4                mpz_abs
 .text.mpz_neg  0x000000000500ac04       0x2c board/broadcom/bcmbca/built-in.o
                0x000000000500ac04                mpz_neg
 .text.mpz_swap
                0x000000000500ac30       0x34 board/broadcom/bcmbca/built-in.o
                0x000000000500ac30                mpz_swap
 .text.mpz_add  0x000000000500ac64       0x4c board/broadcom/bcmbca/built-in.o
                0x000000000500ac64                mpz_add
 .text.mpz_add_ui
                0x000000000500acb0       0x70 board/broadcom/bcmbca/built-in.o
                0x000000000500acb0                mpz_add_ui
 .text.mpz_ui_sub
                0x000000000500ad20       0x34 board/broadcom/bcmbca/built-in.o
                0x000000000500ad20                mpz_ui_sub
 .text.mpz_sub_ui
                0x000000000500ad54       0x34 board/broadcom/bcmbca/built-in.o
                0x000000000500ad54                mpz_sub_ui
 .text.mpz_div_q_2exp
                0x000000000500ad88      0x160 board/broadcom/bcmbca/built-in.o
 .text.mpz_sub  0x000000000500aee8       0x4c board/broadcom/bcmbca/built-in.o
                0x000000000500aee8                mpz_sub
 .text.mpz_div_qr
                0x000000000500af34      0x354 board/broadcom/bcmbca/built-in.o
 .text.mpz_mul  0x000000000500b288      0x118 board/broadcom/bcmbca/built-in.o
                0x000000000500b288                mpz_mul
 .text.mpz_mul_2exp
                0x000000000500b3a0       0xd0 board/broadcom/bcmbca/built-in.o
                0x000000000500b3a0                mpz_mul_2exp
 .text.mpz_tdiv_qr
                0x000000000500b470        0x8 board/broadcom/bcmbca/built-in.o
                0x000000000500b470                mpz_tdiv_qr
 .text.mpz_tdiv_q
                0x000000000500b478       0x14 board/broadcom/bcmbca/built-in.o
                0x000000000500b478                mpz_tdiv_q
 .text.mpz_mod  0x000000000500b48c       0x1c board/broadcom/bcmbca/built-in.o
                0x000000000500b48c                mpz_mod
 .text.mpz_tdiv_q_2exp
                0x000000000500b4a8        0x8 board/broadcom/bcmbca/built-in.o
                0x000000000500b4a8                mpz_tdiv_q_2exp
 .text.mpz_make_odd
                0x000000000500b4b0       0x4c board/broadcom/bcmbca/built-in.o
 .text.mpz_pow_ui
                0x000000000500b4fc       0xbc board/broadcom/bcmbca/built-in.o
                0x000000000500b4fc                mpz_pow_ui
 .text.mpz_tstbit
                0x000000000500b5b8       0x6c board/broadcom/bcmbca/built-in.o
                0x000000000500b5b8                mpz_tstbit
 .text.mpz_setbit
                0x000000000500b624       0x44 board/broadcom/bcmbca/built-in.o
                0x000000000500b624                mpz_setbit
 .text.mpz_gcdext
                0x000000000500b668      0x468 board/broadcom/bcmbca/built-in.o
                0x000000000500b668                mpz_gcdext
 .text.mpz_invert
                0x000000000500bad0      0x108 board/broadcom/bcmbca/built-in.o
                0x000000000500bad0                mpz_invert
 .text.mpz_import
                0x000000000500bbd8      0x148 board/broadcom/bcmbca/built-in.o
                0x000000000500bbd8                mpz_import
 .text.mpz_export
                0x000000000500bd20      0x180 board/broadcom/bcmbca/built-in.o
                0x000000000500bd20                mpz_export
 .text.show_boot_progress
                0x000000000500bea0        0x4 common/spl/built-in.o
                0x000000000500bea0                show_boot_progress
 .text.spl_common_init.constprop.0
                0x000000000500bea4       0x38 common/spl/built-in.o
 .text.spl_set_header_raw_uboot
                0x000000000500bedc       0x2c common/spl/built-in.o
                0x000000000500bedc                spl_set_header_raw_uboot
 .text.spl_parse_image_header
                0x000000000500bf08       0x90 common/spl/built-in.o
                0x000000000500bf08                spl_parse_image_header
 .text.jump_to_image_no_args
                0x000000000500bf98       0x10 common/spl/built-in.o
                0x000000000500bf98                jump_to_image_no_args
 .text.spl_set_bd
                0x000000000500bfa8       0x18 common/spl/built-in.o
                0x000000000500bfa8                spl_set_bd
 .text.spl_early_init
                0x000000000500bfc0       0x24 common/spl/built-in.o
                0x000000000500bfc0                spl_early_init
 .text.spl_init
                0x000000000500bfe4       0x44 common/spl/built-in.o
                0x000000000500bfe4                spl_init
 .text.board_init_r
                0x000000000500c028      0x174 common/spl/built-in.o
                0x000000000500c028                board_init_r
 .text.preloader_console_init
                0x000000000500c19c       0x30 common/spl/built-in.o
                0x000000000500c19c                preloader_console_init
 .text.spl_relocate_stack_gd
                0x000000000500c1cc        0x8 common/spl/built-in.o
                0x000000000500c1cc                spl_relocate_stack_gd
 .text.spl_fit_get_image_name.constprop.0
                0x000000000500c1d4      0x140 common/spl/built-in.o
 .text.spl_fit_get_image_node
                0x000000000500c314       0x7c common/spl/built-in.o
 .text.spl_load_fit_image
                0x000000000500c390      0x228 common/spl/built-in.o
 .text.spl_fit_append_fdt.isra.0
                0x000000000500c5b8       0xc4 common/spl/built-in.o
 .text.board_spl_fit_size_align
                0x000000000500c67c        0x4 common/spl/built-in.o
                0x000000000500c67c                board_spl_fit_size_align
 .text.spl_load_simple_fit
                0x000000000500c680      0x3bc common/spl/built-in.o
                0x000000000500c680                spl_load_simple_fit
 .text.h_spl_load_read
                0x000000000500ca3c       0x40 common/spl/built-in.o
 .text.spl_mmc_load_image
                0x000000000500ca7c      0x25c common/spl/built-in.o
                0x000000000500ca7c                spl_mmc_load_image
 .text.spl_fit_images_get_entry
                0x000000000500ccd8       0x50 common/spl/built-in.o
                0x000000000500ccd8                spl_fit_images_get_entry
 .text.spl_invoke_atf
                0x000000000500cd28      0x1b8 common/spl/built-in.o
                0x000000000500cd28                spl_invoke_atf
 .text.board_init_f_alloc_reserve
                0x000000000500cee0       0x10 common/init/built-in.o
                0x000000000500cee0                board_init_f_alloc_reserve
 .text.board_init_f_init_reserve
                0x000000000500cef0       0x30 common/init/built-in.o
                0x000000000500cef0                board_init_f_init_reserve
 .text.hash_finish_crc16_ccitt
                0x000000000500cf20       0x24 common/built-in.o
 .text.hash_finish_crc32
                0x000000000500cf44       0x24 common/built-in.o
 .text.hash_update_crc32
                0x000000000500cf68       0x34 common/built-in.o
 .text.hash_init_crc32
                0x000000000500cf9c       0x30 common/built-in.o
 .text.hash_init_crc16_ccitt
                0x000000000500cfcc       0x30 common/built-in.o
 .text.hash_update_crc16_ccitt
                0x000000000500cffc       0x34 common/built-in.o
 .text.hash_finish_sha256
                0x000000000500d030       0x38 common/built-in.o
 .text.hash_update_sha256
                0x000000000500d068       0x24 common/built-in.o
 .text.hash_init_sha256
                0x000000000500d08c       0x34 common/built-in.o
 .text.hash_finish_sha1
                0x000000000500d0c0       0x38 common/built-in.o
 .text.hash_update_sha1
                0x000000000500d0f8       0x24 common/built-in.o
 .text.hash_init_sha1
                0x000000000500d11c       0x34 common/built-in.o
 .text.hash_progressive_lookup_algo
                0x000000000500d150       0x7c common/built-in.o
                0x000000000500d150                hash_progressive_lookup_algo
 .text.fdt_getprop_u32
                0x000000000500d1cc       0x64 common/built-in.o
                0x000000000500d1cc                fdt_getprop_u32
 .text.fit_find_config_node
                0x000000000500d230      0x134 common/built-in.o
                0x000000000500d230                fit_find_config_node
 .text.of_bus_default_map
                0x000000000500d364       0xa8 common/built-in.o
 .text.of_bus_default_translate
                0x000000000500d40c       0xb8 common/built-in.o
 .text.fdt_support_default_count_cells
                0x000000000500d4c4       0x70 common/built-in.o
                0x000000000500d4c4                fdt_support_default_count_cells
 .text.fdt_find_or_add_subnode
                0x000000000500d534       0x74 common/built-in.o
                0x000000000500d534                fdt_find_or_add_subnode
 .text.fdt_record_loadable
                0x000000000500d5a8      0x1a0 common/built-in.o
                0x000000000500d5a8                fdt_record_loadable
 .text.fdt_shrink_to_minimum
                0x000000000500d748      0x108 common/built-in.o
                0x000000000500d748                fdt_shrink_to_minimum
 .text.fdt_translate_address
                0x000000000500d850      0x29c common/built-in.o
                0x000000000500d850                fdt_translate_address
 .text.mdelay   0x000000000500daec        0xc common/built-in.o
 .text.dummy    0x000000000500daf8        0x4 common/built-in.o
 .text.get_version
                0x000000000500dafc        0x8 common/built-in.o
                0x000000000500dafc                get_version
 .text.jumptable_init
                0x000000000500db04      0x1d8 common/built-in.o
                0x000000000500db04                jumptable_init
 .text.fgetc.part.0
                0x000000000500dcdc       0x4c common/built-in.o
 .text.getc     0x000000000500dd28       0x24 common/built-in.o
                0x000000000500dd28                getc
 .text.puts     0x000000000500dd4c       0x34 common/built-in.o
                0x000000000500dd4c                puts
 .text.putc     0x000000000500dd80       0x38 common/built-in.o
                0x000000000500dd80                putc
 .text.ftstc    0x000000000500ddb8       0x28 common/built-in.o
                0x000000000500ddb8                ftstc
 .text.tstc     0x000000000500dde0       0x24 common/built-in.o
                0x000000000500dde0                tstc
 .text.alloc_simple
                0x000000000500de04       0x54 common/built-in.o
 .text.malloc_simple
                0x000000000500de58        0x8 common/built-in.o
                0x000000000500de58                malloc_simple
 .text.memalign_simple
                0x000000000500de60       0x10 common/built-in.o
                0x000000000500de60                memalign_simple
 .text.calloc   0x000000000500de70       0x3c common/built-in.o
                0x000000000500de70                calloc
 .text.get_table_entry_id
                0x000000000500deac       0x50 common/built-in.o
                0x000000000500deac                get_table_entry_id
 .text.genimg_get_os_id
                0x000000000500defc       0x18 common/built-in.o
                0x000000000500defc                genimg_get_os_id
 .text.fit_image_get_address
                0x000000000500df14       0xb0 common/built-in.o
 .text.fit_image_get_os
                0x000000000500dfc4       0x78 common/built-in.o
                0x000000000500dfc4                fit_image_get_os
 .text.fit_image_get_load
                0x000000000500e03c       0x10 common/built-in.o
                0x000000000500e03c                fit_image_get_load
 .text.fit_image_get_data
                0x000000000500e04c       0x7c common/built-in.o
                0x000000000500e04c                fit_image_get_data
 .text.fit_image_get_data_offset
                0x000000000500e0c8       0x48 common/built-in.o
                0x000000000500e0c8                fit_image_get_data_offset
 .text.fit_image_get_data_position
                0x000000000500e110       0x48 common/built-in.o
                0x000000000500e110                fit_image_get_data_position
 .text.fit_image_get_data_size
                0x000000000500e158       0x48 common/built-in.o
                0x000000000500e158                fit_image_get_data_size
 .text.fit_image_get_data_and_size
                0x000000000500e1a0       0xd4 common/built-in.o
                0x000000000500e1a0                fit_image_get_data_and_size
 .text.fit_image_hash_get_algo
                0x000000000500e274       0x64 common/built-in.o
                0x000000000500e274                fit_image_hash_get_algo
 .text.fit_image_hash_get_value
                0x000000000500e2d8       0x7c common/built-in.o
                0x000000000500e2d8                fit_image_hash_get_value
 .text.calculate_hash
                0x000000000500e354       0xb4 common/built-in.o
                0x000000000500e354                calculate_hash
 .text.fit_image_verify_with_data
                0x000000000500e408      0x2c0 common/built-in.o
                0x000000000500e408                fit_image_verify_with_data
 .text.rsa_sign
                0x000000000500e6c8        0x8 common/built-in.o
 .text.rsa_add_verify_data
                0x000000000500e6d0        0x8 common/built-in.o
 .text.image_get_checksum_algo
                0x000000000500e6d8       0x8c common/built-in.o
                0x000000000500e6d8                image_get_checksum_algo
 .text.image_get_crypto_algo
                0x000000000500e764       0x64 common/built-in.o
                0x000000000500e764                image_get_crypto_algo
 .text.image_get_padding_algo
                0x000000000500e7c8       0x60 common/built-in.o
                0x000000000500e7c8                image_get_padding_algo
 .text.fit_image_setup_verify
                0x000000000500e828      0x188 common/built-in.o
 .text.fit_image_check_sig
                0x000000000500e9b0       0xe8 common/built-in.o
                0x000000000500e9b0                fit_image_check_sig
 .text.fit_image_verify_required_sigs
                0x000000000500ea98      0x224 common/built-in.o
                0x000000000500ea98                fit_image_verify_required_sigs
 .text.rsa_verify_with_keynode
                0x000000000500ecbc      0x224 lib/built-in.o
 .text.padding_pkcs_15_verify
                0x000000000500eee0       0xdc lib/built-in.o
                0x000000000500eee0                padding_pkcs_15_verify
 .text.emsa_pss_verify
                0x000000000500efbc      0x38c lib/built-in.o
                0x000000000500efbc                emsa_pss_verify
 .text.padding_pss_verify
                0x000000000500f348        0x8 lib/built-in.o
                0x000000000500f348                padding_pss_verify
 .text.rsa_verify_hash
                0x000000000500f350      0x184 lib/built-in.o
                0x000000000500f350                rsa_verify_hash
 .text.rsa_verify
                0x000000000500f4d4       0xb4 lib/built-in.o
                0x000000000500f4d4                rsa_verify
 .text.hash_calculate
                0x000000000500f588       0xd0 lib/built-in.o
                0x000000000500f588                hash_calculate
 .text.subtract_modulus
                0x000000000500f658       0x3c lib/built-in.o
 .text.montgomery_mul
                0x000000000500f694       0xe8 lib/built-in.o
 .text.rsa_convert_big_endian
                0x000000000500f77c       0x2c lib/built-in.o
 .text.rsa_mod_exp_sw
                0x000000000500f7a8      0x30c lib/built-in.o
                0x000000000500f7a8                rsa_mod_exp_sw
 .text.sha1_process
                0x000000000500fab4     0x15dc lib/built-in.o
 .text.sha1_update.part.0
                0x0000000005011090      0x108 lib/built-in.o
 .text.sha1_starts
                0x0000000005011198       0x44 lib/built-in.o
                0x0000000005011198                sha1_starts
 .text.sha1_update
                0x00000000050111dc        0xc lib/built-in.o
                0x00000000050111dc                sha1_update
 .text.sha1_finish
                0x00000000050111e8      0x1a8 lib/built-in.o
                0x00000000050111e8                sha1_finish
 .text.sha1_csum_wd
                0x0000000005011390       0xa4 lib/built-in.o
                0x0000000005011390                sha1_csum_wd
 .text.sha256_process
                0x0000000005011434     0x1fa8 lib/built-in.o
 .text.sha256_update.part.0
                0x00000000050133dc       0xfc lib/built-in.o
 .text.sha256_starts
                0x00000000050134d8       0x68 lib/built-in.o
                0x00000000050134d8                sha256_starts
 .text.sha256_update
                0x0000000005013540        0xc lib/built-in.o
                0x0000000005013540                sha256_update
 .text.sha256_finish
                0x000000000501354c      0x1e8 lib/built-in.o
                0x000000000501354c                sha256_finish
 .text.sha256_csum_wd
                0x0000000005013734       0xa4 lib/built-in.o
                0x0000000005013734                sha256_csum_wd
 .text.fdt_check_header
                0x00000000050137d8       0x74 lib/built-in.o
                0x00000000050137d8                fdt_check_header
 .text.fdt_offset_ptr
                0x000000000501384c       0x68 lib/built-in.o
                0x000000000501384c                fdt_offset_ptr
 .text.fdt_next_tag
                0x00000000050138b4      0x100 lib/built-in.o
                0x00000000050138b4                fdt_next_tag
 .text.fdt_check_node_offset_
                0x00000000050139b4       0x40 lib/built-in.o
                0x00000000050139b4                fdt_check_node_offset_
 .text.fdt_check_prop_offset_
                0x00000000050139f4       0x40 lib/built-in.o
                0x00000000050139f4                fdt_check_prop_offset_
 .text.fdt_next_node
                0x0000000005013a34       0xdc lib/built-in.o
                0x0000000005013a34                fdt_next_node
 .text.fdt_first_subnode
                0x0000000005013b10       0x60 lib/built-in.o
                0x0000000005013b10                fdt_first_subnode
 .text.fdt_next_subnode
                0x0000000005013b70       0x84 lib/built-in.o
                0x0000000005013b70                fdt_next_subnode
 .text.fdt_find_string_
                0x0000000005013bf4       0x70 lib/built-in.o
                0x0000000005013bf4                fdt_find_string_
 .text.fdt_node_end_offset_
                0x0000000005013c64       0x74 lib/built-in.o
                0x0000000005013c64                fdt_node_end_offset_
 .text.fdt_strerror
                0x0000000005013cd8       0x4c lib/built-in.o
                0x0000000005013cd8                fdt_strerror
 .text.fdt_blocks_misordered_
                0x0000000005013d24       0x60 lib/built-in.o
 .text.fdt_splice_
                0x0000000005013d84       0x94 lib/built-in.o
 .text.fdt_splice_mem_rsv_
                0x0000000005013e18       0x60 lib/built-in.o
 .text.fdt_splice_struct_
                0x0000000005013e78       0x60 lib/built-in.o
 .text.fdt_add_property_
                0x0000000005013ed8      0x154 lib/built-in.o
 .text.fdt_rw_check_header_
                0x000000000501402c       0x6c lib/built-in.o
 .text.fdt_add_mem_rsv
                0x0000000005014098       0x7c lib/built-in.o
                0x0000000005014098                fdt_add_mem_rsv
 .text.fdt_del_mem_rsv
                0x0000000005014114       0x70 lib/built-in.o
                0x0000000005014114                fdt_del_mem_rsv
 .text.fdt_setprop_placeholder
                0x0000000005014184      0x104 lib/built-in.o
                0x0000000005014184                fdt_setprop_placeholder
 .text.fdt_setprop
                0x0000000005014288       0x80 lib/built-in.o
                0x0000000005014288                fdt_setprop
 .text.fdt_add_subnode_namelen
                0x0000000005014308      0x140 lib/built-in.o
                0x0000000005014308                fdt_add_subnode_namelen
 .text.fdt_add_subnode
                0x0000000005014448       0x44 lib/built-in.o
                0x0000000005014448                fdt_add_subnode
 .text.fdt_del_node
                0x000000000501448c       0x60 lib/built-in.o
                0x000000000501448c                fdt_del_node
 .text.fdt_address_cells
                0x00000000050144ec       0x84 lib/built-in.o
                0x00000000050144ec                fdt_address_cells
 .text.fdt_size_cells
                0x0000000005014570       0x80 lib/built-in.o
                0x0000000005014570                fdt_size_cells
 .text.fdt_path_next_separator
                0x00000000050145f0       0x68 lib/built-in.o
 .text._nextprop
                0x0000000005014658       0x90 lib/built-in.o
 .text.fdt_string
                0x00000000050146e8       0x14 lib/built-in.o
                0x00000000050146e8                fdt_string
 .text.fdt_get_mem_rsv
                0x00000000050146fc       0x68 lib/built-in.o
                0x00000000050146fc                fdt_get_mem_rsv
 .text.fdt_num_mem_rsv
                0x0000000005014764       0x28 lib/built-in.o
                0x0000000005014764                fdt_num_mem_rsv
 .text.fdt_subnode_offset_namelen
                0x000000000501478c      0x10c lib/built-in.o
                0x000000000501478c                fdt_subnode_offset_namelen
 .text.fdt_subnode_offset
                0x0000000005014898       0x44 lib/built-in.o
                0x0000000005014898                fdt_subnode_offset
 .text.fdt_get_name
                0x00000000050148dc       0x84 lib/built-in.o
                0x00000000050148dc                fdt_get_name
 .text.fdt_first_property_offset
                0x0000000005014960       0x38 lib/built-in.o
                0x0000000005014960                fdt_first_property_offset
 .text.fdt_next_property_offset
                0x0000000005014998       0x38 lib/built-in.o
                0x0000000005014998                fdt_next_property_offset
 .text.fdt_get_property_by_offset
                0x00000000050149d0       0x64 lib/built-in.o
                0x00000000050149d0                fdt_get_property_by_offset
 .text.fdt_get_property_namelen
                0x0000000005014a34       0xd4 lib/built-in.o
                0x0000000005014a34                fdt_get_property_namelen
 .text.fdt_get_property
                0x0000000005014b08       0x4c lib/built-in.o
                0x0000000005014b08                fdt_get_property
 .text.fdt_getprop_namelen
                0x0000000005014b54       0x1c lib/built-in.o
                0x0000000005014b54                fdt_getprop_namelen
 .text.fdt_getprop_by_offset
                0x0000000005014b70       0x50 lib/built-in.o
                0x0000000005014b70                fdt_getprop_by_offset
 .text.fdt_getprop
                0x0000000005014bc0       0x4c lib/built-in.o
                0x0000000005014bc0                fdt_getprop
 .text.fdt_get_phandle
                0x0000000005014c0c       0xa4 lib/built-in.o
                0x0000000005014c0c                fdt_get_phandle
 .text.fdt_get_alias_namelen
                0x0000000005014cb0       0x64 lib/built-in.o
                0x0000000005014cb0                fdt_get_alias_namelen
 .text.fdt_path_offset_namelen
                0x0000000005014d14       0xfc lib/built-in.o
                0x0000000005014d14                fdt_path_offset_namelen
 .text.fdt_path_offset
                0x0000000005014e10       0x34 lib/built-in.o
                0x0000000005014e10                fdt_path_offset
 .text.fdt_supernode_atdepth_offset
                0x0000000005014e44       0xe4 lib/built-in.o
                0x0000000005014e44                fdt_supernode_atdepth_offset
 .text.fdt_node_depth
                0x0000000005014f28       0x5c lib/built-in.o
                0x0000000005014f28                fdt_node_depth
 .text.fdt_parent_offset
                0x0000000005014f84       0x44 lib/built-in.o
                0x0000000005014f84                fdt_parent_offset
 .text.fdt_node_offset_by_phandle
                0x0000000005014fc8       0x84 lib/built-in.o
                0x0000000005014fc8                fdt_node_offset_by_phandle
 .text.fdt_stringlist_search
                0x000000000501504c       0xf0 lib/built-in.o
                0x000000000501504c                fdt_stringlist_search
 .text.fdtdec_get_int
                0x000000000501513c       0x6c lib/built-in.o
                0x000000000501513c                fdtdec_get_int
 .text.get_prop_check_min_len
                0x00000000050151a8       0x74 lib/built-in.o
 .text.fdtdec_get_is_enabled
                0x000000000501521c       0x40 lib/built-in.o
                0x000000000501521c                fdtdec_get_is_enabled
 .text.fdtdec_get_alias_seq
                0x000000000501525c      0x154 lib/built-in.o
                0x000000000501525c                fdtdec_get_alias_seq
 .text.fdtdec_get_chosen_prop
                0x00000000050153b0       0x44 lib/built-in.o
                0x00000000050153b0                fdtdec_get_chosen_prop
 .text.fdtdec_get_chosen_node
                0x00000000050153f4       0x3c lib/built-in.o
                0x00000000050153f4                fdtdec_get_chosen_node
 .text.fdtdec_prepare_fdt
                0x0000000005015430       0x44 lib/built-in.o
                0x0000000005015430                fdtdec_prepare_fdt
 .text.fdtdec_get_int_array
                0x0000000005015474       0x8c lib/built-in.o
                0x0000000005015474                fdtdec_get_int_array
 .text.fdtdec_parse_phandle_with_args
                0x0000000005015500      0x17c lib/built-in.o
                0x0000000005015500                fdtdec_parse_phandle_with_args
 .text.fdtdec_get_number
                0x000000000501567c       0x30 lib/built-in.o
                0x000000000501567c                fdtdec_get_number
 .text.fdt_get_resource
                0x00000000050156ac      0x140 lib/built-in.o
                0x00000000050156ac                fdt_get_resource
 .text.fdtdec_setup
                0x00000000050157ec       0x24 lib/built-in.o
                0x00000000050157ec                fdtdec_setup
 .text.crc16_ccitt
                0x0000000005015810       0x38 lib/built-in.o
                0x0000000005015810                crc16_ccitt
 .text.crc16_ccitt_wd_buf
                0x0000000005015848       0x68 lib/built-in.o
                0x0000000005015848                crc16_ccitt_wd_buf
 .text.crc32_no_comp
                0x00000000050158b0       0xd4 lib/built-in.o
                0x00000000050158b0                crc32_no_comp
 .text.crc32    0x0000000005015984       0x1c lib/built-in.o
                0x0000000005015984                crc32
 .text.crc32_wd
                0x00000000050159a0       0x4c lib/built-in.o
                0x00000000050159a0                crc32_wd
 .text.crc32_wd_buf
                0x00000000050159ec       0x68 lib/built-in.o
                0x00000000050159ec                crc32_wd_buf
 .text.hang     0x0000000005015a54       0x20 lib/built-in.o
                0x0000000005015a54                hang
 .text.kmalloc  0x0000000005015a74       0x50 lib/built-in.o
                0x0000000005015a74                kmalloc
 .text.strncasecmp
                0x0000000005015ac4       0x74 lib/built-in.o
                0x0000000005015ac4                strncasecmp
 .text.strcasecmp
                0x0000000005015b38        0x8 lib/built-in.o
                0x0000000005015b38                strcasecmp
 .text.strcpy   0x0000000005015b40       0x18 lib/built-in.o
                0x0000000005015b40                strcpy
 .text.strncpy  0x0000000005015b58       0x20 lib/built-in.o
                0x0000000005015b58                strncpy
 .text.strcmp   0x0000000005015b78       0x28 lib/built-in.o
                0x0000000005015b78                strcmp
 .text.strncmp  0x0000000005015ba0       0x38 lib/built-in.o
                0x0000000005015ba0                strncmp
 .text.strchr   0x0000000005015bd8       0x28 lib/built-in.o
                0x0000000005015bd8                strchr
 .text.strlen   0x0000000005015c00       0x1c lib/built-in.o
                0x0000000005015c00                strlen
 .text.strrchr  0x0000000005015c1c       0x40 lib/built-in.o
                0x0000000005015c1c                strrchr
 .text.strnlen  0x0000000005015c5c       0x28 lib/built-in.o
                0x0000000005015c5c                strnlen
 .text.strdup   0x0000000005015c84       0x4c lib/built-in.o
                0x0000000005015c84                strdup
 .text.strspn   0x0000000005015cd0       0x38 lib/built-in.o
                0x0000000005015cd0                strspn
 .text.strpbrk  0x0000000005015d08       0x34 lib/built-in.o
                0x0000000005015d08                strpbrk
 .text.strtok   0x0000000005015d3c       0x70 lib/built-in.o
                0x0000000005015d3c                strtok
 .text.memset   0x0000000005015dac       0x6c lib/built-in.o
                0x0000000005015dac                memset
 .text.memcpy   0x0000000005015e18       0x68 lib/built-in.o
                0x0000000005015e18                memcpy
 .text.memmove  0x0000000005015e80       0x58 lib/built-in.o
                0x0000000005015e80                memmove
 .text.memcmp   0x0000000005015ed8       0x30 lib/built-in.o
                0x0000000005015ed8                memcmp
 .text.strstr   0x0000000005015f08       0x64 lib/built-in.o
                0x0000000005015f08                strstr
 .text.memchr   0x0000000005015f6c       0x30 lib/built-in.o
                0x0000000005015f6c                memchr
 .text.timer_init
                0x0000000005015f9c        0x8 lib/built-in.o
                0x0000000005015f9c                timer_init
 .text.get_timer
                0x0000000005015fa4       0x3c lib/built-in.o
                0x0000000005015fa4                get_timer
 .text.usec_to_tick
                0x0000000005015fe0       0x30 lib/built-in.o
                0x0000000005015fe0                usec_to_tick
 .text.__udelay
                0x0000000005016010       0x40 lib/built-in.o
                0x0000000005016010                __udelay
 .text.udelay   0x0000000005016050       0x44 lib/built-in.o
                0x0000000005016050                udelay
 .text.uuid_bin_to_str
                0x0000000005016094      0x128 lib/built-in.o
                0x0000000005016094                uuid_bin_to_str
 .text.panic_str
                0x00000000050161bc       0x18 lib/built-in.o
                0x00000000050161bc                panic_str
 .text.panic    0x00000000050161d4       0x98 lib/built-in.o
                0x00000000050161d4                panic
 .text.put_dec_trunc
                0x000000000501626c       0xe0 lib/built-in.o
 .text.put_dec  0x000000000501634c       0xd0 lib/built-in.o
 .text.number   0x000000000501641c      0x310 lib/built-in.o
 .text.string   0x000000000501672c      0x124 lib/built-in.o
 .text.vsnprintf_internal
                0x0000000005016850      0x9d4 lib/built-in.o
 .text.vscnprintf
                0x0000000005017224       0x74 lib/built-in.o
                0x0000000005017224                vscnprintf
 .text.snprintf
                0x0000000005017298       0xd8 lib/built-in.o
                0x0000000005017298                snprintf
 .text.vsprintf
                0x0000000005017370       0x44 lib/built-in.o
                0x0000000005017370                vsprintf
 .text.sprintf  0x00000000050173b4       0xb8 lib/built-in.o
                0x00000000050173b4                sprintf
 .text.printf   0x000000000501746c       0xe0 lib/built-in.o
                0x000000000501746c                printf
 .text.vprintf  0x000000000501754c       0x84 lib/built-in.o
                0x000000000501754c                vprintf
 .text.simple_strtoul
                0x00000000050175d0      0x108 lib/built-in.o
                0x00000000050175d0                simple_strtoul
 .text.strict_strtoul
                0x00000000050176d8       0xb4 lib/built-in.o
                0x00000000050176d8                strict_strtoul
 .text.simple_strtol
                0x000000000501778c       0x2c lib/built-in.o
                0x000000000501778c                simple_strtol
 .text.ustrtoul
                0x00000000050177b8       0x90 lib/built-in.o
                0x00000000050177b8                ustrtoul
 .text.ustrtoull
                0x0000000005017848        0x4 lib/built-in.o
                0x0000000005017848                ustrtoull
 .text.trailing_strtoln
                0x000000000501784c       0x78 lib/built-in.o
                0x000000000501784c                trailing_strtoln
 .text.trailing_strtol
                0x00000000050178c4        0x8 lib/built-in.o
                0x00000000050178c4                trailing_strtol
 .text.add_round_key
                0x00000000050178cc       0x24 lib/built-in.o
 .text.aes_expand_key
                0x00000000050178f0      0x148 lib/built-in.o
                0x00000000050178f0                aes_expand_key
 .text.aes_encrypt
                0x0000000005017a38      0x3c8 lib/built-in.o
                0x0000000005017a38                aes_encrypt
 .text.aes_decrypt
                0x0000000005017e00      0x410 lib/built-in.o
                0x0000000005017e00                aes_decrypt
 .text.aes_apply_cbc_chain_data
                0x0000000005018210       0x24 lib/built-in.o
                0x0000000005018210                aes_apply_cbc_chain_data
 .text.aes_cbc_encrypt_blocks
                0x0000000005018234       0xa8 lib/built-in.o
                0x0000000005018234                aes_cbc_encrypt_blocks
 .text.aes_cbc_decrypt_blocks
                0x00000000050182dc       0xd4 lib/built-in.o
                0x00000000050182dc                aes_cbc_decrypt_blocks
 .text.part_driver_lookup_type
                0x00000000050183b0       0xa4 disk/built-in.o
 .text.part_init
                0x0000000005018454       0x7c disk/built-in.o
                0x0000000005018454                part_init
 .text.part_get_info_by_name_type
                0x00000000050184d0       0x8c disk/built-in.o
                0x00000000050184d0                part_get_info_by_name_type
 .text.part_get_info_by_name
                0x000000000501855c        0x8 disk/built-in.o
                0x000000000501855c                part_get_info_by_name
 .text.part_test_efi
                0x0000000005018564       0xe0 disk/built-in.o
 .text.clk_request
                0x0000000005018644       0x2c drivers/built-in.o
                0x0000000005018644                clk_request
 .text.clk_get_by_index_tail.part.0
                0x0000000005018670       0xc0 drivers/built-in.o
 .text.clk_get_by_index
                0x0000000005018730       0x7c drivers/built-in.o
                0x0000000005018730                clk_get_by_index
 .text.clk_get_by_name
                0x00000000050187ac       0x54 drivers/built-in.o
                0x00000000050187ac                clk_get_by_name
 .text.clk_get_by_indexed_prop
                0x0000000005018800       0x7c drivers/built-in.o
 .text.clk_free
                0x000000000501887c       0x24 drivers/built-in.o
                0x000000000501887c                clk_free
 .text.clk_get_rate
                0x00000000050188a0       0x24 drivers/built-in.o
                0x00000000050188a0                clk_get_rate
 .text.clk_set_rate
                0x00000000050188c4       0x24 drivers/built-in.o
                0x00000000050188c4                clk_set_rate
 .text.clk_set_parent
                0x00000000050188e8       0x24 drivers/built-in.o
                0x00000000050188e8                clk_set_parent
 .text.clk_set_defaults
                0x000000000501890c      0x1a0 drivers/built-in.o
                0x000000000501890c                clk_set_defaults
 .text.clk_enable
                0x0000000005018aac       0x24 drivers/built-in.o
                0x0000000005018aac                clk_enable
 .text.clk_fixed_rate_ofdata_to_platdata
                0x0000000005018ad0       0x44 drivers/built-in.o
 .text.clk_fixed_rate_get_rate
                0x0000000005018b14       0x2c drivers/built-in.o
 .text.clk_fixed_factor_get_rate
                0x0000000005018b40       0x54 drivers/built-in.o
 .text.clk_fixed_factor_ofdata_to_platdata
                0x0000000005018b94       0x78 drivers/built-in.o
 .text.alloc_priv
                0x0000000005018c0c       0x64 drivers/built-in.o
 .text.device_bind_common.constprop.0
                0x0000000005018c70      0x294 drivers/built-in.o
 .text.device_bind_with_driver_data
                0x0000000005018f04       0x14 drivers/built-in.o
                0x0000000005018f04                device_bind_with_driver_data
 .text.device_bind_by_name
                0x0000000005018f18       0x7c drivers/built-in.o
                0x0000000005018f18                device_bind_by_name
 .text.device_probe
                0x0000000005018f94      0x1a8 drivers/built-in.o
                0x0000000005018f94                device_probe
 .text.dev_get_platdata
                0x000000000501913c        0xc drivers/built-in.o
                0x000000000501913c                dev_get_platdata
 .text.dev_get_parent_platdata
                0x0000000005019148        0xc drivers/built-in.o
                0x0000000005019148                dev_get_parent_platdata
 .text.dev_get_uclass_platdata
                0x0000000005019154        0xc drivers/built-in.o
                0x0000000005019154                dev_get_uclass_platdata
 .text.dev_get_priv
                0x0000000005019160        0xc drivers/built-in.o
                0x0000000005019160                dev_get_priv
 .text.dev_get_uclass_priv
                0x000000000501916c        0xc drivers/built-in.o
                0x000000000501916c                dev_get_uclass_priv
 .text.dev_get_parent_priv
                0x0000000005019178        0xc drivers/built-in.o
                0x0000000005019178                dev_get_parent_priv
 .text.device_find_first_child
                0x0000000005019184       0x20 drivers/built-in.o
                0x0000000005019184                device_find_first_child
 .text.dev_get_parent
                0x00000000050191a4        0x8 drivers/built-in.o
                0x00000000050191a4                dev_get_parent
 .text.device_set_name_alloced
                0x00000000050191ac       0x10 drivers/built-in.o
                0x00000000050191ac                device_set_name_alloced
 .text.devfdt_get_addr_index
                0x00000000050191bc      0x104 drivers/built-in.o
                0x00000000050191bc                devfdt_get_addr_index
 .text.devfdt_remap_addr_index
                0x00000000050192c0       0x20 drivers/built-in.o
                0x00000000050192c0                devfdt_remap_addr_index
 .text.devfdt_remap_addr
                0x00000000050192e0        0x8 drivers/built-in.o
                0x00000000050192e0                devfdt_remap_addr
 .text.lists_driver_lookup_name
                0x00000000050192e8       0x78 drivers/built-in.o
                0x00000000050192e8                lists_driver_lookup_name
 .text.lists_uclass_lookup
                0x0000000005019360       0x54 drivers/built-in.o
                0x0000000005019360                lists_uclass_lookup
 .text.lists_bind_drivers
                0x00000000050193b4       0xbc drivers/built-in.o
                0x00000000050193b4                lists_bind_drivers
 .text.device_bind_driver_to_node
                0x0000000005019470       0x68 drivers/built-in.o
                0x0000000005019470                device_bind_driver_to_node
 .text.device_bind_driver
                0x00000000050194d8        0xc drivers/built-in.o
                0x00000000050194d8                device_bind_driver
 .text.lists_bind_fdt
                0x00000000050194e4      0x1a8 drivers/built-in.o
                0x00000000050194e4                lists_bind_fdt
 .text.dm_scan_fdt_node
                0x000000000501968c       0xf8 drivers/built-in.o
 .text.dm_scan_fdt_ofnode_path
                0x0000000005019784       0x48 drivers/built-in.o
 .text.dm_init  0x00000000050197cc       0x5c drivers/built-in.o
                0x00000000050197cc                dm_init
 .text.dm_scan_platdata
                0x0000000005019828       0x28 drivers/built-in.o
                0x0000000005019828                dm_scan_platdata
 .text.dm_scan_fdt_dev
                0x0000000005019850       0x28 drivers/built-in.o
                0x0000000005019850                dm_scan_fdt_dev
 .text.dm_scan_fdt
                0x0000000005019878       0x14 drivers/built-in.o
                0x0000000005019878                dm_scan_fdt
 .text.dm_extended_scan_fdt
                0x000000000501988c       0x54 drivers/built-in.o
                0x000000000501988c                dm_extended_scan_fdt
 .text.dm_scan_other
                0x00000000050198e0        0x8 drivers/built-in.o
                0x00000000050198e0                dm_scan_other
 .text.dm_init_and_scan
                0x00000000050198e8       0x54 drivers/built-in.o
                0x00000000050198e8                dm_init_and_scan
 .text.uclass_find
                0x000000000501993c       0x48 drivers/built-in.o
                0x000000000501993c                uclass_find
 .text.uclass_get
                0x0000000005019984      0x110 drivers/built-in.o
                0x0000000005019984                uclass_get
 .text.uclass_find_device
                0x0000000005019a94       0xa4 drivers/built-in.o
                0x0000000005019a94                uclass_find_device
 .text.uclass_find_first_device
                0x0000000005019b38       0x7c drivers/built-in.o
                0x0000000005019b38                uclass_find_first_device
 .text.uclass_find_next_device
                0x0000000005019bb4       0x2c drivers/built-in.o
                0x0000000005019bb4                uclass_find_next_device
 .text.uclass_find_device_by_seq
                0x0000000005019be0       0xb4 drivers/built-in.o
                0x0000000005019be0                uclass_find_device_by_seq
 .text.uclass_find_device_by_of_offset
                0x0000000005019c94       0x9c drivers/built-in.o
                0x0000000005019c94                uclass_find_device_by_of_offset
 .text.uclass_find_device_by_ofnode
                0x0000000005019d30       0xa0 drivers/built-in.o
                0x0000000005019d30                uclass_find_device_by_ofnode
 .text.uclass_get_device_by_driver
                0x0000000005019dd0       0xa8 drivers/built-in.o
                0x0000000005019dd0                uclass_get_device_by_driver
 .text.uclass_get_device_tail
                0x0000000005019e78       0x40 drivers/built-in.o
                0x0000000005019e78                uclass_get_device_tail
 .text.uclass_get_device
                0x0000000005019eb8       0x64 drivers/built-in.o
                0x0000000005019eb8                uclass_get_device
 .text.uclass_get_device_by_seq
                0x0000000005019f1c       0x94 drivers/built-in.o
                0x0000000005019f1c                uclass_get_device_by_seq
 .text.uclass_get_device_by_of_offset
                0x0000000005019fb0       0x64 drivers/built-in.o
                0x0000000005019fb0                uclass_get_device_by_of_offset
 .text.uclass_get_device_by_ofnode
                0x000000000501a014       0x64 drivers/built-in.o
                0x000000000501a014                uclass_get_device_by_ofnode
 .text.uclass_first_device_check
                0x000000000501a078       0x40 drivers/built-in.o
                0x000000000501a078                uclass_first_device_check
 .text.uclass_next_device_check
                0x000000000501a0b8       0x30 drivers/built-in.o
                0x000000000501a0b8                uclass_next_device_check
 .text.uclass_bind_device
                0x000000000501a0e8       0x70 drivers/built-in.o
                0x000000000501a0e8                uclass_bind_device
 .text.uclass_resolve_seq
                0x000000000501a158       0xc4 drivers/built-in.o
                0x000000000501a158                uclass_resolve_seq
 .text.uclass_pre_probe_device
                0x000000000501a21c       0x68 drivers/built-in.o
                0x000000000501a21c                uclass_pre_probe_device
 .text.uclass_post_probe_device
                0x000000000501a284       0x68 drivers/built-in.o
                0x000000000501a284                uclass_post_probe_device
 .text.dm_ofnode_pre_reloc
                0x000000000501a2ec        0x8 drivers/built-in.o
                0x000000000501a2ec                dm_ofnode_pre_reloc
 .text.simple_bus_post_bind
                0x000000000501a2f4       0x8c drivers/built-in.o
 .text.ofnode_read_u32
                0x000000000501a380       0x88 drivers/built-in.o
                0x000000000501a380                ofnode_read_u32
 .text.ofnode_read_u32_default
                0x000000000501a408       0x20 drivers/built-in.o
                0x000000000501a408                ofnode_read_u32_default
 .text.ofnode_find_subnode
                0x000000000501a428       0x24 drivers/built-in.o
                0x000000000501a428                ofnode_find_subnode
 .text.ofnode_read_u32_array
                0x000000000501a44c       0x18 drivers/built-in.o
                0x000000000501a44c                ofnode_read_u32_array
 .text.ofnode_get_name
                0x000000000501a464       0x10 drivers/built-in.o
                0x000000000501a464                ofnode_get_name
 .text.ofnode_read_size
                0x000000000501a474       0x64 drivers/built-in.o
                0x000000000501a474                ofnode_read_size
 .text.ofnode_stringlist_search
                0x000000000501a4d8       0x40 drivers/built-in.o
                0x000000000501a4d8                ofnode_stringlist_search
 .text.ofnode_parse_phandle_with_args
                0x000000000501a518       0x98 drivers/built-in.o
                0x000000000501a518                ofnode_parse_phandle_with_args
 .text.ofnode_count_phandle_with_args
                0x000000000501a5b0       0x20 drivers/built-in.o
                0x000000000501a5b0                ofnode_count_phandle_with_args
 .text.ofnode_path
                0x000000000501a5d0       0x20 drivers/built-in.o
                0x000000000501a5d0                ofnode_path
 .text.ofnode_get_property
                0x000000000501a5f0       0x14 drivers/built-in.o
                0x000000000501a5f0                ofnode_get_property
 .text.ofnode_read_bool
                0x000000000501a604       0x20 drivers/built-in.o
                0x000000000501a604                ofnode_read_bool
 .text.ofnode_read_resource
                0x000000000501a624       0x98 drivers/built-in.o
                0x000000000501a624                ofnode_read_resource
 .text.ofnode_read_resource_byname
                0x000000000501a6bc       0x4c drivers/built-in.o
                0x000000000501a6bc                ofnode_read_resource_byname
 .text.mmc_send_op_cond_iter
                0x000000000501a708       0x9c drivers/built-in.o
 .text.mmc_send_ext_csd
                0x000000000501a7a4       0x6c drivers/built-in.o
 .text.mmc_go_idle
                0x000000000501a810       0x7c drivers/built-in.o
 .text.mmc_set_capacity
                0x000000000501a88c       0x84 drivers/built-in.o
 .text.mmc_read_and_compare_ext_csd
                0x000000000501a910       0xd4 drivers/built-in.o
 .text.sd_get_capabilities
                0x000000000501a9e4      0x1dc drivers/built-in.o
 .text.mmc_send_status
                0x000000000501abc0      0x10c drivers/built-in.o
                0x000000000501abc0                mmc_send_status
 .text.__mmc_switch.constprop.0
                0x000000000501accc       0x98 drivers/built-in.o
 .text.mmc_set_card_speed.constprop.0
                0x000000000501ad64       0xc8 drivers/built-in.o
 .text.mmc_set_blocklen
                0x000000000501ae2c       0xa0 drivers/built-in.o
                0x000000000501ae2c                mmc_set_blocklen
 .text.mmc_bread
                0x000000000501aecc      0x1a8 drivers/built-in.o
                0x000000000501aecc                mmc_bread
 .text.mmc_switch
                0x000000000501b074        0xc drivers/built-in.o
                0x000000000501b074                mmc_switch
 .text.mmc_startup_v4
                0x000000000501b080      0x238 drivers/built-in.o
 .text.mmc_switch_part
                0x000000000501b2b8       0x74 drivers/built-in.o
                0x000000000501b2b8                mmc_switch_part
 .text.mmc_set_clock
                0x000000000501b32c       0x30 drivers/built-in.o
                0x000000000501b32c                mmc_set_clock
 .text.mmc_get_op_cond
                0x000000000501b35c      0x254 drivers/built-in.o
                0x000000000501b35c                mmc_get_op_cond
 .text.mmc_start_init
                0x000000000501b5b0       0x68 drivers/built-in.o
                0x000000000501b5b0                mmc_start_init
 .text.mmc_init
                0x000000000501b618      0x990 drivers/built-in.o
                0x000000000501b618                mmc_init
 .text.mmc_initialize
                0x000000000501bfa8       0xfc drivers/built-in.o
                0x000000000501bfa8                mmc_initialize
 .text.mmc_blk_probe
                0x000000000501c0a4       0x1c drivers/built-in.o
 .text.dm_mmc_set_ios
                0x000000000501c0c0       0x20 drivers/built-in.o
                0x000000000501c0c0                dm_mmc_set_ios
 .text.mmc_set_ios
                0x000000000501c0e0        0x8 drivers/built-in.o
                0x000000000501c0e0                mmc_set_ios
 .text.dm_mmc_send_init_stream
                0x000000000501c0e8       0x1c drivers/built-in.o
                0x000000000501c0e8                dm_mmc_send_init_stream
 .text.mmc_send_init_stream
                0x000000000501c104        0x8 drivers/built-in.o
                0x000000000501c104                mmc_send_init_stream
 .text.dm_mmc_get_cd
                0x000000000501c10c       0x20 drivers/built-in.o
                0x000000000501c10c                dm_mmc_get_cd
 .text.mmc_getcd
                0x000000000501c12c        0x8 drivers/built-in.o
                0x000000000501c12c                mmc_getcd
 .text.mmc_of_parse
                0x000000000501c134      0x27c drivers/built-in.o
                0x000000000501c134                mmc_of_parse
 .text.mmc_get_mmc_dev
                0x000000000501c3b0       0x28 drivers/built-in.o
                0x000000000501c3b0                mmc_get_mmc_dev
 .text.dm_mmc_send_cmd
                0x000000000501c3d8       0x64 drivers/built-in.o
                0x000000000501c3d8                dm_mmc_send_cmd
 .text.mmc_send_cmd
                0x000000000501c43c        0x8 drivers/built-in.o
                0x000000000501c43c                mmc_send_cmd
 .text.mmc_select_hwpart
                0x000000000501c444       0x78 drivers/built-in.o
 .text.find_mmc_device
                0x000000000501c4bc       0x80 drivers/built-in.o
                0x000000000501c4bc                find_mmc_device
 .text.mmc_get_blk_desc
                0x000000000501c53c       0x54 drivers/built-in.o
                0x000000000501c53c                mmc_get_blk_desc
 .text.mmc_do_preinit
                0x000000000501c590       0x94 drivers/built-in.o
                0x000000000501c590                mmc_do_preinit
 .text.mmc_bind
                0x000000000501c624       0xcc drivers/built-in.o
                0x000000000501c624                mmc_bind
 .text.sdhci_reset
                0x000000000501c6f0       0xcc drivers/built-in.o
 .text.sdhci_send_command
                0x000000000501c7bc      0x504 drivers/built-in.o
 .text.sdhci_set_clock.isra.0
                0x000000000501ccc0      0x1c0 drivers/built-in.o
 .text.sdhci_set_ios
                0x000000000501ce80      0x128 drivers/built-in.o
 .text.sdhci_probe
                0x000000000501cfa8      0x1a0 drivers/built-in.o
                0x000000000501cfa8                sdhci_probe
 .text.sdhci_setup_cfg
                0x000000000501d148      0x22c drivers/built-in.o
                0x000000000501d148                sdhci_setup_cfg
 .text.sdhci_bind
                0x000000000501d374        0x4 drivers/built-in.o
                0x000000000501d374                sdhci_bind
 .text.sdhci_bcmbca_probe
                0x000000000501d378      0x170 drivers/built-in.o
 .text.sdhci_bcmbca_bind
                0x000000000501d4e8       0x2c drivers/built-in.o
 .text._serial_putc
                0x000000000501d514       0x58 drivers/built-in.o
 .text.serial_post_probe
                0x000000000501d56c       0x24 drivers/built-in.o
 .text.serial_pre_remove
                0x000000000501d590        0x8 drivers/built-in.o
 .text.serial_init
                0x000000000501d598      0x1b4 drivers/built-in.o
                0x000000000501d598                serial_init
 .text.serial_putc
                0x000000000501d74c       0x18 drivers/built-in.o
                0x000000000501d74c                serial_putc
 .text.serial_puts
                0x000000000501d764       0x44 drivers/built-in.o
                0x000000000501d764                serial_puts
 .text.serial_getc
                0x000000000501d7a8       0x50 drivers/built-in.o
                0x000000000501d7a8                serial_getc
 .text.serial_tstc
                0x000000000501d7f8       0x38 drivers/built-in.o
                0x000000000501d7f8                serial_tstc
 .text.bcm6345_serial_init
                0x000000000501d830       0x90 drivers/built-in.o
 .text.bcm6345_serial_pending
                0x000000000501d8c0       0x40 drivers/built-in.o
 .text.bcm6345_serial_putc
                0x000000000501d900       0x48 drivers/built-in.o
 .text.bcm6345_serial_getc
                0x000000000501d948       0x58 drivers/built-in.o
 .text.bcm6345_serial_setbrg
                0x000000000501d9a0       0x2c drivers/built-in.o
 .text.bcm6345_serial_probe
                0x000000000501d9cc       0xa0 drivers/built-in.o
 .text.spi_set_speed_mode
                0x000000000501da6c       0x94 drivers/built-in.o
 .text.spi_child_pre_probe
                0x000000000501db00       0x4c drivers/built-in.o
 .text.spi_post_probe
                0x000000000501db4c       0x40 drivers/built-in.o
 .text.dm_spi_claim_bus
                0x000000000501db8c       0xc8 drivers/built-in.o
                0x000000000501db8c                dm_spi_claim_bus
 .text.dm_spi_release_bus
                0x000000000501dc54       0x20 drivers/built-in.o
                0x000000000501dc54                dm_spi_release_bus
 .text.dm_spi_xfer
                0x000000000501dc74       0x34 drivers/built-in.o
                0x000000000501dc74                dm_spi_xfer
 .text.spi_claim_bus
                0x000000000501dca8        0x8 drivers/built-in.o
                0x000000000501dca8                spi_claim_bus
 .text.spi_release_bus
                0x000000000501dcb0        0x8 drivers/built-in.o
                0x000000000501dcb0                spi_release_bus
 .text.spi_xfer
                0x000000000501dcb8        0x8 drivers/built-in.o
                0x000000000501dcb8                spi_xfer
 .text.spi_slave_ofdata_to_platdata