
Discarded input sections

 .data          0x0000000000000000        0x0 arch/arm/cpu/armv8/start.o
 .bss           0x0000000000000000        0x0 arch/arm/cpu/armv8/start.o
 .text.sdelay   0x0000000000000000        0xc arch/arm/cpu/armv8/built-in.o
 .text.timer_read_counter
                0x0000000000000000        0xc arch/arm/cpu/armv8/built-in.o
 .text.usec2ticks
                0x0000000000000000       0x44 arch/arm/cpu/armv8/built-in.o
 .text.timer_get_boot_us
                0x0000000000000000       0x28 arch/arm/cpu/armv8/built-in.o
 .text.set_one_region
                0x0000000000000000       0xf0 arch/arm/cpu/armv8/built-in.o
 .text.mmu_setup
                0x0000000000000000      0x13c arch/arm/cpu/armv8/built-in.o
 .text.dcache_sanitize_disable
                0x0000000000000000       0x70 arch/arm/cpu/armv8/built-in.o
 .text.arch_get_page_table
                0x0000000000000000       0x20 arch/arm/cpu/armv8/built-in.o
 .text.mmu_set_region_dcache_behaviour
                0x0000000000000000       0xa8 arch/arm/cpu/armv8/built-in.o
 .text.mmu_change_region_attr
                0x0000000000000000       0xe8 arch/arm/cpu/armv8/built-in.o
 .text.enable_caches
                0x0000000000000000       0x14 arch/arm/cpu/armv8/built-in.o
 .text.__asm_switch_ttbr
                0x0000000000000000       0xe0 arch/arm/cpu/armv8/built-in.o
 .text.armv8_switch_to_el1
                0x0000000000000000       0xd0 arch/arm/cpu/armv8/built-in.o
 .text.armv8_el2_to_aarch32
                0x0000000000000000        0x4 arch/arm/cpu/armv8/built-in.o
 .text.smc_call
                0x0000000000000000       0x44 arch/arm/cpu/armv8/built-in.o
 .text.psci_system_reset
                0x0000000000000000       0x30 arch/arm/cpu/armv8/built-in.o
 .text.psci_system_off
                0x0000000000000000       0x30 arch/arm/cpu/armv8/built-in.o
 .rodata.set_one_region.str1.1
                0x0000000000000000       0x2e arch/arm/cpu/armv8/built-in.o
 .rodata.arch_get_page_table.str1.1
                0x0000000000000000       0x1e arch/arm/cpu/armv8/built-in.o
 .rodata.mmu_set_region_dcache_behaviour.str1.1
                0x0000000000000000       0x20 arch/arm/cpu/armv8/built-in.o
 .eh_frame      0x0000000000000000      0x574 arch/arm/cpu/armv8/built-in.o
 .data          0x0000000000000000        0x0 arch/arm/cpu/armv8/built-in.o
 .bss           0x0000000000000000        0x0 arch/arm/cpu/armv8/built-in.o
 .text.board_quiesce_devices
                0x0000000000000000        0x4 arch/arm/lib/built-in.o
 .text.setup_board_tags
                0x0000000000000000        0x4 arch/arm/lib/built-in.o
 .text.armv7_boot_nonsec_default
                0x0000000000000000        0x8 arch/arm/lib/built-in.o
 .text.enable_caches
                0x0000000000000000        0xc arch/arm/lib/built-in.o
 .text.invalidate_dcache_range
                0x0000000000000000        0x4 arch/arm/lib/built-in.o
 .text.flush_dcache_range
                0x0000000000000000        0x4 arch/arm/lib/built-in.o
 .text.flush_dcache_all
                0x0000000000000000        0xc arch/arm/lib/built-in.o
 .text.check_cache_range
                0x0000000000000000       0x10 arch/arm/lib/built-in.o
 .text.fdt_psci
                0x0000000000000000        0x8 arch/arm/lib/built-in.o
 .rodata.enable_caches.str1.1
                0x0000000000000000       0x1d arch/arm/lib/built-in.o
 .eh_frame      0x0000000000000000      0x418 arch/arm/lib/built-in.o
 .data          0x0000000000000000        0x0 arch/arm/lib/built-in.o
 .__efi_runtime_rel_start
                0x0000000000000000        0x0 arch/arm/lib/built-in.o
 .__efi_runtime_rel_stop
                0x0000000000000000        0x0 arch/arm/lib/built-in.o
 .__efi_runtime_start
                0x0000000000000000        0x0 arch/arm/lib/built-in.o
 .__efi_runtime_stop
                0x0000000000000000        0x0 arch/arm/lib/built-in.o
 .__end         0x0000000000000000        0x0 arch/arm/lib/built-in.o
 .__secure_end  0x0000000000000000        0x0 arch/arm/lib/built-in.o
 .__secure_stack_end
                0x0000000000000000        0x0 arch/arm/lib/built-in.o
 .__secure_stack_start
                0x0000000000000000        0x0 arch/arm/lib/built-in.o
 .__secure_start
                0x0000000000000000        0x0 arch/arm/lib/built-in.o
 .bss           0x0000000000000000        0x0 arch/arm/lib/built-in.o
 .text.update_uboot_fdt
                0x0000000000000000      0x1f8 arch/arm/mach-bcmbca/built-in.o
 .text.dtb_getprop_reg
                0x0000000000000000      0x188 arch/arm/mach-bcmbca/built-in.o
 .text.boost_cpu_clock
                0x0000000000000000      0x100 arch/arm/mach-bcmbca/built-in.o
 .text.bcmbca_enable_memc_sram
                0x0000000000000000       0x70 arch/arm/mach-bcmbca/built-in.o
 .text.bcmbca_disable_memc_sram
                0x0000000000000000       0x10 arch/arm/mach-bcmbca/built-in.o
 .text.GetRCalSetting
[...]
Memory Configuration

Name             Origin             Length             Attributes
*default*        0x0000000000000000 0xffffffffffffffff

Linker script and memory map

Address of section .text set to 0x1000000
                0x0000000000000000                . = 0x0
                0x0000000000000000                . = ALIGN (0x8)

.text           0x0000000001000000      0x150
 *(.__image_copy_start)
 .__image_copy_start
                0x0000000001000000        0x0 arch/arm/lib/built-in.o
                0x0000000001000000                __image_copy_start
 arch/arm/cpu/armv8/start.o(.text*)
 .text          0x0000000001000000      0x150 arch/arm/cpu/armv8/start.o
                0x0000000001000000                _start
                0x0000000001000008                _TEXT_BASE
                0x0000000001000010                _end_ofs
                0x0000000001000018                _bss_start_ofs
                0x0000000001000020                _bss_end_ofs
                0x000000000100002c                save_boot_params_ret
                0x0000000001000094                apply_core_errata
                0x00000000010000d0                lowlevel_init
                0x00000000010000f0                smp_kick_all_cpus
                0x00000000010000fc                c_runtime_cpu_setup

.efi_runtime    0x0000000001000150      0xa20
                0x0000000001000150                __efi_runtime_start = .
 *(.text.efi_runtime*)
 .text.efi_runtime
                0x0000000001000150       0x58 arch/arm/cpu/armv8/built-in.o
                0x0000000001000150                __arm_smccc_smc
                0x000000000100017c                __arm_smccc_hvc
 .text.efi_runtime
                0x00000000010001a8       0xfc drivers/built-in.o
                0x00000000010001a8                invoke_psci_fn
                0x000000000100024c                efi_reset_system
 .text.efi_runtime
                0x00000000010002a4      0x16c lib/built-in.o
                0x00000000010002a8                efi_get_time
                0x00000000010002b0                efi_set_time
                0x00000000010002d4                efi_update_capsule
                0x00000000010002dc                efi_query_capsule_caps
                0x00000000010002e4                efi_query_variable_info
                0x00000000010002ec                efi_update_table_header_crc32
                0x0000000001000320                crc32_no_comp
                0x00000000010003f4                crc32
 .text.efi_runtime_relocate
                0x0000000001000410      0x12c lib/built-in.o
                0x0000000001000410                efi_runtime_relocate
 *(.rodata.efi_runtime*)
 .rodata.efi_runtime_relocate.str1.1
                0x000000000100053c       0x4e lib/built-in.o
 *fill*         0x000000000100058a        0x6 
 .rodata.efi_runtime_detach_list
                0x0000000001000590       0xb0 lib/built-in.o
 *(.data.efi_runtime*)
 .data.efi_runtime
                0x0000000001000640        0x4 drivers/built-in.o
                0x0000000001000640                psci_method
 *fill*         0x0000000001000644        0x4 
 .data.efi_runtime
                0x0000000001000648      0x518 lib/built-in.o
                0x0000000001000648                systab
                0x00000000010006d8                efi_runtime_services
 .data.efi_runtime_mmio
                0x0000000001000b60       0x10 lib/built-in.o
                0x0000000001000b60                efi_runtime_mmio
                0x0000000001000b70                __efi_runtime_stop = .

.text_rest      0x0000000001001000    0x9199c
 *(.text*)
 .text          0x0000000001001000      0x390 arch/arm/cpu/armv8/built-in.o
                0x0000000001001000                vectors
 .text.cleanup_before_linux
                0x0000000001001390       0x28 arch/arm/cpu/armv8/built-in.o
                0x0000000001001390                cleanup_before_linux
 .text.get_tbclk
                0x00000000010013b8        0x8 arch/arm/cpu/armv8/built-in.o
                0x00000000010013b8                get_tbclk
 .text.get_ticks
                0x00000000010013c0       0x10 arch/arm/cpu/armv8/built-in.o
                0x00000000010013c0                get_ticks
 .text.count_required_pts
                0x00000000010013d0       0xf8 arch/arm/cpu/armv8/built-in.o
 .text.create_table
                0x00000000010014c8       0x70 arch/arm/cpu/armv8/built-in.o
 .text.split_block
                0x0000000001001538       0x90 arch/arm/cpu/armv8/built-in.o
 .text.get_tcr  0x00000000010015c8       0xe4 arch/arm/cpu/armv8/built-in.o
                0x00000000010015c8                get_tcr
 .text.find_pte
                0x00000000010016ac       0xb4 arch/arm/cpu/armv8/built-in.o
 .text.get_page_table_size
                0x0000000001001760       0x70 arch/arm/cpu/armv8/built-in.o
                0x0000000001001760                get_page_table_size
 .text.setup_pgtables
                0x00000000010017d0      0x16c arch/arm/cpu/armv8/built-in.o
                0x00000000010017d0                setup_pgtables
 .text.invalidate_dcache_all
                0x000000000100193c       0x14 arch/arm/cpu/armv8/built-in.o
                0x000000000100193c                invalidate_dcache_all
 .text.flush_dcache_all
                0x0000000001001950       0x14 arch/arm/cpu/armv8/built-in.o
                0x0000000001001950                flush_dcache_all
 .text.invalidate_dcache_range
                0x0000000001001964        0x4 arch/arm/cpu/armv8/built-in.o
                0x0000000001001964                invalidate_dcache_range
 .text.flush_dcache_range
                0x0000000001001968        0x4 arch/arm/cpu/armv8/built-in.o
                0x0000000001001968                flush_dcache_range
 .text.dcache_enable
                0x000000000100196c      0x110 arch/arm/cpu/armv8/built-in.o
                0x000000000100196c                dcache_enable
 .text.dcache_disable
                0x0000000001001a7c       0x84 arch/arm/cpu/armv8/built-in.o
                0x0000000001001a7c                dcache_disable
 .text.dcache_status
                0x0000000001001b00       0x34 arch/arm/cpu/armv8/built-in.o
                0x0000000001001b00                dcache_status
 .text.icache_disable
                0x0000000001001b34       0x64 arch/arm/cpu/armv8/built-in.o
                0x0000000001001b34                icache_disable
 .text.icache_status
                0x0000000001001b98       0x34 arch/arm/cpu/armv8/built-in.o
                0x0000000001001b98                icache_status
 .text.invalidate_icache_all
                0x0000000001001bcc       0x14 arch/arm/cpu/armv8/built-in.o
                0x0000000001001bcc                invalidate_icache_all
 .text.icache_enable
                0x0000000001001be0       0x74 arch/arm/cpu/armv8/built-in.o
                0x0000000001001be0                icache_enable
 .text.entry_non_secure
                0x0000000001001c54       0x28 arch/arm/cpu/armv8/built-in.o
 .text.switch_to_non_secure_mode
                0x0000000001001c7c       0x7c arch/arm/cpu/armv8/built-in.o
                0x0000000001001c7c                switch_to_non_secure_mode
 .text.__asm_dcache_level
                0x0000000001001cf8       0x64 arch/arm/cpu/armv8/built-in.o
                0x0000000001001cf8                __asm_dcache_level
 .text.__asm_dcache_all
                0x0000000001001d5c       0x60 arch/arm/cpu/armv8/built-in.o
                0x0000000001001d5c                __asm_dcache_all
 .text.__asm_flush_dcache_all
                0x0000000001001dbc        0x8 arch/arm/cpu/armv8/built-in.o
                0x0000000001001dbc                __asm_flush_dcache_all
 .text.__asm_invalidate_dcache_all
                0x0000000001001dc4        0x8 arch/arm/cpu/armv8/built-in.o
                0x0000000001001dc4                __asm_invalidate_dcache_all
 .text.__asm_flush_dcache_range
                0x0000000001001dcc       0x34 arch/arm/cpu/armv8/built-in.o
                0x0000000001001dcc                __asm_flush_dcache_range
 .text.__asm_invalidate_dcache_range
                0x0000000001001e00       0x30 arch/arm/cpu/armv8/built-in.o
                0x0000000001001e00                __asm_invalidate_dcache_range
 .text.__asm_invalidate_icache_all
                0x0000000001001e30        0xc arch/arm/cpu/armv8/built-in.o
                0x0000000001001e30                __asm_invalidate_icache_all
 .text.__asm_invalidate_l3_dcache
                0x0000000001001e3c        0x8 arch/arm/cpu/armv8/built-in.o
                0x0000000001001e3c                __asm_invalidate_l3_dcache
 .text.__asm_flush_l3_dcache
                0x0000000001001e44        0x8 arch/arm/cpu/armv8/built-in.o
                0x0000000001001e44                __asm_flush_l3_dcache
 .text.__asm_invalidate_l3_icache
                0x0000000001001e4c        0x8 arch/arm/cpu/armv8/built-in.o
                0x0000000001001e4c                __asm_invalidate_l3_icache
 .text.__asm_invalidate_tlb_all
                0x0000000001001e54       0x4c arch/arm/cpu/armv8/built-in.o
                0x0000000001001e54                __asm_invalidate_tlb_all
 .text.armv8_switch_to_el2
                0x0000000001001ea0       0xb8 arch/arm/cpu/armv8/built-in.o
                0x0000000001001ea0                armv8_switch_to_el2
 .text          0x0000000001001f58      0x1f0 arch/arm/lib/built-in.o
                0x0000000001001f58                _main
                0x0000000001001fd8                relocate_code
                0x00000000010020b0                gic_init_secure
                0x00000000010020f4                gic_init_secure_percpu
                0x0000000001002118                gic_kick_secondary_cpus
                0x0000000001002128                gic_wait_for_interrupt
 .text.setjmp   0x0000000001002148       0x28 arch/arm/lib/built-in.o
                0x0000000001002148                setjmp
 .text.longjmp  0x0000000001002170       0x2c arch/arm/lib/built-in.o
                0x0000000001002170                longjmp
 .text.arch_fixup_fdt
                0x000000000100219c       0x58 arch/arm/lib/built-in.o
                0x000000000100219c                arch_fixup_fdt
 .text.boot_prep_linux
                0x00000000010021f4       0x58 arch/arm/lib/built-in.o
 .text.arch_lmb_reserve
                0x000000000100224c       0x50 arch/arm/lib/built-in.o
                0x000000000100224c                arch_lmb_reserve
 .text.update_os_arch_secondary_cores
                0x000000000100229c        0x4 arch/arm/lib/built-in.o
                0x000000000100229c                update_os_arch_secondary_cores
 .text.boot_jump_linux
                0x00000000010022a0       0xc0 arch/arm/lib/built-in.o
 .text.do_bootm_linux
                0x0000000001002360       0x7c arch/arm/lib/built-in.o
                0x0000000001002360                do_bootm_linux
 .text.boot_prep_vxworks
                0x00000000010023dc       0x50 arch/arm/lib/built-in.o
                0x00000000010023dc                boot_prep_vxworks
 .text.boot_jump_vxworks
                0x000000000100242c       0x10 arch/arm/lib/built-in.o
                0x000000000100242c                boot_jump_vxworks
 .text.booti_setup
                0x000000000100243c       0xb8 arch/arm/lib/built-in.o
                0x000000000100243c                booti_setup
 .text.arch_reserve_stacks
                0x00000000010024f4       0x10 arch/arm/lib/built-in.o
                0x00000000010024f4                arch_reserve_stacks
 .text.show_efi_loaded_images.isra.0
                0x0000000001002504        0x4 arch/arm/lib/built-in.o
 .text.interrupt_init
                0x0000000001002508        0x8 arch/arm/lib/built-in.o
                0x0000000001002508                interrupt_init
 .text.enable_interrupts
                0x0000000001002510        0x4 arch/arm/lib/built-in.o
                0x0000000001002510                enable_interrupts
 .text.disable_interrupts
                0x0000000001002514        0x8 arch/arm/lib/built-in.o
                0x0000000001002514                disable_interrupts
 .text.show_regs
                0x000000000100251c       0x9c arch/arm/lib/built-in.o
                0x000000000100251c                show_regs
 .text.do_bad_sync
                0x00000000010025b8       0x44 arch/arm/lib/built-in.o
                0x00000000010025b8                do_bad_sync
 .text.do_bad_irq
                0x00000000010025fc       0x44 arch/arm/lib/built-in.o
                0x00000000010025fc                do_bad_irq
 .text.do_bad_fiq
                0x0000000001002640       0x44 arch/arm/lib/built-in.o
                0x0000000001002640                do_bad_fiq
 .text.do_bad_error
                0x0000000001002684       0x44 arch/arm/lib/built-in.o
                0x0000000001002684                do_bad_error
 .text.do_sync  0x00000000010026c8       0x44 arch/arm/lib/built-in.o
                0x00000000010026c8                do_sync
 .text.do_irq   0x000000000100270c       0x44 arch/arm/lib/built-in.o
                0x000000000100270c                do_irq
 .text.do_fiq   0x0000000001002750       0x44 arch/arm/lib/built-in.o
                0x0000000001002750                do_fiq
 .text.do_error
                0x0000000001002794       0x44 arch/arm/lib/built-in.o
                0x0000000001002794                do_error
 .text.flush_cache
                0x00000000010027d8        0x8 arch/arm/lib/built-in.o
                0x00000000010027d8                flush_cache
 *fill*         0x00000000010027e0       0x20 
 .text          0x0000000001002800       0xd8 arch/arm/mach-bcmbca/built-in.o
                0x0000000001002800                boot_params
                0x0000000001002804                save_boot_params
                0x0000000001002824                armv8_el2_to_aarch32
 .text.mmu_setup
                0x00000000010028d8      0x13c arch/arm/mach-bcmbca/built-in.o
                0x00000000010028d8                mmu_setup
 .text.enable_caches
                0x0000000001002a14       0x14 arch/arm/mach-bcmbca/built-in.o
                0x0000000001002a14                enable_caches
 .text.bcmbca_pinmux_set
                0x0000000001002a28       0x1c arch/arm/mach-bcmbca/built-in.o
                0x0000000001002a28                bcmbca_pinmux_set
 .text.get_cma_alignment_from_dt
                0x0000000001002a44       0x9c arch/arm/mach-bcmbca/built-in.o
 .text.set_reserved_memory
                0x0000000001002ae0      0x53c arch/arm/mach-bcmbca/built-in.o
 .text.get_nr_cpus
                0x000000000100301c        0x8 arch/arm/mach-bcmbca/built-in.o
                0x000000000100301c                get_nr_cpus
 .text.ft_update_cpu_nodes
                0x0000000001003024       0xcc arch/arm/mach-bcmbca/built-in.o
                0x0000000001003024                ft_update_cpu_nodes
 .text.ft_system_setup
                0x00000000010030f0      0xc84 arch/arm/mach-bcmbca/built-in.o
                0x00000000010030f0                ft_system_setup
 .text.dtb_getprop
                0x0000000001003d74       0x5c arch/arm/mach-bcmbca/built-in.o
 .text.dtb_get_addr_size_cells
                0x0000000001003dd0       0xb4 arch/arm/mach-bcmbca/built-in.o
 .text._dtb_getprop_cma_rsv_param
                0x0000000001003e84       0x78 arch/arm/mach-bcmbca/built-in.o
 .text.dtb_delnode
                0x0000000001003efc       0x3c arch/arm/mach-bcmbca/built-in.o
 .text._dtb_setprop_cma_rsvmem_size
                0x0000000001003f38       0xd8 arch/arm/mach-bcmbca/built-in.o
 .text.dtb_set_reserved_memory
                0x0000000001004010      0x1bc arch/arm/mach-bcmbca/built-in.o
                0x0000000001004010                dtb_set_reserved_memory
 .text.dtb_del_cma_rsvmem_device
                0x00000000010041cc       0xac arch/arm/mach-bcmbca/built-in.o
                0x00000000010041cc                dtb_del_cma_rsvmem_device
 .text.dtb_get_prop
                0x0000000001004278        0x4 arch/arm/mach-bcmbca/built-in.o
                0x0000000001004278                dtb_get_prop
 .text.dtb_getprop_cma_rsv_param
                0x000000000100427c       0xe4 arch/arm/mach-bcmbca/built-in.o
                0x000000000100427c                dtb_getprop_cma_rsv_param
 .text.dtb_getprop_cma_rsvmem_size
                0x0000000001004360       0x10 arch/arm/mach-bcmbca/built-in.o
                0x0000000001004360                dtb_getprop_cma_rsvmem_size
 .text.dtb_setprop_cma_rsvmem_size
                0x0000000001004370       0xd8 arch/arm/mach-bcmbca/built-in.o
                0x0000000001004370                dtb_setprop_cma_rsvmem_size
 .text.dtb_del_cma_rsvmem
                0x0000000001004448       0xc4 arch/arm/mach-bcmbca/built-in.o
                0x0000000001004448                dtb_del_cma_rsvmem
 .text.dtb_del_reserved_memory
                0x000000000100450c       0x68 arch/arm/mach-bcmbca/built-in.o
                0x000000000100450c                dtb_del_reserved_memory
 .text.dtb_set_bootargs
                0x0000000001004574      0x1e4 arch/arm/mach-bcmbca/built-in.o
                0x0000000001004574                dtb_set_bootargs
 .text.__stack_chk_fail
                0x0000000001004758       0x24 arch/arm/mach-bcmbca/built-in.o
                0x0000000001004758                __stack_chk_fail
 .text.arch_cpu_init
                0x000000000100477c        0x8 arch/arm/mach-bcmbca/built-in.o
                0x000000000100477c                arch_cpu_init
 .text.bcmbca_get_chipid
                0x0000000001004784       0x80 arch/arm/mach-bcmbca/built-in.o
                0x0000000001004784                bcmbca_get_chipid
 .text.print_chipinfo
                0x0000000001004804       0xe4 arch/arm/mach-bcmbca/built-in.o
                0x0000000001004804                print_chipinfo
 .text.init_led_gpios.part.0
                0x00000000010048e8      0x13c arch/arm/mach-bcmbca/built-in.o
 .text.sercomm_status_led_set
                0x0000000001004a24      0x110 arch/arm/mach-bcmbca/built-in.o
                0x0000000001004a24                sercomm_status_led_set
 .text.sercomm_internet_led_set
                0x0000000001004b34       0x34 arch/arm/mach-bcmbca/built-in.o
                0x0000000001004b34                sercomm_internet_led_set
 .text.SendAndWait
                0x0000000001004b68      0x18c arch/arm/mach-bcmbca/built-in.o
 .text.SendCommand
                0x0000000001004cf4       0x68 arch/arm/mach-bcmbca/built-in.o
                0x0000000001004cf4                SendCommand
 .text.GetRevision
                0x0000000001004d5c       0x90 arch/arm/mach-bcmbca/built-in.o
                0x0000000001004d5c                GetRevision
 .text.read_bpcm_reg_direct
                0x0000000001004dec       0x58 arch/arm/mach-bcmbca/built-in.o
                0x0000000001004dec                read_bpcm_reg_direct
 .text.write_bpcm_reg_direct
                0x0000000001004e44       0x60 arch/arm/mach-bcmbca/built-in.o
                0x0000000001004e44                write_bpcm_reg_direct
 .text.GetPVT   0x0000000001004ea4      0x118 arch/arm/mach-bcmbca/built-in.o
                0x0000000001004ea4                GetPVT
 .text.ReadBPCMRegister
                0x0000000001004fbc        0x4 arch/arm/mach-bcmbca/built-in.o
                0x0000000001004fbc                ReadBPCMRegister
 .text.WriteBPCMRegister
                0x0000000001004fc0        0x4 arch/arm/mach-bcmbca/built-in.o
                0x0000000001004fc0                WriteBPCMRegister
 .text.PowerOnZone
                0x0000000001004fc4       0x90 arch/arm/mach-bcmbca/built-in.o
                0x0000000001004fc4                PowerOnZone
 .text.PowerOnDevice
                0x0000000001005054       0x7c arch/arm/mach-bcmbca/built-in.o
                0x0000000001005054                PowerOnDevice
 .text.PowerOffZone
                0x00000000010050d0       0x70 arch/arm/mach-bcmbca/built-in.o
                0x00000000010050d0                PowerOffZone
 .text.PowerOffDevice
                0x0000000001005140       0x78 arch/arm/mach-bcmbca/built-in.o
                0x0000000001005140                PowerOffDevice
 .text.CloseAVS
                0x00000000010051b8       0xa8 arch/arm/mach-bcmbca/built-in.o
                0x00000000010051b8                CloseAVS
 .text.PMCcmd   0x0000000001005260        0x8 arch/arm/mach-bcmbca/built-in.o
                0x0000000001005260                PMCcmd
 .text.WaitPmc  0x0000000001005268      0x218 arch/arm/mach-bcmbca/built-in.o
                0x0000000001005268                WaitPmc
 .text.pmc_initmode
                0x0000000001005480       0x2c arch/arm/mach-bcmbca/built-in.o
                0x0000000001005480                pmc_initmode
 .text.pmc_convert_pvtmon
                0x00000000010054ac       0x94 arch/arm/mach-bcmbca/built-in.o
                0x00000000010054ac                pmc_convert_pvtmon
 .text.pmc_get_tracktemp
                0x0000000001005540       0x8c arch/arm/mach-bcmbca/built-in.o
                0x0000000001005540                pmc_get_tracktemp
 .text.pmc_set_tracktemp
                0x00000000010055cc       0x34 arch/arm/mach-bcmbca/built-in.o
                0x00000000010055cc                pmc_set_tracktemp
 .text.pmc_log  0x0000000001005600        0x4 arch/arm/mach-bcmbca/built-in.o
                0x0000000001005600                pmc_log
 .text.sw_complete_wait
                0x0000000001005604       0x3c arch/arm/mach-bcmbca/built-in.o
                0x0000000001005604                sw_complete_wait
 .text.swr_read
                0x0000000001005640       0x5c arch/arm/mach-bcmbca/built-in.o
                0x0000000001005640                swr_read
 .text.swr_write
                0x000000000100569c       0xf4 arch/arm/mach-bcmbca/built-in.o
                0x000000000100569c                swr_write
 .text.swr_read_v
                0x0000000001005790       0x80 arch/arm/mach-bcmbca/built-in.o
                0x0000000001005790                swr_read_v
 .text.swr_write_v
                0x0000000001005810       0x4c arch/arm/mach-bcmbca/built-in.o
                0x0000000001005810                swr_write_v
 .text.dump_swregs
                0x000000000100585c       0xd8 arch/arm/mach-bcmbca/built-in.o
                0x000000000100585c                dump_swregs
 .text.list_swregs
                0x0000000001005934       0x78 arch/arm/mach-bcmbca/built-in.o
                0x0000000001005934                list_swregs
 .text.pmc_init
                0x00000000010059ac      0x1f0 arch/arm/mach-bcmbca/built-in.o
                0x00000000010059ac                pmc_init
 .text.pll_vco_freq_get
                0x0000000001005b9c       0xa4 arch/arm/mach-bcmbca/built-in.o
                0x0000000001005b9c                pll_vco_freq_get
 .text.pll_ch_freq_get
                0x0000000001005c40      0x1b4 arch/arm/mach-bcmbca/built-in.o
                0x0000000001005c40                pll_ch_freq_get
 .text.biu_ch_freq_get
                0x0000000001005df4       0x10 arch/arm/mach-bcmbca/built-in.o
                0x0000000001005df4                biu_ch_freq_get
 .text.get_rdp_freq
                0x0000000001005e04       0x3c arch/arm/mach-bcmbca/built-in.o
                0x0000000001005e04                get_rdp_freq
 .text.pmc_1_x_unmap
                0x0000000001005e40        0x4 arch/arm/mach-bcmbca/built-in.o
 .text.dt_parse_1_x
                0x0000000001005e44      0x154 arch/arm/mach-bcmbca/built-in.o
 .text.dt_parse_lite
                0x0000000001005f98       0xd0 arch/arm/mach-bcmbca/built-in.o
 .text.dt_parse_3_x
                0x0000000001006068      0x1b8 arch/arm/mach-bcmbca/built-in.o
 .text.pmc_lite_unmap
                0x0000000001006220        0x4 arch/arm/mach-bcmbca/built-in.o
 .text.pmc_3_x_unmap
                0x0000000001006224        0x4 arch/arm/mach-bcmbca/built-in.o
 .text.bcm_pmc_drv_reg
                0x0000000001006228       0xfc arch/arm/mach-bcmbca/built-in.o
                0x0000000001006228                bcm_pmc_drv_reg
 .text.pmc_xrdp_init
                0x0000000001006324      0x418 arch/arm/mach-bcmbca/built-in.o
                0x0000000001006324                pmc_xrdp_init
 .text.pmc_usb_power_up
                0x000000000100673c       0x58 arch/arm/mach-bcmbca/built-in.o
                0x000000000100673c                pmc_usb_power_up
 .text.pmc_usb_power_down
                0x0000000001006794       0x4c arch/arm/mach-bcmbca/built-in.o
                0x0000000001006794                pmc_usb_power_down
 .text.bcm_ubus4_dcm_probe
                0x00000000010067e0      0x12c arch/arm/mach-bcmbca/built-in.o
 .text.ubus_ucb_write.constprop.0
                0x000000000100690c       0x60 arch/arm/mach-bcmbca/built-in.o
 .text.ubus_ucb_read.constprop.0
                0x000000000100696c       0x78 arch/arm/mach-bcmbca/built-in.o
 .text.bcm_ubus4_probe
                0x00000000010069e4      0x290 arch/arm/mach-bcmbca/built-in.o
 .text.bcm_ubus_drv_init
                0x0000000001006c74       0xe4 arch/arm/mach-bcmbca/built-in.o
                0x0000000001006c74                bcm_ubus_drv_init
 .text.ubus_deregister_port
                0x0000000001006d58       0x78 arch/arm/mach-bcmbca/built-in.o
                0x0000000001006d58                ubus_deregister_port
 .text.ubus_register_port
                0x0000000001006dd0       0x78 arch/arm/mach-bcmbca/built-in.o
                0x0000000001006dd0                ubus_register_port
 .text.otp_hw_cmn_init
                0x0000000001006e48       0x70 arch/arm/mach-bcmbca/built-in.o
                0x0000000001006e50                otp_hw_cmn_init
 .text.sotp_hw_cmn_init
                0x0000000001006eb8       0x70 arch/arm/mach-bcmbca/built-in.o
                0x0000000001006ec0                sotp_hw_cmn_init
 .text.bcm_otp_init
                0x0000000001006f28      0x114 arch/arm/mach-bcmbca/built-in.o
                0x0000000001006f28                bcm_otp_init
 .text.bcm_otp_deinit
                0x000000000100703c       0x70 arch/arm/mach-bcmbca/built-in.o
                0x000000000100703c                bcm_otp_deinit
 .text.bcm_otp  0x00000000010070ac       0x28 arch/arm/mach-bcmbca/built-in.o
                0x00000000010070ac                bcm_otp
 .text._get_map
                0x00000000010070d4       0x28 arch/arm/mach-bcmbca/built-in.o
 .text.bcm_otp_read
                0x00000000010070fc       0x40 arch/arm/mach-bcmbca/built-in.o
                0x00000000010070fc                bcm_otp_read
 .text.bcm_otp_get
                0x000000000100713c       0x8c arch/arm/mach-bcmbca/built-in.o
                0x000000000100713c                bcm_otp_get
 .text.bcm_otp_write
                0x00000000010071c8       0x40 arch/arm/mach-bcmbca/built-in.o
                0x00000000010071c8                bcm_otp_write
 .text.bcm_otp_ctl
                0x0000000001007208       0x34 arch/arm/mach-bcmbca/built-in.o
                0x0000000001007208                bcm_otp_ctl
 .text.bcm_otp_get_chip_ser_num
                0x000000000100723c        0xc arch/arm/mach-bcmbca/built-in.o
                0x000000000100723c                bcm_otp_get_chip_ser_num
 .text.bcm_otp_get_chipid
                0x0000000001007248        0xc arch/arm/mach-bcmbca/built-in.o
                0x0000000001007248                bcm_otp_get_chipid
 .text.bcm_otp_get_nr_cpus
                0x0000000001007254        0xc arch/arm/mach-bcmbca/built-in.o
                0x0000000001007254                bcm_otp_get_nr_cpus
 .text.bcm_otp_get_mfg_process
                0x0000000001007260        0xc arch/arm/mach-bcmbca/built-in.o
                0x0000000001007260                bcm_otp_get_mfg_process
 .text.bcm_otp_get_mfg_substrate
                0x000000000100726c        0xc arch/arm/mach-bcmbca/built-in.o
                0x000000000100726c                bcm_otp_get_mfg_substrate
 .text.bcm_otp_get_mfg_foundry
                0x0000000001007278        0xc arch/arm/mach-bcmbca/built-in.o
                0x0000000001007278                bcm_otp_get_mfg_foundry
 .text.__get_addr
                0x0000000001007284       0x4c arch/arm/mach-bcmbca/built-in.o
 .text.otp_map_cmn_read
                0x00000000010072d0      0x188 arch/arm/mach-bcmbca/built-in.o
 .text.otp_map_cmn_write
                0x0000000001007458      0x1a8 arch/arm/mach-bcmbca/built-in.o
 .text.otp_map_cmn_ctl
                0x0000000001007600       0xfc arch/arm/mach-bcmbca/built-in.o
 .text.otp_map_cmn_malloc
                0x00000000010076fc        0x4 arch/arm/mach-bcmbca/built-in.o
                0x00000000010076fc                otp_map_cmn_malloc
 .text.otp_map_cmn_deinit
                0x0000000001007700       0x78 arch/arm/mach-bcmbca/built-in.o
                0x0000000001007700                otp_map_cmn_deinit
 .text.otp_map_cmn_init
                0x0000000001007778      0x108 arch/arm/mach-bcmbca/built-in.o
                0x0000000001007778                otp_map_cmn_init
 .text.write    0x0000000001007880       0x34 arch/arm/mach-bcmbca/built-in.o
 .text.read     0x00000000010078b4       0x34 arch/arm/mach-bcmbca/built-in.o
 .text.otp_hw_writel
                0x00000000010078e8       0x14 arch/arm/mach-bcmbca/built-in.o
                0x00000000010078e8                otp_hw_writel
 .text.otp_hw_readl
                0x00000000010078fc       0x14 arch/arm/mach-bcmbca/built-in.o
                0x00000000010078fc                otp_hw_readl
 .text.otp_wait_cmd_done
                0x0000000001007910       0x48 arch/arm/mach-bcmbca/built-in.o
 .text.otp_hw_cpu_lock
                0x0000000001007958        0x8 arch/arm/mach-bcmbca/built-in.o
                0x0000000001007958                otp_hw_cpu_lock
 .text.otp_hw_cpu_unlock
                0x0000000001007960        0x4 arch/arm/mach-bcmbca/built-in.o
                0x0000000001007960                otp_hw_cpu_unlock
 .text.otp_auth_prog_mode
                0x0000000001007964      0x168 arch/arm/mach-bcmbca/built-in.o
 .text.otp_auth_prog_mode_done
                0x0000000001007acc       0x50 arch/arm/mach-bcmbca/built-in.o
 .text.otp_hw_cmn_ctl
                0x0000000001007b1c       0x98 arch/arm/mach-bcmbca/built-in.o
                0x0000000001007b1c                otp_hw_cmn_ctl
 .text.otp_hw_set_ecc
                0x0000000001007bb4       0x1c arch/arm/mach-bcmbca/built-in.o
                0x0000000001007bbc                otp_hw_set_ecc
 .text.otp_hw_write
                0x0000000001007bd0      0x10c arch/arm/mach-bcmbca/built-in.o
                0x0000000001007bd0                otp_hw_write
 .text.otp_hw_get_ecc
                0x0000000001007cdc       0x20 arch/arm/mach-bcmbca/built-in.o
                0x0000000001007ce4                otp_hw_get_ecc
 .text.otp_hw_read
                0x0000000001007cfc      0x17c arch/arm/mach-bcmbca/built-in.o
                0x0000000001007cfc                otp_hw_read
 .text.otp_hw_dev_mmap
                0x0000000001007e78       0x14 arch/arm/mach-bcmbca/built-in.o
                0x0000000001007e78                otp_hw_dev_mmap
 .text.otp_hw_init
                0x0000000001007e8c       0x40 arch/arm/mach-bcmbca/built-in.o
                0x0000000001007e8c                otp_hw_init
 .text.sotp_hw_write_dev
                0x0000000001007ecc       0x8c arch/arm/mach-bcmbca/built-in.o
 .text.row2sect
                0x0000000001007f58       0x4c arch/arm/mach-bcmbca/built-in.o
 .text.sotp_hw_read_dev
                0x0000000001007fa4       0x8c arch/arm/mach-bcmbca/built-in.o
 .text.sotp_hw_readl
                0x0000000001008030       0x14 arch/arm/mach-bcmbca/built-in.o
                0x0000000001008030                sotp_hw_readl
 .text.sotpPollForFDone
                0x0000000001008044       0x70 arch/arm/mach-bcmbca/built-in.o
 .text.sotp_hw_writel
                0x00000000010080b4       0x14 arch/arm/mach-bcmbca/built-in.o
                0x00000000010080b4                sotp_hw_writel
 .text.sotpSetStartAndPollForCmdDone
                0x00000000010080c8       0xbc arch/arm/mach-bcmbca/built-in.o
 .text.sotpReadEccRow
                0x0000000001008184      0x1f4 arch/arm/mach-bcmbca/built-in.o
 .text.sotpReadKeyslotData
                0x0000000001008378      0x1ec arch/arm/mach-bcmbca/built-in.o
 .text.sotp_hw_read
                0x0000000001008564       0xcc arch/arm/mach-bcmbca/built-in.o
                0x0000000001008564                sotp_hw_read
 .text.sotpReadNonEccRow
                0x0000000001008630      0x118 arch/arm/mach-bcmbca/built-in.o
 .text.sotpIsRegionFuseLocked
                0x0000000001008748       0xd4 arch/arm/mach-bcmbca/built-in.o
 .text.sotpPrepForFusing
                0x000000000100881c      0x130 arch/arm/mach-bcmbca/built-in.o
 .text.sotpFinishFusing
                0x000000000100894c       0x68 arch/arm/mach-bcmbca/built-in.o
 .text.sotpWriteEccRow
                0x00000000010089b4      0x158 arch/arm/mach-bcmbca/built-in.o
 .text.sotpFuseNonEccRow
                0x0000000001008b0c       0x94 arch/arm/mach-bcmbca/built-in.o
 .text.sotp_hw_write
                0x0000000001008ba0      0x4b4 arch/arm/mach-bcmbca/built-in.o
                0x0000000001008ba0                sotp_hw_write
 .text.sotpKeySlotReadLockStatus.part.0
                0x0000000001009054       0xc8 arch/arm/mach-bcmbca/built-in.o
 .text.sotpLockRegion.part.0
                0x000000000100911c       0xbc arch/arm/mach-bcmbca/built-in.o
 .text.sotp_hw_ctl
                0x00000000010091d8      0x3a4 arch/arm/mach-bcmbca/built-in.o
                0x00000000010091d8                sotp_hw_ctl
 .text.sotp_hw_dev_mmap
                0x000000000100957c       0x14 arch/arm/mach-bcmbca/built-in.o
                0x000000000100957c                sotp_hw_dev_mmap
 .text.sotp_hw_init
                0x0000000001009590       0x64 arch/arm/mach-bcmbca/built-in.o
                0x0000000001009590                sotp_hw_init
 .text.bcm_early_find_strap_node
                0x00000000010095f4       0x10 arch/arm/mach-bcmbca/built-in.o
 .text.bcm_strap_drv_probe
                0x0000000001009604       0x8c arch/arm/mach-bcmbca/built-in.o
 .text.bcm_strap_get_val
                0x0000000001009690       0x94 arch/arm/mach-bcmbca/built-in.o
                0x0000000001009690                bcm_strap_get_val
 .text.bcm_strap_parse_and_test
                0x0000000001009724       0xcc arch/arm/mach-bcmbca/built-in.o
                0x0000000001009724                bcm_strap_parse_and_test
 .text.bcm_get_boot_device
                0x00000000010097f0       0xfc arch/arm/mach-bcmbca/built-in.o
                0x00000000010097f0                bcm_get_boot_device
 .text.bcm_strap_drv_reg
                0x00000000010098ec       0x74 arch/arm/mach-bcmbca/built-in.o
                0x00000000010098ec                bcm_strap_drv_reg
 .text.local_btn_poll
                0x0000000001009960        0x4 board/broadcom/bcmbca/built-in.o
 .text.set_cpu_freq
                0x0000000001009964        0x8 board/broadcom/bcmbca/built-in.o
                0x0000000001009964                set_cpu_freq
 .text.board_sdk_init_e
                0x000000000100996c       0x24 board/broadcom/bcmbca/built-in.o
                0x0000000001009974                board_sdk_init_e
 .text.board_spinor_init
                0x0000000001009990       0x58 board/broadcom/bcmbca/built-in.o
                0x0000000001009990                board_spinor_init
 .text.reset_plls
                0x00000000010099e8        0x4 board/broadcom/bcmbca/built-in.o
                0x00000000010099e8                reset_plls
 .text.bcmbca_get_chiprev
                0x00000000010099ec       0x10 board/broadcom/bcmbca/built-in.o
                0x00000000010099ec                bcmbca_get_chiprev
 .text.board_init
                0x00000000010099fc       0x50 board/broadcom/bcmbca/built-in.o
                0x00000000010099fc                board_init
 .text.board_fix_fdt
                0x0000000001009a4c        0x8 board/broadcom/bcmbca/built-in.o
                0x0000000001009a4c                board_fix_fdt
 .text.ft_board_setup
                0x0000000001009a54        0x8 board/broadcom/bcmbca/built-in.o
                0x0000000001009a54                ft_board_setup
 .text.board_sdk_late_init_e
                0x0000000001009a5c       0x98 board/broadcom/bcmbca/built-in.o
                0x0000000001009a64                board_sdk_late_init_e
 .text.board_sdk_late_init_l
                0x0000000001009af4      0x19c board/broadcom/bcmbca/built-in.o
                0x0000000001009afc                board_sdk_late_init_l
 .text.board_late_init
                0x0000000001009c90       0x50 board/broadcom/bcmbca/built-in.o
                0x0000000001009c90                board_late_init
 .text.hook_dram_init
                0x0000000001009ce0        0x4 board/broadcom/bcmbca/built-in.o
                0x0000000001009ce0                hook_dram_init
 .text.dram_init
                0x0000000001009ce4       0x4c board/broadcom/bcmbca/built-in.o
                0x0000000001009ce4                dram_init
 .text.dram_init_banksize
                0x0000000001009d30       0x1c board/broadcom/bcmbca/built-in.o
                0x0000000001009d30                dram_init_banksize
 .text.print_cpuinfo
                0x0000000001009d4c        0x8 board/broadcom/bcmbca/built-in.o
                0x0000000001009d4c                print_cpuinfo
 .text.board_mtdparts_default
                0x0000000001009d54      0x124 board/broadcom/bcmbca/built-in.o
                0x0000000001009d58                board_mtdparts_default
 .text.board_quiesce_devices
                0x0000000001009e78       0x54 board/broadcom/bcmbca/built-in.o
                0x0000000001009e78                board_quiesce_devices
 .text.find_spl_env_val
                0x0000000001009ecc       0xac board/broadcom/bcmbca/built-in.o
                0x0000000001009ecc                find_spl_env_val
 .text.get_spl_env_val
                0x0000000001009f78       0x44 board/broadcom/bcmbca/built-in.o
                0x0000000001009f78                get_spl_env_val
 .text.validate_metadata
                0x0000000001009fbc      0x1cc board/broadcom/bcmbca/built-in.o
                0x0000000001009fbc                validate_metadata
 .text.the_env_crc32
                0x000000000100a188        0x4 board/broadcom/bcmbca/built-in.o
                0x000000000100a188                the_env_crc32
 .text.bcmbca_bootstate_reached_uboot
                0x000000000100a18c       0x1c board/broadcom/bcmbca/built-in.o
 .text.bcm_board_boot_fdt_fixup_from_fit
                0x000000000100a1a8        0x8 board/broadcom/bcmbca/built-in.o
                0x000000000100a1a8                bcm_board_boot_fdt_fixup_from_fit
 .text.env_get_dec
                0x000000000100a1b0       0x70 board/broadcom/bcmbca/built-in.o
                0x000000000100a1b0                env_get_dec
 .text.board_closeavs_override
                0x000000000100a220       0xec board/broadcom/bcmbca/built-in.o
                0x000000000100a220                board_closeavs_override
 .text.board_init_flash_parts
                0x000000000100a30c      0x2d8 board/broadcom/bcmbca/built-in.o
                0x000000000100a30c                board_init_flash_parts
 .text.board_preboot_os
                0x000000000100a5e4       0x78 board/broadcom/bcmbca/built-in.o
                0x000000000100a5e4                board_preboot_os
 .text.register_cli_job_cb
                0x000000000100a65c       0x74 board/broadcom/bcmbca/built-in.o
                0x000000000100a65c                register_cli_job_cb
 .text.init_cli_cb_arr
                0x000000000100a6d0       0x30 board/broadcom/bcmbca/built-in.o
                0x000000000100a6d0                init_cli_cb_arr
 .text.unregister_cli_job_cb
                0x000000000100a700       0xa8 board/broadcom/bcmbca/built-in.o
                0x000000000100a700                unregister_cli_job_cb
 .text.run_cli_jobs
                0x000000000100a7a8       0x88 board/broadcom/bcmbca/built-in.o
                0x000000000100a7a8                run_cli_jobs
 .text.suffix2shift
                0x000000000100a830       0x34 board/broadcom/bcmbca/built-in.o
                0x000000000100a830                suffix2shift
 .text.parse_env_nums
                0x000000000100a864      0x134 board/broadcom/bcmbca/built-in.o
                0x000000000100a864                parse_env_nums
 .text.parse_env_string_plus_nums
                0x000000000100a998      0x138 board/broadcom/bcmbca/built-in.o
                0x000000000100a998                parse_env_string_plus_nums
 .text.bcmbca_get_spinor_mtd_dev
                0x000000000100aad0        0xc board/broadcom/bcmbca/built-in.o
                0x000000000100aad0                bcmbca_get_spinor_mtd_dev
 .text.bcmbca_is_nand_detected
                0x000000000100aadc        0x8 board/broadcom/bcmbca/built-in.o
                0x000000000100aadc                bcmbca_is_nand_detected
 .text.bcmbca_is_spinand_detected
                0x000000000100aae4        0x8 board/broadcom/bcmbca/built-in.o
                0x000000000100aae4                bcmbca_is_spinand_detected
 .text.bcmbca_is_spinor_detected
                0x000000000100aaec       0x38 board/broadcom/bcmbca/built-in.o
                0x000000000100aaec                bcmbca_is_spinor_detected
 .text.bcmbca_is_emmc_detected
                0x000000000100ab24        0x4 board/broadcom/bcmbca/built-in.o
                0x000000000100ab24                bcmbca_is_emmc_detected
 .text.bcmbca_get_image_mtd_device
                0x000000000100ab28       0x28 board/broadcom/bcmbca/built-in.o
                0x000000000100ab28                bcmbca_get_image_mtd_device
 .text.get_binary_from_bundle
                0x000000000100ab50      0x16c board/broadcom/bcmbca/built-in.o
                0x000000000100ab50                get_binary_from_bundle
 .text.otp_cmd_lookup
                0x000000000100acbc       0xa0 board/broadcom/bcmbca/built-in.o
 .text.get_active_img_idx
                0x000000000100ad5c       0x9c board/broadcom/bcmbca/built-in.o
 .text.emmc_rdwr_userdata_part
                0x000000000100adf8      0x228 board/broadcom/bcmbca/built-in.o
 .text.bcm_handle_mapper
                0x000000000100b020      0x2a8 board/broadcom/bcmbca/built-in.o
 .text.emmc_load_bootfs
                0x000000000100b2c8      0x210 board/broadcom/bcmbca/built-in.o
 .text.get_image_media
                0x000000000100b4d8       0xcc board/broadcom/bcmbca/built-in.o
 .text.strcasecmp_image_media
                0x000000000100b5a4       0x48 board/broadcom/bcmbca/built-in.o
 .text.spinor_load_bootfs
                0x000000000100b5ec      0x17c board/broadcom/bcmbca/built-in.o
 .text.check_board_compat_chipid
                0x000000000100b768       0xb8 board/broadcom/bcmbca/built-in.o
 .text.do_restoredefault
                0x000000000100b820      0x1c8 board/broadcom/bcmbca/built-in.o
 .text.write_spinor_partition
                0x000000000100b9e8      0x108 board/broadcom/bcmbca/built-in.o
 .text.flash_rootfs
                0x000000000100baf0      0x104 board/broadcom/bcmbca/built-in.o
 .text.flash_bootfs
                0x000000000100bbf4      0x104 board/broadcom/bcmbca/built-in.o
 .text.do_flash_spinor_bootfs_rootfs
                0x000000000100bcf8      0x10c board/broadcom/bcmbca/built-in.o
 .text.complete_bca_test
                0x000000000100be04       0x24 board/broadcom/bcmbca/built-in.o
 .text.complete_sdk
                0x000000000100be28       0x24 board/broadcom/bcmbca/built-in.o
 .text.do_sec_ser_num
                0x000000000100be4c      0x3b0 board/broadcom/bcmbca/built-in.o
 .text.do_force
                0x000000000100c1fc      0x1ac board/broadcom/bcmbca/built-in.o
 .text.do_kaslr_status
                0x000000000100c3a8       0xdc board/broadcom/bcmbca/built-in.o
 .text.do_antirollback
                0x000000000100c484      0x14c board/broadcom/bcmbca/built-in.o
 .text.do_bpcm_cmd
                0x000000000100c5d0      0x254 board/broadcom/bcmbca/built-in.o
 .text.do_activate
                0x000000000100c824       0x2c board/broadcom/bcmbca/built-in.o
 .text.do_bca_test
                0x000000000100c850       0xb4 board/broadcom/bcmbca/built-in.o
 .text.do_sdk   0x000000000100c904       0xb4 board/broadcom/bcmbca/built-in.o
 .text.do_wait_link_status
                0x000000000100c9b8       0x94 board/broadcom/bcmbca/built-in.o
 .text.do_eth_active_port
                0x000000000100ca4c       0x44 board/broadcom/bcmbca/built-in.o
 .text.do_rawimg_fixup
                0x000000000100ca90       0x64 board/broadcom/bcmbca/built-in.o
 .text.on_boardid
                0x000000000100caf4      0x380 board/broadcom/bcmbca/built-in.o
 .text.on_voiceBoardid
                0x000000000100ce74      0x2d4 board/broadcom/bcmbca/built-in.o
 .text.do_flash_spinor_binary
                0x000000000100d148       0xbc board/broadcom/bcmbca/built-in.o
 .text.on_active_port
                0x000000000100d204       0x3c board/broadcom/bcmbca/built-in.o
 .text.do_dev_spec_key
                0x000000000100d240      0x388 board/broadcom/bcmbca/built-in.o
 .text.do_swr_cmd
                0x000000000100d5c8      0x18c board/broadcom/bcmbca/built-in.o
 .text.do_cpufreq
                0x000000000100d754       0xc4 board/broadcom/bcmbca/built-in.o
 .text.do_httpd_start
                0x000000000100d818       0x2c board/broadcom/bcmbca/built-in.o
 .text.cmd_otp_fuse_verify.constprop.0
                0x000000000100d844       0xbc board/broadcom/bcmbca/built-in.o
 .text.do_otp_cmd
                0x000000000100d900      0x260 board/broadcom/bcmbca/built-in.o
 .text.set_metadata_val
                0x000000000100db60      0x1b4 board/broadcom/bcmbca/built-in.o
 .text.get_metadata_val
                0x000000000100dd14      0x144 board/broadcom/bcmbca/built-in.o
 .text.do_metadata
                0x000000000100de58      0x224 board/broadcom/bcmbca/built-in.o
 .text.set_img_status.constprop.0.isra.0
                0x000000000100e07c       0xd4 board/broadcom/bcmbca/built-in.o
 .text.emmc_do_gpt_fixup
                0x000000000100e150      0x244 board/broadcom/bcmbca/built-in.o
 .text.do_gpt_fixup
                0x000000000100e394        0x4 board/broadcom/bcmbca/built-in.o
 .text.load_linux_img.constprop.0
                0x000000000100e398      0x228 board/broadcom/bcmbca/built-in.o
 .text.do_load  0x000000000100e5c0       0x68 board/broadcom/bcmbca/built-in.o
 .text.do_boot  0x000000000100e628       0x44 board/broadcom/bcmbca/built-in.o
 .text.get_loader_media
                0x000000000100e66c       0xbc board/broadcom/bcmbca/built-in.o
                0x000000000100e66c                get_loader_media
 .text.flash_loader
                0x000000000100e728      0x4dc board/broadcom/bcmbca/built-in.o
 .text.do_flash_loader
                0x000000000100ec04      0x168 board/broadcom/bcmbca/built-in.o
 .text.set_img_valid_status
                0x000000000100ed6c       0x1c board/broadcom/bcmbca/built-in.o
                0x000000000100ed6c                set_img_valid_status
 .text.commit_image
                0x000000000100ed88       0x1c board/broadcom/bcmbca/built-in.o
                0x000000000100ed88                commit_image
 .text.get_img_index_for_upgrade
                0x000000000100eda4       0xa0 board/broadcom/bcmbca/built-in.o
                0x000000000100eda4                get_img_index_for_upgrade
 .text.do_flash_bins
                0x000000000100ee44      0x1e0 board/broadcom/bcmbca/built-in.o
 .text.flash_upgrade_img_bundle
                0x000000000100f024      0x590 board/broadcom/bcmbca/built-in.o
                0x000000000100f024                flash_upgrade_img_bundle
 .text.do_flash_upgrade_img
                0x000000000100f5b4      0x258 board/broadcom/bcmbca/built-in.o
 .text.is_pmcfw_loaded
                0x000000000100f80c       0xfc board/broadcom/bcmbca/built-in.o
 .text.complete_pmc
                0x000000000100f908       0x24 board/broadcom/bcmbca/built-in.o
 .text.do_pmc_sc_tracktemp
                0x000000000100f92c      0x110 board/broadcom/bcmbca/built-in.o
 .text.do_pmc_sc_pvtmon
                0x000000000100fa3c      0x138 board/broadcom/bcmbca/built-in.o
 .text.do_pmc_sc_log
                0x000000000100fb74       0x38 board/broadcom/bcmbca/built-in.o
 .text.do_pmc_sc_cmd
                0x000000000100fbac       0xb0 board/broadcom/bcmbca/built-in.o
 .text.do_pmc_sc_closeavs
                0x000000000100fc5c      0x200 board/broadcom/bcmbca/built-in.o
 .text.do_pmc   0x000000000100fe5c       0xb4 board/broadcom/bcmbca/built-in.o
 .text.is_pmcfw_code_loaded
                0x000000000100ff10        0x8 board/broadcom/bcmbca/built-in.o
                0x000000000100ff10                is_pmcfw_code_loaded
 .text.is_pmcfw_data_loaded
                0x000000000100ff18        0x8 board/broadcom/bcmbca/built-in.o
                0x000000000100ff18                is_pmcfw_data_loaded
 .text.getAVSConfig
                0x000000000100ff20       0x54 board/broadcom/bcmbca/built-in.o
                0x000000000100ff20                getAVSConfig
 .text.do_pmc_sc_avs
                0x000000000100ff74      0x170 board/broadcom/bcmbca/built-in.o
 .text.http_get_upgrade_status
                0x00000000010100e4       0x14 board/broadcom/bcmbca/built-in.o
                0x00000000010100e4                http_get_upgrade_status
 .text.http_update_image
                0x00000000010100f8      0x178 board/broadcom/bcmbca/built-in.o
                0x00000000010100f8                http_update_image
 .text.send_httpd
                0x0000000001010270       0x78 board/broadcom/bcmbca/built-in.o
                0x0000000001010270                send_httpd
 .text.http_rcv
                0x00000000010102e8      0x140 board/broadcom/bcmbca/built-in.o
                0x00000000010102e8                http_rcv
 .text.httpd_check_net_env
                0x0000000001010428       0xac board/broadcom/bcmbca/built-in.o
                0x0000000001010428                httpd_check_net_env
 .text.httpd_start
                0x00000000010104d4      0x180 board/broadcom/bcmbca/built-in.o
                0x00000000010104d4                httpd_start
 .text.httpd_poll_post_process
                0x0000000001010654       0x70 board/broadcom/bcmbca/built-in.o
                0x0000000001010654                httpd_poll_post_process
 .text.http_poll
                0x00000000010106c4       0xc4 board/broadcom/bcmbca/built-in.o
                0x00000000010106c4                http_poll
 .text.httpd_state_reset
                0x0000000001010788       0x3c board/broadcom/bcmbca/built-in.o
 .text.httpd_download_progress
                0x00000000010107c4       0x68 board/broadcom/bcmbca/built-in.o
 .text.httpd_findandstore_firstchunk
                0x000000000101082c      0x15c board/broadcom/bcmbca/built-in.o
 .text.httpd_appcall
                0x0000000001010988      0x5b8 board/broadcom/bcmbca/built-in.o
                0x0000000001010988                httpd_appcall
 .text.uip_add_rcv_nxt
                0x0000000001010f40       0x58 board/broadcom/bcmbca/built-in.o
 .text.uip_init
                0x0000000001010f98       0x38 board/broadcom/bcmbca/built-in.o
                0x0000000001010f98                uip_init
 .text.uip_listen
                0x0000000001010fd0       0x2c board/broadcom/bcmbca/built-in.o
                0x0000000001010fd0                uip_listen
 .text.uip_process
                0x0000000001010ffc      0xe0c board/broadcom/bcmbca/built-in.o
                0x0000000001010ffc                uip_process
 .text.uip_add32
                0x0000000001011e08       0xec board/broadcom/bcmbca/built-in.o
                0x0000000001011e08                uip_add32
 .text.uip_chksum
                0x0000000001011ef4       0x80 board/broadcom/bcmbca/built-in.o
                0x0000000001011ef4                uip_chksum
 .text.uip_ipchksum
                0x0000000001011f74       0x10 board/broadcom/bcmbca/built-in.o
                0x0000000001011f74                uip_ipchksum
 .text.uip_tcpchksum
                0x0000000001011f84      0x130 board/broadcom/bcmbca/built-in.o
                0x0000000001011f84                uip_tcpchksum
 .text.uip_arp_update
                0x00000000010120b4      0x188 board/broadcom/bcmbca/built-in.o
 .text.uip_arp_ipin
                0x000000000101223c       0x2c board/broadcom/bcmbca/built-in.o
                0x000000000101223c                uip_arp_ipin
 .text.uip_arp_out
                0x0000000001012268      0x1e8 board/broadcom/bcmbca/built-in.o
                0x0000000001012268                uip_arp_out
 .text.bcmbca_set_boot_reason_v1
                0x0000000001012450       0x44 board/broadcom/bcmbca/built-in.o
 .text.bcmbca_set_boot_failed_count_v1
                0x0000000001012494       0x44 board/broadcom/bcmbca/built-in.o
 .text.bcmbca_set_sel_img_id_v1
                0x00000000010124d8       0x48 board/broadcom/bcmbca/built-in.o
 .text.bcmbca_clear_boot_failed_count_v1
                0x0000000001012520       0x44 board/broadcom/bcmbca/built-in.o
 .text.bcmbca_clear_sel_img_id_v1
                0x0000000001012564       0x44 board/broadcom/bcmbca/built-in.o
 .text.bcmbca_clear_boot_reason_v1
                0x00000000010125a8       0x44 board/broadcom/bcmbca/built-in.o
 .text.bcmbca_get_boot_failed_count_v1
                0x00000000010125ec       0x34 board/broadcom/bcmbca/built-in.o
 .text.bcmbca_get_sel_img_id_v1
                0x0000000001012620       0x34 board/broadcom/bcmbca/built-in.o
 .text.bcmbca_get_old_boot_reason_v1
                0x0000000001012654       0x2c board/broadcom/bcmbca/built-in.o
 .text.bcmbca_get_old_boot_reason_v2
                0x0000000001012680       0x40 board/broadcom/bcmbca/built-in.o
 .text.bcmbca_get_boot_reason_v1
                0x00000000010126c0       0x2c board/broadcom/bcmbca/built-in.o
 .text.bcmbca_get_boot_reason_v2
                0x00000000010126ec       0x34 board/broadcom/bcmbca/built-in.o
 .text.bcmbca_get_boot_failed_count_v2
                0x0000000001012720       0x38 board/broadcom/bcmbca/built-in.o
 .text.bcmbca_get_sel_img_id_v2
                0x0000000001012758       0x38 board/broadcom/bcmbca/built-in.o
 .text.bootstate_v1_probe
                0x0000000001012790      0x174 board/broadcom/bcmbca/built-in.o
 .text.bootstate_v2_probe
                0x0000000001012904      0x114 board/broadcom/bcmbca/built-in.o
 .text.bcmbca_set_sel_img_id_v2
                0x0000000001012a18       0x90 board/broadcom/bcmbca/built-in.o
 .text.bcmbca_set_boot_failed_count_v2
                0x0000000001012aa8       0x94 board/broadcom/bcmbca/built-in.o
 .text.bcmbca_set_boot_reason_v2
                0x0000000001012b3c       0x94 board/broadcom/bcmbca/built-in.o
 .text.bcmbca_clear_sel_img_id_v2
                0x0000000001012bd0       0x88 board/broadcom/bcmbca/built-in.o
 .text.bcmbca_clear_boot_failed_count_v2
                0x0000000001012c58       0x90 board/broadcom/bcmbca/built-in.o
 .text.bcmbca_clear_boot_reason_v2
                0x0000000001012ce8       0x90 board/broadcom/bcmbca/built-in.o
 .text.bcmbca_set_boot_reason
                0x0000000001012d78       0x18 board/broadcom/bcmbca/built-in.o
                0x0000000001012d78                bcmbca_set_boot_reason
 .text.bcmbca_clear_boot_reason
                0x0000000001012d90       0x18 board/broadcom/bcmbca/built-in.o
                0x0000000001012d90                bcmbca_clear_boot_reason
 .text.bcmbca_get_boot_reason
                0x0000000001012da8       0x1c board/broadcom/bcmbca/built-in.o
                0x0000000001012da8                bcmbca_get_boot_reason
 .text.bcmbca_get_old_boot_reason
                0x0000000001012dc4       0x1c board/broadcom/bcmbca/built-in.o
                0x0000000001012dc4                bcmbca_get_old_boot_reason
 .text.bca_bootstate_probe
                0x0000000001012de0       0x74 board/broadcom/bcmbca/built-in.o
                0x0000000001012de0                bca_bootstate_probe
 .text.bcm_sec_antirollback_lvl_ctl
                0x0000000001012e54      0x23c board/broadcom/bcmbca/built-in.o
 .text.bcm_sec_boot_state
                0x0000000001013090      0x250 board/broadcom/bcmbca/built-in.o
                0x0000000001013214                bcm_sec_boot_state
 .text.bcm_sec_set_sec_ser_num
                0x00000000010132e0       0x4c board/broadcom/bcmbca/built-in.o
                0x00000000010132e0                bcm_sec_set_sec_ser_num
 .text.bcm_sec_get_sec_ser_num
                0x000000000101332c      0x118 board/broadcom/bcmbca/built-in.o
                0x000000000101332c                bcm_sec_get_sec_ser_num
 .text.bcm_sec_set_dev_spec_key
                0x0000000001013444       0x4c board/broadcom/bcmbca/built-in.o
                0x0000000001013444                bcm_sec_set_dev_spec_key
 .text.bcm_sec_get_dev_spec_key
                0x0000000001013490       0xcc board/broadcom/bcmbca/built-in.o
                0x0000000001013490                bcm_sec_get_dev_spec_key
 .text.bcm_sec_get_antirollback_lvl
                0x000000000101355c        0x8 board/broadcom/bcmbca/built-in.o
                0x000000000101355c                bcm_sec_get_antirollback_lvl
 .text.bcm_sec_set_antirollback_lvl
                0x0000000001013564       0x20 board/broadcom/bcmbca/built-in.o
                0x0000000001013564                bcm_sec_set_antirollback_lvl
 .text.bcm_sec_state
                0x0000000001013584        0xc board/broadcom/bcmbca/built-in.o
                0x0000000001013584                bcm_sec_state
 .text.bcm_sec_get_active_pub_key_info
                0x0000000001013590       0x1c board/broadcom/bcmbca/built-in.o
                0x0000000001013590                bcm_sec_get_active_pub_key_info
 .text.bcm_sec_clean_secmem
                0x00000000010135ac        0x4 board/broadcom/bcmbca/built-in.o
                0x00000000010135ac                bcm_sec_clean_secmem
 .text.bcm_sec_clean_keys
                0x00000000010135b0       0x3c board/broadcom/bcmbca/built-in.o
                0x00000000010135b0                bcm_sec_clean_keys
 .text.bcm_sec_cb_init
                0x00000000010135ec       0x14 board/broadcom/bcmbca/built-in.o
                0x00000000010135f0                bcm_sec_cb_init
 .text.bcm_sec_init
                0x0000000001013600       0x78 board/broadcom/bcmbca/built-in.o
                0x0000000001013600                bcm_sec_init
 .text.bcm_sec_do
                0x0000000001013678      0x138 board/broadcom/bcmbca/built-in.o
                0x0000000001013678                bcm_sec_do
 .text.bcm_sec_lock
                0x00000000010137b0        0x4 board/broadcom/bcmbca/built-in.o
                0x00000000010137b0                bcm_sec_lock
 .text.bcm_sec_deinit
                0x00000000010137b4       0x44 board/broadcom/bcmbca/built-in.o
                0x00000000010137b4                bcm_sec_deinit
 .text.bcm_sec_abort
                0x00000000010137f8       0x2c board/broadcom/bcmbca/built-in.o
                0x00000000010137f8                bcm_sec_abort
 .text.bcm_sec_validate_fit
                0x0000000001013824       0xf0 board/broadcom/bcmbca/built-in.o
                0x000000000101382c                bcm_sec_validate_fit
 .text.sec_key_ctrl
                0x0000000001013914      0x324 board/broadcom/bcmbca/built-in.o
 .text.bcm_util_env_var2bin
                0x0000000001013c38       0xf0 board/broadcom/bcmbca/built-in.o
                0x0000000001013c38                bcm_util_env_var2bin
 .text.bcm_sec_rsa_verify
                0x0000000001013d28      0x2e0 board/broadcom/bcmbca/built-in.o
                0x0000000001013d28                bcm_sec_rsa_verify
 .text.bcm_sec_get_reqd_load_size
                0x0000000001014008       0x10 board/broadcom/bcmbca/built-in.o
                0x0000000001014008                bcm_sec_get_reqd_load_size
 .text.bcm_tag_fit_hdr_validate
                0x0000000001014018      0x1f4 board/broadcom/bcmbca/built-in.o
                0x0000000001014018                bcm_tag_fit_hdr_validate
 .text.gmp_xalloc_limbs
                0x000000000101420c       0x14 board/broadcom/bcmbca/built-in.o
 .text.mpn_normalized_size
                0x0000000001014220       0x24 board/broadcom/bcmbca/built-in.o
 .text.mpn_common_scan
                0x0000000001014244       0x6c board/broadcom/bcmbca/built-in.o
 .text.mpz_realloc
                0x00000000010142b0       0x80 board/broadcom/bcmbca/built-in.o
 .text.gmp_default_free
                0x0000000001014330        0x8 board/broadcom/bcmbca/built-in.o
 .text.gmp_die  0x0000000001014338       0x20 board/broadcom/bcmbca/built-in.o
 .text.gmp_default_alloc
                0x0000000001014358       0x44 board/broadcom/bcmbca/built-in.o
 .text.gmp_default_realloc
                0x000000000101439c       0x64 board/broadcom/bcmbca/built-in.o
 .text.mpz_set_ui.part.0
                0x0000000001014400       0x44 board/broadcom/bcmbca/built-in.o
 .text.mpn_copyi
                0x0000000001014444       0x20 board/broadcom/bcmbca/built-in.o
                0x0000000001014444                mpn_copyi
 .text.mpn_copyd
                0x0000000001014464       0x18 board/broadcom/bcmbca/built-in.o
                0x0000000001014464                mpn_copyd
 .text.mpn_cmp  0x000000000101447c       0x2c board/broadcom/bcmbca/built-in.o
                0x000000000101447c                mpn_cmp
 .text.mpn_zero_p
                0x00000000010144a8       0x1c board/broadcom/bcmbca/built-in.o
                0x00000000010144a8                mpn_zero_p
 .text.mpn_zero
                0x00000000010144c4       0x14 board/broadcom/bcmbca/built-in.o
                0x00000000010144c4                mpn_zero
 .text.mpn_add_1
                0x00000000010144d8       0x2c board/broadcom/bcmbca/built-in.o
                0x00000000010144d8                mpn_add_1
 .text.mpz_abs_add_bit
                0x0000000001014504       0xf0 board/broadcom/bcmbca/built-in.o
 .text.mpn_add_n
                0x00000000010145f4       0x3c board/broadcom/bcmbca/built-in.o
                0x00000000010145f4                mpn_add_n
 .text.mpn_add  0x0000000001014630       0x48 board/broadcom/bcmbca/built-in.o
                0x0000000001014630                mpn_add
 .text.mpz_abs_add
                0x0000000001014678       0xa8 board/broadcom/bcmbca/built-in.o
 .text.mpn_sub_1
                0x0000000001014720       0x34 board/broadcom/bcmbca/built-in.o
                0x0000000001014720                mpn_sub_1
 .text.mpz_abs_sub_bit
                0x0000000001014754       0x60 board/broadcom/bcmbca/built-in.o
 .text.mpn_sub_n
                0x00000000010147b4       0x40 board/broadcom/bcmbca/built-in.o
                0x00000000010147b4                mpn_sub_n
 .text.mpn_sub  0x00000000010147f4       0x48 board/broadcom/bcmbca/built-in.o
                0x00000000010147f4                mpn_sub
 .text.mpz_abs_sub
                0x000000000101483c      0x118 board/broadcom/bcmbca/built-in.o
 .text.mpn_mul_1
                0x0000000001014954       0x70 board/broadcom/bcmbca/built-in.o
                0x0000000001014954                mpn_mul_1
 .text.mpn_addmul_1
                0x00000000010149c4       0x78 board/broadcom/bcmbca/built-in.o
                0x00000000010149c4                mpn_addmul_1
 .text.mpn_submul_1
                0x0000000001014a3c       0x7c board/broadcom/bcmbca/built-in.o
                0x0000000001014a3c                mpn_submul_1
 .text.mpn_mul  0x0000000001014ab8       0xa8 board/broadcom/bcmbca/built-in.o
                0x0000000001014ab8                mpn_mul
 .text.mpn_lshift
                0x0000000001014b60       0x60 board/broadcom/bcmbca/built-in.o
                0x0000000001014b60                mpn_lshift
 .text.mpn_div_qr_1_preinv
                0x0000000001014bc0      0x14c board/broadcom/bcmbca/built-in.o
 .text.mpn_rshift
                0x0000000001014d0c       0x50 board/broadcom/bcmbca/built-in.o
                0x0000000001014d0c                mpn_rshift
 .text.mpn_div_qr_preinv
                0x0000000001014d5c      0x404 board/broadcom/bcmbca/built-in.o
 .text.mpn_invert_3by2
                0x0000000001015160      0x128 board/broadcom/bcmbca/built-in.o
                0x0000000001015160                mpn_invert_3by2
 .text.mpn_div_qr_1_invert
                0x0000000001015288       0x58 board/broadcom/bcmbca/built-in.o
 .text.mpn_div_qr_invert
                0x00000000010152e0       0xec board/broadcom/bcmbca/built-in.o
 .text.mpz_init
                0x00000000010153cc       0x10 board/broadcom/bcmbca/built-in.o
                0x00000000010153cc                mpz_init
 .text.mpz_init2
                0x00000000010153dc       0x3c board/broadcom/bcmbca/built-in.o
                0x00000000010153dc                mpz_init2
 .text.mpz_clear
                0x0000000001015418       0x24 board/broadcom/bcmbca/built-in.o
                0x0000000001015418                mpz_clear
 .text.mpz_set_ui
                0x000000000101543c       0x10 board/broadcom/bcmbca/built-in.o
                0x000000000101543c                mpz_set_ui
 .text.mpz_set_si
                0x000000000101544c       0x50 board/broadcom/bcmbca/built-in.o
                0x000000000101544c                mpz_set_si
 .text.mpz_set  0x000000000101549c       0x74 board/broadcom/bcmbca/built-in.o
                0x000000000101549c                mpz_set
 .text.mpz_init_set_ui
                0x0000000001015510       0x10 board/broadcom/bcmbca/built-in.o
                0x0000000001015510                mpz_init_set_ui
 .text.mpz_init_set
                0x0000000001015520       0x10 board/broadcom/bcmbca/built-in.o
                0x0000000001015520                mpz_init_set
 .text.mpz_get_ui
                0x0000000001015530       0x1c board/broadcom/bcmbca/built-in.o
                0x0000000001015530                mpz_get_ui
 .text.mpz_sgn  0x000000000101554c       0x14 board/broadcom/bcmbca/built-in.o
                0x000000000101554c                mpz_sgn
 .text.mpz_cmp  0x0000000001015560       0x44 board/broadcom/bcmbca/built-in.o
                0x0000000001015560                mpz_cmp
 .text.mpz_cmpabs_ui
                0x00000000010155a4       0x44 board/broadcom/bcmbca/built-in.o
                0x00000000010155a4                mpz_cmpabs_ui
 .text.mpz_cmp_ui
                0x00000000010155e8       0x14 board/broadcom/bcmbca/built-in.o
                0x00000000010155e8                mpz_cmp_ui
 .text.mpz_cmpabs
                0x00000000010155fc       0x40 board/broadcom/bcmbca/built-in.o
                0x00000000010155fc                mpz_cmpabs
 .text.mpz_abs  0x000000000101563c       0x30 board/broadcom/bcmbca/built-in.o
                0x000000000101563c                mpz_abs
 .text.mpz_neg  0x000000000101566c       0x2c board/broadcom/bcmbca/built-in.o
                0x000000000101566c                mpz_neg
 .text.mpz_swap
                0x0000000001015698       0x34 board/broadcom/bcmbca/built-in.o
                0x0000000001015698                mpz_swap
 .text.mpz_add  0x00000000010156cc       0x4c board/broadcom/bcmbca/built-in.o
                0x00000000010156cc                mpz_add
 .text.mpz_add_ui
                0x0000000001015718       0x70 board/broadcom/bcmbca/built-in.o
                0x0000000001015718                mpz_add_ui
 .text.mpz_ui_sub
                0x0000000001015788       0x34 board/broadcom/bcmbca/built-in.o
                0x0000000001015788                mpz_ui_sub
 .text.mpz_sub_ui
                0x00000000010157bc       0x34 board/broadcom/bcmbca/built-in.o
                0x00000000010157bc                mpz_sub_ui
 .text.mpz_div_q_2exp
                0x00000000010157f0      0x160 board/broadcom/bcmbca/built-in.o
 .text.mpz_sub  0x0000000001015950       0x4c board/broadcom/bcmbca/built-in.o
                0x0000000001015950                mpz_sub
 .text.mpz_div_qr
                0x000000000101599c      0x354 board/broadcom/bcmbca/built-in.o
 .text.mpz_mul  0x0000000001015cf0      0x118 board/broadcom/bcmbca/built-in.o
                0x0000000001015cf0                mpz_mul
 .text.mpz_mul_2exp
                0x0000000001015e08       0xd0 board/broadcom/bcmbca/built-in.o
                0x0000000001015e08                mpz_mul_2exp
 .text.mpz_tdiv_qr
                0x0000000001015ed8        0x8 board/broadcom/bcmbca/built-in.o
                0x0000000001015ed8                mpz_tdiv_qr
 .text.mpz_tdiv_q
                0x0000000001015ee0       0x14 board/broadcom/bcmbca/built-in.o
                0x0000000001015ee0                mpz_tdiv_q
 .text.mpz_mod  0x0000000001015ef4       0x1c board/broadcom/bcmbca/built-in.o
                0x0000000001015ef4                mpz_mod
 .text.mpz_tdiv_q_2exp
                0x0000000001015f10        0x8 board/broadcom/bcmbca/built-in.o
                0x0000000001015f10                mpz_tdiv_q_2exp
 .text.mpz_make_odd
                0x0000000001015f18       0x4c board/broadcom/bcmbca/built-in.o
 .text.mpz_pow_ui
                0x0000000001015f64       0xbc board/broadcom/bcmbca/built-in.o
                0x0000000001015f64                mpz_pow_ui
 .text.mpz_tstbit
                0x0000000001016020       0x6c board/broadcom/bcmbca/built-in.o
                0x0000000001016020                mpz_tstbit
 .text.mpz_setbit
                0x000000000101608c       0x44 board/broadcom/bcmbca/built-in.o
                0x000000000101608c                mpz_setbit
 .text.mpz_gcdext
                0x00000000010160d0      0x468 board/broadcom/bcmbca/built-in.o
                0x00000000010160d0                mpz_gcdext
 .text.mpz_invert
                0x0000000001016538      0x108 board/broadcom/bcmbca/built-in.o
                0x0000000001016538                mpz_invert
 .text.mpz_import
                0x0000000001016640      0x148 board/broadcom/bcmbca/built-in.o
                0x0000000001016640                mpz_import
 .text.mpz_export
                0x0000000001016788      0x180 board/broadcom/bcmbca/built-in.o
                0x0000000001016788                mpz_export
 .text.btn_hook_print
                0x0000000001016908        0xc board/broadcom/bcmbca/built-in.o
 .text.do_button
                0x0000000001016914      0x150 board/broadcom/bcmbca/built-in.o
 .text.read_button_event_action_params
                0x0000000001016a64      0x118 board/broadcom/bcmbca/built-in.o
 .text.register_button_event_action
                0x0000000001016b7c      0x110 board/broadcom/bcmbca/built-in.o
 .text.btn_is_gpio_btn_down
                0x0000000001016c8c       0x20 board/broadcom/bcmbca/built-in.o
 .text.insert_to_array
                0x0000000001016cac       0x64 board/broadcom/bcmbca/built-in.o
 .text.register_button_release_notify_hook
                0x0000000001016d10      0x128 board/broadcom/bcmbca/built-in.o
 .text.register_button_press_notify_hook
                0x0000000001016e38       0xa8 board/broadcom/bcmbca/built-in.o
 .text.register_button_hold_notify_hook
                0x0000000001016ee0      0x128 board/broadcom/bcmbca/built-in.o
 .text.do_button_release
                0x0000000001017008      0x164 board/broadcom/bcmbca/built-in.o
                0x0000000001017008                do_button_release
 .text.btn_poll
                0x000000000101716c      0x150 board/broadcom/bcmbca/built-in.o
                0x000000000101716c                btn_poll
 .text.btn_poll_block
                0x00000000010172bc       0x18 board/broadcom/bcmbca/built-in.o
                0x00000000010172bc                btn_poll_block
 .text.register_button_action
                0x00000000010172d4       0xfc board/broadcom/bcmbca/built-in.o
                0x00000000010172d4                register_button_action
 .text.bcmbca_button_probe
                0x00000000010173d0      0x230 board/broadcom/bcmbca/built-in.o
 .text.register_button_action_for_event
                0x0000000001017600      0x1b0 board/broadcom/bcmbca/built-in.o
                0x0000000001017600                register_button_action_for_event
 .text.bcmbca_button_init
                0x00000000010177b0       0x50 board/broadcom/bcmbca/built-in.o
                0x00000000010177b0                bcmbca_button_init
 .text.btn_hook_reset_release
                0x0000000001017800       0x14 board/broadcom/bcmbca/built-in.o
 .text.btn_hook_rst_to_dflt
                0x0000000001017814       0x1c board/broadcom/bcmbca/built-in.o
 .text.reset_button_init
                0x0000000001017830       0x84 board/broadcom/bcmbca/built-in.o
                0x0000000001017830                reset_button_init
 .text.do_go_exec
                0x00000000010178b4       0x10 cmd/built-in.o
                0x00000000010178b4                do_go_exec
 .text.do_go    0x00000000010178c4       0x88 cmd/built-in.o
 .text.do_bootm
                0x000000000101794c      0x168 cmd/built-in.o
                0x000000000101794c                do_bootm
 .text.do_bootd
                0x0000000001017ab4       0x2c cmd/built-in.o
                0x0000000001017ab4                do_bootd
 .text.image_info
                0x0000000001017ae0      0x128 cmd/built-in.o
 .text.do_iminfo
                0x0000000001017c08       0x7c cmd/built-in.o
 .text.bootm_maybe_autostart
                0x0000000001017c84       0xa0 cmd/built-in.o
                0x0000000001017c84                bootm_maybe_autostart
 .text.do_help  0x0000000001017d24       0x44 cmd/built-in.o
 .text.do_version
                0x0000000001017d68       0x6c cmd/built-in.o
 .text.blk_common_cmd
                0x0000000001017dd4      0x330 cmd/built-in.o
                0x0000000001017dd4                blk_common_cmd
 .text.source   0x0000000001018104      0x230 cmd/built-in.o
                0x0000000001018104                source
 .text.do_source
                0x0000000001018334       0xa4 cmd/built-in.o
 .text.print_num
                0x00000000010183d8       0x18 cmd/built-in.o
 .text.do_bdinfo
                0x00000000010183f0      0x104 cmd/built-in.o
 .text.do_blkcache
                0x00000000010184f4       0x84 cmd/built-in.o
 .text.blkc_configure
                0x0000000001018578       0x78 cmd/built-in.o
 .text.blkc_show
                0x00000000010185f0       0x60 cmd/built-in.o
 .text.efi_install_fdt
                0x0000000001018650      0x328 cmd/built-in.o
 .text.do_bootefi_exec
                0x0000000001018978      0x1e4 cmd/built-in.o
 .text.do_bootefi
                0x0000000001018b5c      0x200 cmd/built-in.o
 .text.efi_set_bootdev
                0x0000000001018d5c       0xd0 cmd/built-in.o
                0x0000000001018d5c                efi_set_bootdev
 .text.do_booti
                0x0000000001018e2c      0x168 cmd/built-in.o
                0x0000000001018e2c                do_booti
 .text.parse_argv
                0x0000000001018f94       0x68 cmd/built-in.o
 .text.do_icache
                0x0000000001018ffc       0x98 cmd/built-in.o
 .text.do_dcache
                0x0000000001019094       0x98 cmd/built-in.o
 .text.do_coninfo
                0x000000000101912c       0xdc cmd/built-in.o
 .text.do_dm_dump_devres
                0x0000000001019208        0x8 cmd/built-in.o
 .text.do_dm    0x0000000001019210       0x94 cmd/built-in.o
 .text.do_dm_dump_uclass
                0x00000000010192a4       0x18 cmd/built-in.o
 .text.do_dm_dump_all
                0x00000000010192bc       0x18 cmd/built-in.o
 .text.do_echo  0x00000000010192d4       0xd4 cmd/built-in.o
 .text.load_elf_image_phdr
                0x00000000010193a8      0x130 cmd/built-in.o
 .text.valid_elf_image
                0x00000000010194d8       0x58 cmd/built-in.o
                0x00000000010194d8                valid_elf_image
 .text.do_bootelf
                0x0000000001019530      0x2bc cmd/built-in.o
                0x0000000001019530                do_bootelf
 .text.do_bootvx
                0x00000000010197ec      0x360 cmd/built-in.o
                0x00000000010197ec                do_bootvx
 .text.do_exit  0x0000000001019b4c       0x40 cmd/built-in.o
 .text.do_ext4_size
                0x0000000001019b8c        0x8 cmd/built-in.o
                0x0000000001019b8c                do_ext4_size
 .text.do_ext4_load
                0x0000000001019b94        0x8 cmd/built-in.o
                0x0000000001019b94                do_ext4_load
 .text.do_ext4_ls
                0x0000000001019b9c        0x8 cmd/built-in.o
                0x0000000001019b9c                do_ext4_ls
 .text.do_ext4_write
                0x0000000001019ba4        0x8 cmd/built-in.o
                0x0000000001019ba4                do_ext4_write
 .text.do_fat_size
                0x0000000001019bac        0x8 cmd/built-in.o
                0x0000000001019bac                do_fat_size
 .text.do_fat_fsload
                0x0000000001019bb4        0x8 cmd/built-in.o
                0x0000000001019bb4                do_fat_fsload
 .text.do_fat_ls
                0x0000000001019bbc        0x8 cmd/built-in.o
 .text.do_fat_fsinfo
                0x0000000001019bc4       0xc0 cmd/built-in.o
 .text.do_fat_fswrite
                0x0000000001019c84      0x174 cmd/built-in.o
 .text.do_fat_rm
                0x0000000001019df8        0x8 cmd/built-in.o
 .text.do_fat_mkdir
                0x0000000001019e00        0x8 cmd/built-in.o
 .text.fdt_valid
                0x0000000001019e08       0xcc cmd/built-in.o
 .text.is_printable_string
                0x0000000001019ed4       0x84 cmd/built-in.o
 .text.print_data.part.0
                0x0000000001019f58      0x1b4 cmd/built-in.o
 .text.set_working_fdt_addr
                0x000000000101a10c       0x18 cmd/built-in.o
                0x000000000101a10c                set_working_fdt_addr
 .text.do_fdt   0x000000000101a124     0x10bc cmd/built-in.o
 .text.do_size_wrapper
                0x000000000101b1e0        0x8 cmd/built-in.o
 .text.do_load_wrapper
                0x000000000101b1e8        0x8 cmd/built-in.o
 .text.do_save_wrapper
                0x000000000101b1f0        0x8 cmd/built-in.o
 .text.do_ls_wrapper
                0x000000000101b1f8        0x8 cmd/built-in.o
 .text.do_ln_wrapper
                0x000000000101b200        0x8 cmd/built-in.o
 .text.do_fstype_wrapper
                0x000000000101b208        0x4 cmd/built-in.o
 .text.gpio_get_description
                0x000000000101b20c      0x104 cmd/built-in.o
 .text.do_gpio  0x000000000101b310      0x3b0 cmd/built-in.o
 .text.do_hash  0x000000000101b6c0       0xa8 cmd/built-in.o
 .text.evalexp  0x000000000101b768       0x94 cmd/built-in.o
 .text.evalstr  0x000000000101b7fc       0x5c cmd/built-in.o
 .text.binary_test
                0x000000000101b858      0x198 cmd/built-in.o
 .text.do_itest
                0x000000000101b9f0       0x8c cmd/built-in.o
 .text.show_led_state
                0x000000000101ba7c       0x50 cmd/built-in.o
 .text.get_led_cmd
                0x000000000101bacc       0x70 cmd/built-in.o
                0x000000000101bacc                get_led_cmd
 .text.do_led   0x000000000101bb3c      0x1d8 cmd/built-in.o
                0x000000000101bb3c                do_led
 .text.bin_data_init
                0x000000000101bd14       0x1c cmd/built-in.o
 .text.k_data_save
                0x000000000101bd30       0x34 cmd/built-in.o
 .text.k_data_restore
                0x000000000101bd64       0x34 cmd/built-in.o
 .text.getcxmodem
                0x000000000101bd98       0x24 cmd/built-in.o
 .text.bin_data_char
                0x000000000101bdbc       0x28 cmd/built-in.o
 .text.chk1.constprop.0
                0x000000000101bde4       0x34 cmd/built-in.o
 .text.s1_sendpacket.constprop.0
                0x000000000101be18       0x5c cmd/built-in.o
 .text.load_serial
                0x000000000101be74      0x200 cmd/built-in.o
 .text.do_load_serial
                0x000000000101c074       0xe0 cmd/built-in.o
 .text.load_serial_ymodem.isra.0
                0x000000000101c154      0x118 cmd/built-in.o
 .text.do_load_serial_bin
                0x000000000101c26c      0x79c cmd/built-in.o
 .text.do_mem_md
                0x000000000101ca08       0xf4 cmd/built-in.o
 .text.do_mem_base
                0x000000000101cafc       0x4c cmd/built-in.o
 .text.do_mem_crc
                0x000000000101cb48       0x30 cmd/built-in.o
 .text.do_mem_loop
                0x000000000101cb78      0x128 cmd/built-in.o
 .text.mod_mem.part.0
                0x000000000101cca0      0x1e0 cmd/built-in.o
 .text.do_mem_mm
                0x000000000101ce80       0x1c cmd/built-in.o
 .text.do_mem_nm
                0x000000000101ce9c       0x1c cmd/built-in.o
 .text.do_mem_mw
                0x000000000101ceb8      0x108 cmd/built-in.o
 .text.do_mem_cp
                0x000000000101cfc0       0xc0 cmd/built-in.o
 .text.do_mem_cmp
                0x000000000101d080      0x1c8 cmd/built-in.o
 .text.do_sleep
                0x000000000101d248       0xe8 cmd/built-in.o
 .text.do_mmcops
                0x000000000101d330       0xe8 cmd/built-in.o
 .text.do_mmc_setdsr
                0x000000000101d418       0xbc cmd/built-in.o
 .text.init_mmc_device
                0x000000000101d4d4       0x84 cmd/built-in.o
 .text.do_mmc_rst_func
                0x000000000101d558       0xa8 cmd/built-in.o
 .text.do_mmc_rescan
                0x000000000101d600       0x28 cmd/built-in.o
 .text.do_mmc_bootbus
                0x000000000101d628       0xc8 cmd/built-in.o
 .text.do_mmc_hwpartition
                0x000000000101d6f0      0x51c cmd/built-in.o
 .text.do_mmc_list
                0x000000000101dc0c       0x1c cmd/built-in.o
 .text.do_mmc_dev
                0x000000000101dc28      0x14c cmd/built-in.o
 .text.do_mmcinfo
                0x000000000101dd74      0x3b4 cmd/built-in.o
 .text.do_mmc_boot_resize
                0x000000000101e128       0xe0 cmd/built-in.o
 .text.do_mmc_part
                0x000000000101e208       0x64 cmd/built-in.o
 .text.do_mmc_erase
                0x000000000101e26c      0x104 cmd/built-in.o
 .text.do_mmc_write
                0x000000000101e370      0x124 cmd/built-in.o
 .text.do_mmc_read
                0x000000000101e494       0xfc cmd/built-in.o
 .text.do_mmc_partconf
                0x000000000101e590      0x110 cmd/built-in.o
 .text.complete_mtd
                0x000000000101e6a0       0x24 cmd/built-in.o
 .text.mtd_dump_buf
                0x000000000101e6c4       0xd0 cmd/built-in.o
 .text.mtd_show_parts
                0x000000000101e794       0xa4 cmd/built-in.o
 .text.get_mtd_by_name
                0x000000000101e838       0x50 cmd/built-in.o
 .text.do_mtd_erase
                0x000000000101e888      0x1e8 cmd/built-in.o
 .text.do_mtd_list
                0x000000000101ea70      0x21c cmd/built-in.o
 .text.mtd_name_complete
                0x000000000101ec8c      0x110 cmd/built-in.o
 .text.do_mtd_io
                0x000000000101ed9c      0x604 cmd/built-in.o
 .text.do_mtd   0x000000000101f3a0       0xb4 cmd/built-in.o
 .text.do_mtd_bad
                0x000000000101f454       0xc0 cmd/built-in.o
 .text.part_delall
                0x000000000101f514       0x4c cmd/built-in.o
 .text.memsize_parse
                0x000000000101f560       0x70 cmd/built-in.o
 .text.env_get_mtdparts
                0x000000000101f5d0       0x4c cmd/built-in.o
 .text.memsize_format
                0x000000000101f61c       0x58 cmd/built-in.o
 .text.generate_mtdparts_save.constprop.0
                0x000000000101f674      0x2bc cmd/built-in.o
 .text.device_delall.constprop.0
                0x000000000101f930       0x6c cmd/built-in.o
 .text.get_mtd_info.constprop.0
                0x000000000101f99c       0xd4 cmd/built-in.o
 .text.part_validate
                0x000000000101fa70      0x30c cmd/built-in.o
 .text.mtd_part_info
                0x000000000101fd7c       0xb8 cmd/built-in.o
 .text.index_partitions
                0x000000000101fe34       0xc8 cmd/built-in.o
 .text.current_save
                0x000000000101fefc       0xf4 cmd/built-in.o
 .text.mtd_devices_init
                0x000000000101fff0       0x24 cmd/built-in.o
 .text.device_del
                0x0000000001020014       0x84 cmd/built-in.o
 .text.part_sort_add
                0x0000000001020098      0x124 cmd/built-in.o
 .text.device_find
                0x00000000010201bc       0x4c cmd/built-in.o
                0x00000000010201bc                device_find
 .text.device_parse
                0x0000000001020208      0x46c cmd/built-in.o
 .text.mtd_id_parse
                0x0000000001020674      0x170 cmd/built-in.o
                0x0000000001020674                mtd_id_parse
 .text.find_dev_and_part
                0x00000000010207e4      0x1fc cmd/built-in.o
                0x00000000010207e4                find_dev_and_part
 .text.mtdparts_init
                0x00000000010209e0      0x69c cmd/built-in.o
                0x00000000010209e0                mtdparts_init
 .text.do_chpart
                0x000000000102107c      0x10c cmd/built-in.o
 .text.do_mtdparts
                0x0000000001021188      0x600 cmd/built-in.o
 .text.netboot_common
                0x0000000001021788      0x2e8 cmd/built-in.o
 .text.do_bootp
                0x0000000001021a70        0xc cmd/built-in.o
 .text.do_dhcp  0x0000000001021a7c        0xc cmd/built-in.o
 .text.do_nfs   0x0000000001021a88        0xc cmd/built-in.o
 .text.do_tftpb
                0x0000000001021a94       0x58 cmd/built-in.o
                0x0000000001021a94                do_tftpb
 .text.do_link_local
                0x0000000001021aec       0xc8 cmd/built-in.o
 .text.do_ping  0x0000000001021bb4       0x7c cmd/built-in.o
 .text.efi_dump_single_var
                0x0000000001021c30      0x188 cmd/built-in.o
 .text.do_env_print_efi
                0x0000000001021db8      0x1dc cmd/built-in.o
                0x0000000001021db8                do_env_print_efi
 .text.do_env_set_efi
                0x0000000001021f94      0x454 cmd/built-in.o
                0x0000000001021f94                do_env_set_efi
 .text.do_part_list
                0x00000000010223e8      0x1b4 cmd/built-in.o
 .text.do_part_info
                0x000000000102259c      0x134 cmd/built-in.o
 .text.do_part  0x00000000010226d0      0x184 cmd/built-in.o
 .text.do_pinmux
                0x0000000001022854       0x80 cmd/built-in.o
 .text.do_list  0x00000000010228d4       0xcc cmd/built-in.o
 .text.show_pinmux
                0x00000000010229a0      0x118 cmd/built-in.o
 .text.do_status
                0x0000000001022ab8      0x144 cmd/built-in.o
 .text.do_dev   0x0000000001022bfc       0x90 cmd/built-in.o
 .text.do_rng   0x0000000001022c8c      0x110 cmd/built-in.o
 .text.show_time
                0x0000000001022d9c       0x4c cmd/built-in.o
 .text.spi_test_next_stage
                0x0000000001022de8       0x50 cmd/built-in.o
 .text.bytes_per_second
                0x0000000001022e38       0x4c cmd/built-in.o
 .text.do_spi_flash
                0x0000000001022e84      0xb08 cmd/built-in.o
 .text.substitute
                0x000000000102398c      0x118 cmd/built-in.o
 .text.get_arg  0x0000000001023aa4       0x70 cmd/built-in.o
 .text.regex_sub.part.0
                0x0000000001023b14      0x2f0 cmd/built-in.o
 .text.do_setexpr
                0x0000000001023e04      0x1a4 cmd/built-in.o
 .text.do_spi   0x0000000001023fa8      0x2cc cmd/built-in.o
                0x0000000001023fa8                do_spi
 .text.do_false
                0x0000000001024274        0x8 cmd/built-in.o
 .text.do_true  0x000000000102427c        0x8 cmd/built-in.o
 .text.do_test  0x0000000001024284      0x360 cmd/built-in.o
 .text.complete_wdt
                0x00000000010245e4       0x24 cmd/built-in.o
 .text.check_currdev
                0x0000000001024608       0x34 cmd/built-in.o
 .text.do_wdt_list
                0x000000000102463c       0xb0 cmd/built-in.o
 .text.do_wdt   0x00000000010246ec       0xb4 cmd/built-in.o
 .text.do_wdt_expire
                0x00000000010247a0       0x88 cmd/built-in.o
 .text.do_wdt_reset
                0x0000000001024828       0x54 cmd/built-in.o
 .text.do_wdt_stop
                0x000000000102487c       0x54 cmd/built-in.o
 .text.do_wdt_start
                0x00000000010248d0       0xb8 cmd/built-in.o
 .text.do_wdt_dev
                0x0000000001024988       0x80 cmd/built-in.o
 .text.usb_get_class_desc
                0x0000000001024a08       0xac cmd/built-in.o
 .text.usb_display_class_sub
                0x0000000001024ab4      0x18c cmd/built-in.o
 .text.usb_display_desc
                0x0000000001024c40      0x14c cmd/built-in.o
 .text.usb_show_tree_graph
                0x0000000001024d8c      0x25c cmd/built-in.o
 .text.usb_show_subtree
                0x0000000001024fe8       0x60 cmd/built-in.o
 .text.usb_for_each_root_dev
                0x0000000001025048       0x94 cmd/built-in.o
 .text.usb_display_string
                0x00000000010250dc       0x74 cmd/built-in.o
 .text.usb_display_config
                0x0000000001025150      0x254 cmd/built-in.o
 .text.usb_show_info
                0x00000000010253a4       0xa4 cmd/built-in.o
 .text.usb_find_device
                0x0000000001025448       0xdc cmd/built-in.o
 .text.do_usbboot
                0x0000000001025524        0xc cmd/built-in.o
 .text.do_usb_start
                0x0000000001025530       0x30 cmd/built-in.o
 .text.usb_show_tree
                0x0000000001025560        0xc cmd/built-in.o
                0x0000000001025560                usb_show_tree
 .text.do_usb   0x000000000102556c      0x3ec cmd/built-in.o
 .text.common_diskboot
                0x0000000001025958      0x2cc cmd/built-in.o
                0x0000000001025958                common_diskboot
 .text.do_imgextract
                0x0000000001025c24      0x418 cmd/built-in.o
 .text.del_gpt_info
                0x000000000102603c       0x48 cmd/built-in.o
 .text.extract_val
                0x0000000001026084       0xcc cmd/built-in.o
 .text.calc_parts_list_len
                0x0000000001026150       0xa4 cmd/built-in.o
 .text.extract_env
                0x00000000010261f4      0x124 cmd/built-in.o
 .text.get_gpt_info
                0x0000000001026318      0x14c cmd/built-in.o
 .text.create_gpt_partitions_list.constprop.0
                0x0000000001026464      0x16c cmd/built-in.o
 .text.set_gpt_info
                0x00000000010265d0      0x490 cmd/built-in.o
 .text.print_gpt_info
                0x0000000001026a60      0x120 cmd/built-in.o
 .text.do_gpt   0x0000000001026b80      0x734 cmd/built-in.o
 .text.do_env_delete
                0x00000000010272b4       0xc4 cmd/built-in.o
 .text._do_env_set
                0x0000000001027378      0x244 cmd/built-in.o
 .text.do_env_set
                0x00000000010275bc       0x24 cmd/built-in.o
 .text.do_env_save
                0x00000000010275e0       0x1c cmd/built-in.o
 .text.do_env   0x00000000010275fc       0x84 cmd/built-in.o
 .text.env_print
                0x0000000001027680       0xf4 cmd/built-in.o
 .text.do_env_print
                0x0000000001027774      0x104 cmd/built-in.o
 .text.do_env_import
                0x0000000001027878      0x2b8 cmd/built-in.o
 .text.do_env_default
                0x0000000001027b30       0x98 cmd/built-in.o
 .text.do_env_exists
                0x0000000001027bc8       0x8c cmd/built-in.o
 .text.get_env_id
                0x0000000001027c54        0xc cmd/built-in.o
                0x0000000001027c54                get_env_id
 .text.env_set  0x0000000001027c60       0x84 cmd/built-in.o
                0x0000000001027c60                env_set
 .text.env_set_ulong
                0x0000000001027ce4       0x2c cmd/built-in.o
                0x0000000001027ce4                env_set_ulong
 .text.env_set_hex
                0x0000000001027d10       0x68 cmd/built-in.o
                0x0000000001027d10                env_set_hex
 .text.do_env_export
                0x0000000001027d78      0x274 cmd/built-in.o
 .text.eth_parse_enetaddr
                0x0000000001027fec       0x9c cmd/built-in.o
                0x0000000001027fec                eth_parse_enetaddr
 .text.envmatch
                0x0000000001028088       0x7c cmd/built-in.o
                0x0000000001028088                envmatch
 .text.env_get_f
                0x0000000001028104      0x100 cmd/built-in.o
                0x0000000001028104                env_get_f
 .text.env_get  0x0000000001028204       0xac cmd/built-in.o
                0x0000000001028204                env_get
 .text.env_get_hex
                0x00000000010282b0       0x70 cmd/built-in.o
                0x00000000010282b0                env_get_hex
 .text.eth_env_get_enetaddr
                0x0000000001028320       0x68 cmd/built-in.o
                0x0000000001028320                eth_env_get_enetaddr
 .text.eth_env_set_enetaddr
                0x0000000001028388       0x80 cmd/built-in.o
                0x0000000001028388                eth_env_set_enetaddr
 .text.env_get_ulong
                0x0000000001028408       0x40 cmd/built-in.o
                0x0000000001028408                env_get_ulong
 .text.do_env_edit.part.0
                0x0000000001028448       0xe4 cmd/built-in.o
 .text.do_env_edit
                0x000000000102852c       0x28 cmd/built-in.o
 .text.board_init_f_alloc_reserve
                0x0000000001028554       0x10 common/built-in.o
                0x0000000001028554                board_init_f_alloc_reserve
 .text.board_init_f_init_reserve
                0x0000000001028564       0x30 common/built-in.o
                0x0000000001028564                board_init_f_init_reserve
 .text.show_boot_progress
                0x0000000001028594        0x8 common/built-in.o
                0x0000000001028594                show_boot_progress
 .text.main_loop
                0x000000000102859c       0x68 common/built-in.o
                0x000000000102859c                main_loop
 .text.mdelay   0x0000000001028604        0xc common/built-in.o
 .text.dummy    0x0000000001028610        0x4 common/built-in.o
 .text.get_version